01-03 17:10:21.473   795  6420 D DroidOS_PathKeys:   'advance': path=a-s-k-e matched=1/4 unmatched=3 penalty=12.00
01-03 17:10:21.473   795  6420 D DroidOS_PathKeys:   'allowed': path=a-s-k-e matched=1/4 unmatched=3 penalty=12.00
01-03 17:10:21.473   795  6420 D DroidOS_PathKeys:   'automotive': path=a-s-k-e matched=1/4 unmatched=3 penalty=12.00
01-03 17:10:21.474   795  6420 D DroidOS_PathKeys:   'architecture': path=a-s-k-e matched=1/4 unmatched=3 penalty=12.50
01-03 17:10:21.474   795  6420 D DroidOS_PathKeys:   'alone': path=a-s-k-e matched=1/4 unmatched=3 penalty=12.00
01-03 17:10:21.474   795  6420 D DroidOS_PathKeys:   'administrative': path=a-s-k-e matched=2/4 unmatched=2 penalty=10.50
01-03 17:10:21.474   795  6420 D DroidOS_PathKeys:   'affiliate': path=a-s-k-e matched=1/4 unmatched=3 penalty=12.00
01-03 17:10:21.474   795  6420 D DroidOS_PathKeys:   'acceptance': path=a-s-k-e matched=1/4 unmatched=3 penalty=12.00
01-03 17:10:21.474   795  6420 D DroidOS_PathKeys:   'avoid': path=a-s-k-e matched=1/4 unmatched=3 penalty=12.00
01-03 17:10:21.474   795  6420 D DroidOS_PathKeys:   'abuse': path=a-s-k-e matched=2/4 unmatched=2 penalty=10.00
01-03 17:10:21.474   795  6420 D DroidOS_PathKeys:   'avenue': path=a-s-k-e matched=1/4 unmatched=3 penalty=12.00
01-03 17:10:21.475   795  6420 D DroidOS_PathKeys:   'adventure': path=a-s-k-e matched=1/4 unmatched=3 penalty=12.00
01-03 17:10:21.475   795  6420 D DroidOS_PathKeys:   'ave': path=a-s-k-e matched=1/4 unmatched=3 penalty=12.00
01-03 17:10:21.475   795  6420 D DroidOS_PathKeys:   'applicable': path=a-s-k-e matched=1/4 unmatched=3 penalty=12.00
01-03 17:10:21.475   795  6420 D DroidOS_PathKeys:   'advantage': path=a-s-k-e matched=1/4 unmatched=3 penalty=12.00
01-03 17:10:21.475   795  6420 D DroidOS_PathKeys:   'associate': path=a-s-k-e matched=2/4 unmatched=2 penalty=6.00
01-03 17:10:21.475   795  6420 D DroidOS_PathKeys:   'anime': path=a-s-k-e matched=1/4 unmatched=3 penalty=12.00
01-03 17:10:21.475   795  6420 D DroidOS_PathKeys:   'acid': path=a-s-k-e matched=1/4 unmatched=3 penalty=12.00
01-03 17:10:21.475   795  6420 D DroidOS_PathKeys:   'agriculture': path=a-s-k-e matched=1/4 unmatched=3 penalty=12.50
01-03 17:10:21.476   795  6420 D DroidOS_PathKeys:   'announced': path=a-s-k-e matched=1/4 unmatched=3 penalty=12.00
01-03 17:10:21.476   795  6420 D DroidOS_PathKeys:   'agreed': path=a-s-k-e matched=1/4 unmatched=3 penalty=12.00
01-03 17:10:21.476   795  6420 D DroidOS_PathKeys:   'ahead': path=a-s-k-e matched=1/4 unmatched=3 penalty=12.00
01-03 17:10:21.476   795  6420 D DroidOS_PathKeys:   'adobe': path=a-s-k-e matched=1/4 unmatched=3 penalty=12.00
01-03 17:10:21.476   795  6420 D DroidOS_PathKeys:   'achieve': path=a-s-k-e matched=1/4 unmatched=3 penalty=12.00
01-03 17:10:21.476   795  6420 D DroidOS_PathKeys:   'accordance': path=a-s-k-e matched=1/4 unmatched=3 penalty=12.00
01-03 17:10:21.476   795  6420 D DroidOS_PathKeys:   'accurate': path=a-s-k-e matched=1/4 unmatched=3 penalty=12.00
01-03 17:10:21.476   795  6420 D DroidOS_PathKeys:   'audience': path=a-s-k-e matched=1/4 unmatched=3 penalty=12.00
01-03 17:10:21.477   795  6420 D DroidOS_PathKeys:   'assigned': path=a-s-k-e matched=2/4 unmatched=2 penalty=6.00
01-03 17:10:21.477   795  6420 D DroidOS_PathKeys:   'affected': path=a-s-k-e matched=1/4 unmatched=3 penalty=12.00
01-03 17:10:21.477   795  6420 D DroidOS_PathKeys:   'anywhere': path=a-s-k-e matched=1/4 unmatched=3 penalty=12.00
01-03 17:10:21.477   795  6420 D DroidOS_PathKeys:   'attached': path=a-s-k-e matched=1/4 unmatched=3 penalty=12.00
01-03 17:10:21.477   795  6420 D DroidOS_PathKeys:   'authorized': path=a-s-k-e matched=1/4 unmatched=3 penalty=12.00
01-03 17:10:21.478   795  6420 D DroidOS_PathKeys:   'adopted': path=a-s-k-e matched=1/4 unmatched=3 penalty=12.00
01-03 17:10:21.478   795  6420 D DroidOS_PathKeys:   'assume': path=a-s-k-e matched=2/4 unmatched=2 penalty=6.00
01-03 17:10:21.478   795  6420 D DroidOS_PathKeys:   'alliance': path=a-s-k-e matched=1/4 unmatched=3 penalty=12.00
01-03 17:10:21.478   795  6420 D DroidOS_PathKeys:   'affordable': path=a-s-k-e matched=1/4 unmatched=3 penalty=12.00
01-03 17:10:21.478   795  6420 D DroidOS_PathKeys:   'attend': path=a-s-k-e matched=1/4 unmatched=3 penalty=12.00
01-03 17:10:21.478   795  6420 D DroidOS_PathKeys:   'accessible': path=a-s-k-e matched=2/4 unmatched=2 penalty=10.00
01-03 17:10:21.478   795  6420 D DroidOS_PathKeys:   'airline': path=a-s-k-e matched=1/4 unmatched=3 penalty=12.00
01-03 17:10:21.478   795  6420 D DroidOS_PathKeys:   'anne': path=a-s-k-e matched=1/4 unmatched=3 penalty=12.00
01-03 17:10:21.479   795  6420 D DroidOS_PathKeys:   'antique': path=a-s-k-e matched=1/4 unmatched=3 penalty=12.00
01-03 17:10:21.479   795  6420 D DroidOS_PathKeys:   'amended': path=a-s-k-e matched=1/4 unmatched=3 penalty=12.00
01-03 17:10:21.479   795  6420 D DroidOS_PathKeys:   'aged': path=a-s-k-e matched=1/4 unmatched=3 penalty=12.00
01-03 17:10:21.479   795  6420 D DroidOS_PathKeys:   'appointed': path=a-s-k-e matched=1/4 unmatched=3 penalty=12.00
01-03 17:10:21.479   795  6420 D DroidOS_PathKeys:   'achieved': path=a-s-k-e matched=1/4 unmatched=3 penalty=12.00
01-03 17:10:21.479   795  6420 D DroidOS_PathKeys:   'appeared': path=a-s-k-e matched=1/4 unmatched=3 penalty=12.00
01-03 17:10:21.479   795  6420 D DroidOS_PathKeys:   'angle': path=a-s-k-e matched=1/4 unmatched=3 penalty=12.00
01-03 17:10:21.479   795  6420 D DroidOS_PathKeys:   'appearance': path=a-s-k-e matched=1/4 unmatched=3 penalty=12.00
01-03 17:10:21.479   795  6420 D DroidOS_PathKeys:   'apache': path=a-s-k-e matched=1/4 unmatched=3 penalty=12.00
01-03 17:10:21.479   795  6420 D DroidOS_PathKeys:   'allocated': path=a-s-k-e matched=1/4 unmatched=3 penalty=12.00
01-03 17:10:21.480   795  6420 D DroidOS_PathKeys:   'absolute': path=a-s-k-e matched=2/4 unmatched=2 penalty=10.00
01-03 17:10:21.480   795  6420 D DroidOS_PathKeys:   'anytime': path=a-s-k-e matched=1/4 unmatched=3 penalty=12.00
01-03 17:10:21.480   795  6420 D DroidOS_PathKeys:   'addressed': path=a-s-k-e matched=2/4 unmatched=2 penalty=10.00
01-03 17:10:21.480   795  6420 D DroidOS_PathKeys:   'alive': path=a-s-k-e matched=1/4 unmatched=3 penalty=12.00
01-03 17:10:21.480   795  6420 D DroidOS_PathKeys:   'attribute': path=a-s-k-e matched=1/4 unmatched=3 penalty=12.00
01-03 17:10:21.481   795  6420 D DroidOS_PathKeys:   'arcade': path=a-s-k-e matched=1/4 unmatched=3 penalty=12.00
01-03 17:10:21.481   795  6420 D DroidOS_PathKeys:   'awarded': path=a-s-k-e matched=1/4 unmatched=3 penalty=12.00
01-03 17:10:21.481   795  6420 D DroidOS_PathKeys:   'awesome': path=a-s-k-e matched=2/4 unmatched=2 penalty=10.00
01-03 17:10:21.481   795  6420 D DroidOS_PathKeys:   'arrived': path=a-s-k-e matched=1/4 unmatched=3 penalty=12.00
01-03 17:10:21.481   795  6420 D DroidOS_PathKeys:   'adequate': path=a-s-k-e matched=1/4 unmatched=3 penalty=12.00
01-03 17:10:21.481   795  6420 D DroidOS_PathKeys:   'abroad': path=a-s-k-e matched=1/4 unmatched=3 penalty=12.00
01-03 17:10:21.482   795  6420 D DroidOS_PathKeys:   'atmosphere': path=a-s-k-e matched=2/4 unmatched=2 penalty=10.00
01-03 17:10:21.482   795  6420 D DroidOS_PathKeys:   'absence': path=a-s-k-e matched=2/4 unmatched=2 penalty=10.00
01-03 17:10:21.482   795  6420 D DroidOS_PathKeys:   'acceptable': path=a-s-k-e matched=1/4 unmatched=3 penalty=12.00
01-03 17:10:21.482   795  6420 D DroidOS_PathKeys:   'attendance': path=a-s-k-e matched=1/4 unmatched=3 penalty=12.00
01-03 17:10:21.482   795  6420 D DroidOS_PathKeys:   'appreciate': path=a-s-k-e matched=1/4 unmatched=3 penalty=12.00
01-03 17:10:21.482   795  6420 D DroidOS_PathKeys:   'armed': path=a-s-k-e matched=1/4 unmatched=3 penalty=12.00
01-03 17:10:21.482   795  6420 D DroidOS_PathKeys:   'aud': path=a-s-k-e matched=1/4 unmatched=3 penalty=12.00
01-03 17:10:21.482   795  6420 D DroidOS_PathKeys:   'amd': path=a-s-k-e matched=1/4 unmatched=3 penalty=12.00
01-03 17:10:21.482   795  6420 D DroidOS_PathKeys:   'alternate': path=a-s-k-e matched=1/4 unmatched=3 penalty=12.00
01-03 17:10:21.483   795  6420 D DroidOS_PathKeys:   'automated': path=a-s-k-e matched=1/4 unmatched=3 penalty=12.00
01-03 17:10:21.483   795  6420 D DroidOS_PathKeys:   'acquired': path=a-s-k-e matched=1/4 unmatched=3 penalty=12.00
01-03 17:10:21.483   795  6420 D DroidOS_PathKeys:   'answered': path=a-s-k-e matched=2/4 unmatched=2 penalty=10.00
01-03 17:10:21.483   795  6420 D DroidOS_PathKeys:   'animated': path=a-s-k-e matched=1/4 unmatched=3 penalty=12.00
01-03 17:10:21.483   795  6420 D DroidOS_PathKeys:   'attitude': path=a-s-k-e matched=1/4 unmatched=3 penalty=12.00
01-03 17:10:21.483   795  6420 D DroidOS_PathKeys:   'attended': path=a-s-k-e matched=1/4 unmatched=3 penalty=12.00
01-03 17:10:21.483   795  6420 D DroidOS_PathKeys:   'assumed': path=a-s-k-e matched=2/4 unmatched=2 penalty=6.00
01-03 17:10:21.483   795  6420 D DroidOS_PathKeys:   'alice': path=a-s-k-e matched=1/4 unmatched=3 penalty=12.00
01-03 17:10:21.483   795  6420 D DroidOS_PathKeys:   'assurance': path=a-s-k-e matched=2/4 unmatched=2 penalty=6.00
01-03 17:10:21.483   795  6420 D DroidOS_PathKeys:   'attractive': path=a-s-k-e matched=1/4 unmatched=3 penalty=12.00
01-03 17:10:21.483   795  6420 D DroidOS_PathKeys:   'arrive': path=a-s-k-e matched=1/4 unmatched=3 penalty=12.00
01-03 17:10:21.483   795  6420 D DroidOS_PathKeys:   'aside': path=a-s-k-e matched=2/4 unmatched=2 penalty=6.00
01-03 17:10:21.483   795  6420 D DroidOS_PathKeys:   'adjustable': path=a-s-k-e matched=2/4 unmatched=2 penalty=10.00
01-03 17:10:21.483   795  6420 D DroidOS_PathKeys:   'announce': path=a-s-k-e matched=1/4 unmatched=3 penalty=12.00
01-03 17:10:21.483   795  6420 D DroidOS_PathKeys:   'adverse': path=a-s-k-e matched=2/4 unmatched=2 penalty=10.00
01-03 17:10:21.484   795  6420 D DroidOS_PathKeys:   'acute': path=a-s-k-e matched=1/4 unmatched=3 penalty=12.00
01-03 17:10:21.484   795  6420 D DroidOS_PathKeys:   'archived': path=a-s-k-e matched=1/4 unmatched=3 penalty=12.00
01-03 17:10:21.484   795  6420 D DroidOS_PathKeys:   'automobile': path=a-s-k-e matched=1/4 unmatched=3 penalty=12.00
01-03 17:10:21.484   795  6420 D DroidOS_PathKeys:   'afraid': path=a-s-k-e matched=1/4 unmatched=3 penalty=12.00
01-03 17:10:21.484   795  6420 D DroidOS_PathKeys:   'adjusted': path=a-s-k-e matched=2/4 unmatched=2 penalty=10.00
01-03 17:10:21.484   795  6420 D DroidOS_PathKeys:   'affiliated': path=a-s-k-e matched=1/4 unmatched=3 penalty=12.00
01-03 17:10:21.484   795  6420 D DroidOS_PathKeys:   'anymore': path=a-s-k-e matched=1/4 unmatched=3 penalty=12.00
01-03 17:10:21.484   795  6420 D DroidOS_PathKeys:   'afford': path=a-s-k-e matched=1/4 unmatched=3 penalty=12.00
01-03 17:10:21.484   795  6420 D DroidOS_PathKeys:   'aimed': path=a-s-k-e matched=1/4 unmatched=3 penalty=12.00
01-03 17:10:21.484   795  6420 D DroidOS_PathKeys:   'arranged': path=a-s-k-e matched=1/4 unmatched=3 penalty=12.00
01-03 17:10:21.484   795  6420 D DroidOS_PathKeys:   'advised': path=a-s-k-e matched=2/4 unmatched=2 penalty=10.00
01-03 17:10:21.484   795  6420 D DroidOS_PathKeys:   'assisted': path=a-s-k-e matched=2/4 unmatched=2 penalty=6.00
01-03 17:10:21.484   795  6420 D DroidOS_PathKeys:   'approve': path=a-s-k-e matched=1/4 unmatched=3 penalty=12.00
01-03 17:10:21.485   795  6420 D DroidOS_PathKeys:   'arrested': path=a-s-k-e matched=2/4 unmatched=2 penalty=10.00
01-03 17:10:21.485   795  6420 D DroidOS_PathKeys:   'accredited': path=a-s-k-e matched=1/4 unmatched=3 penalty=12.00
01-03 17:10:21.485   795  6420 D DroidOS_PathKeys:   'appliance': path=a-s-k-e matched=1/4 unmatched=3 penalty=12.00
01-03 17:10:21.485   795  6420 D DroidOS_PathKeys:   'accessed': path=a-s-k-e matched=2/4 unmatched=2 penalty=10.00
01-03 17:10:21.485   795  6420 D DroidOS_PathKeys:   'acquire': path=a-s-k-e matched=1/4 unmatched=3 penalty=12.00
01-03 17:10:21.485   795  6420 D DroidOS_PathKeys:   'admitted': path=a-s-k-e matched=1/4 unmatched=3 penalty=12.00
01-03 17:10:21.485   795  6420 D DroidOS_PathKeys:   'analyze': path=a-s-k-e matched=1/4 unmatched=3 penalty=12.00
01-03 17:10:21.485   795  6420 D DroidOS_PathKeys:   'accused': path=a-s-k-e matched=2/4 unmatched=2 penalty=10.00
01-03 17:10:21.485   795  6420 D DroidOS_PathKeys:   'arnold': path=a-s-k-e matched=1/4 unmatched=3 penalty=12.00
01-03 17:10:21.485   795  6420 D DroidOS_PathKeys:   'alleged': path=a-s-k-e matched=1/4 unmatched=3 penalty=12.00
01-03 17:10:21.485   795  6420 D DroidOS_PathKeys:   'aggregate': path=a-s-k-e matched=1/4 unmatched=3 penalty=12.00
01-03 17:10:21.485   795  6420 D DroidOS_PathKeys:   'ampland': path=a-s-k-e matched=1/4 unmatched=3 penalty=12.00
01-03 17:10:21.485   795  6420 D DroidOS_PathKeys:   'argue': path=a-s-k-e matched=1/4 unmatched=3 penalty=12.00
01-03 17:10:21.485   795  6420 D DroidOS_PathKeys:   'arise': path=a-s-k-e matched=2/4 unmatched=2 penalty=10.00
01-03 17:10:21.485   795  6420 D DroidOS_PathKeys:   'advise': path=a-s-k-e matched=2/4 unmatched=2 penalty=10.00
01-03 17:10:21.486   795  6420 D DroidOS_PathKeys:   'accompanied': path=a-s-k-e matched=1/4 unmatched=3 penalty=12.50
01-03 17:10:21.486   795  6420 D DroidOS_PathKeys:   'assure': path=a-s-k-e matched=2/4 unmatched=2 penalty=6.00
01-03 17:10:21.486   795  6420 D DroidOS_PathKeys:   'auckland': path=a-s-k-e matched=1/4 unmatched=3 penalty=12.00
01-03 17:10:22.947   795  6461 D DroidOS_PathKeys: Extracted: a from 64 pts (Sharp turns only)
01-03 17:10:22.947   795  6461 D DroidOS_Preview: PREVIEW Keys: a
01-03 17:10:22.952   795  6461 D DroidOS_PathKeys:   'aa': path=a matched=1/1 unmatched=0 penalty=0.00
01-03 17:10:23.107   795  6462 D DroidOS_PathKeys: Extracted: a→w from 64 pts (Sharp turns only)
01-03 17:10:23.107   795  6462 D DroidOS_Preview: PREVIEW Keys: a→w
01-03 17:10:23.109   795  6462 D DroidOS_PathKeys:   'aww': path=a-w matched=2/2 unmatched=0 penalty=0.00
01-03 17:10:23.109   795  6462 D DroidOS_PathKeys:   'aw': path=a-w matched=2/2 unmatched=0 penalty=0.00
01-03 17:10:23.264   795  6463 D DroidOS_PathKeys: Extracted: a→w→a from 64 pts (Sharp turns only)
01-03 17:10:23.265   795  6463 D DroidOS_Preview: PREVIEW Keys: a→w→a
01-03 17:10:23.268   795  6463 D DroidOS_PathKeys:   'area': path=a-w-a matched=1/3 unmatched=2 penalty=10.00
01-03 17:10:23.422   795  6467 D DroidOS_PathKeys: Extracted: a→w→a→e from 64 pts (Sharp turns only)
01-03 17:10:23.422   795  6467 D DroidOS_Preview: PREVIEW Keys: a→w→a→e
01-03 17:10:23.437   795  6467 D DroidOS_PathKeys:   'and': path=a-w-a-e matched=1/4 unmatched=3 penalty=12.00
01-03 17:10:23.438   795  6467 D DroidOS_PathKeys:   'are': path=a-w-a-e matched=1/4 unmatched=3 penalty=12.00
01-03 17:10:23.438   795  6467 D DroidOS_PathKeys:   'add': path=a-w-a-e matched=1/4 unmatched=3 penalty=12.00
01-03 17:10:23.438   795  6467 D DroidOS_PathKeys:   'age': path=a-w-a-e matched=1/4 unmatched=3 penalty=12.00
01-03 17:10:23.439   795  6467 D DroidOS_PathKeys:   'added': path=a-w-a-e matched=1/4 unmatched=3 penalty=12.00
01-03 17:10:23.439   795  6467 D DroidOS_PathKeys:   'ad': path=a-w-a-e matched=1/4 unmatched=3 penalty=10.00
01-03 17:10:23.439   795  6467 D DroidOS_PathKeys:   'award': path=a-w-a-e matched=3/4 unmatched=1 penalty=2.00
01-03 17:10:23.440   795  6467 D DroidOS_PathKeys:   'aid': path=a-w-a-e matched=1/4 unmatched=3 penalty=12.00
01-03 17:10:23.440   795  6467 D DroidOS_PathKeys:   'agree': path=a-w-a-e matched=1/4 unmatched=3 penalty=12.00
01-03 17:10:23.441   795  6467 D DroidOS_PathKeys:   'abuse': path=a-w-a-e matched=1/4 unmatched=3 penalty=12.00
01-03 17:10:23.441   795  6467 D DroidOS_PathKeys:   'ave': path=a-w-a-e matched=1/4 unmatched=3 penalty=12.00
01-03 17:10:23.441   795  6467 D DroidOS_PathKeys:   'acid': path=a-w-a-e matched=1/4 unmatched=3 penalty=12.00
01-03 17:10:23.578   795  6468 D DroidOS_PathKeys: Extracted: a→w→a→t from 64 pts (Sharp turns only)
01-03 17:10:23.579   795  6468 D DroidOS_Preview: PREVIEW Keys: a→w→a→t
01-03 17:10:23.584   795  6468 D DroidOS_PathKeys:   'at': path=a-w-a-t matched=1/4 unmatched=3 penalty=10.00
01-03 17:10:23.585   795  6468 D DroidOS_PathKeys:   'about': path=a-w-a-t matched=1/4 unmatched=3 penalty=12.00
01-03 17:10:23.586   795  6468 D DroidOS_PathKeys:   'art': path=a-w-a-t matched=1/4 unmatched=3 penalty=12.00
01-03 17:10:23.586   795  6468 D DroidOS_PathKeys:   'account': path=a-w-a-t matched=1/4 unmatched=3 penalty=12.00
01-03 17:10:23.587   795  6468 D DroidOS_PathKeys:   'act': path=a-w-a-t matched=1/4 unmatched=3 penalty=12.00
01-03 17:10:23.587   795  6468 D DroidOS_PathKeys:   'august': path=a-w-a-t matched=1/4 unmatched=3 penalty=12.00
01-03 17:10:23.587   795  6468 D DroidOS_PathKeys:   'adult': path=a-w-a-t matched=1/4 unmatched=3 penalty=12.00
01-03 17:10:23.588   795  6468 D DroidOS_PathKeys:   'amount': path=a-w-a-t matched=1/4 unmatched=3 penalty=12.00
01-03 17:10:23.588   795  6468 D DroidOS_PathKeys:   'artist': path=a-w-a-t matched=1/4 unmatched=3 penalty=12.00
01-03 17:10:23.589   795  6468 D DroidOS_PathKeys:   'agent': path=a-w-a-t matched=1/4 unmatched=3 penalty=12.00
01-03 17:10:23.590   795  6468 D DroidOS_PathKeys:   'alert': path=a-w-a-t matched=1/4 unmatched=3 penalty=12.00
01-03 17:10:23.590   795  6468 D DroidOS_PathKeys:   'assist': path=a-w-a-t matched=1/4 unmatched=3 penalty=12.00
01-03 17:10:23.591   795  6468 D DroidOS_PathKeys:   'affect': path=a-w-a-t matched=1/4 unmatched=3 penalty=12.00
01-03 17:10:23.591   795  6468 D DroidOS_PathKeys:   'audit': path=a-w-a-t matched=1/4 unmatched=3 penalty=12.00
01-03 17:10:23.591   795  6468 D DroidOS_PathKeys:   'asset': path=a-w-a-t matched=1/4 unmatched=3 penalty=12.00
01-03 17:10:23.592   795  6468 D DroidOS_PathKeys:   'adopt': path=a-w-a-t matched=1/4 unmatched=3 penalty=12.00
01-03 17:10:23.593   795  6468 D DroidOS_PathKeys:   'af': path=a-w-a-t matched=1/4 unmatched=3 penalty=10.00
01-03 17:10:23.593   795  6468 D DroidOS_PathKeys:   'assault': path=a-w-a-t matched=1/4 unmatched=3 penalty=12.00
01-03 17:10:23.594   795  6468 D DroidOS_PathKeys:   'alt': path=a-w-a-t matched=1/4 unmatched=3 penalty=12.00
01-03 17:10:23.739   795  6469 D DroidOS_PathKeys: Extracted: a→w→a→h from 64 pts (Sharp turns only)
01-03 17:10:23.740   795  6469 D DroidOS_Preview: PREVIEW Keys: a→w→a→h
01-03 17:10:23.746   795  6469 D DroidOS_PathKeys:   'any': path=a-w-a-h matched=1/4 unmatched=3 penalty=12.00
01-03 17:10:23.746   795  6469 D DroidOS_PathKeys:   'away': path=a-w-a-h matched=3/4 unmatched=1 penalty=2.00
01-03 17:10:23.747   795  6469 D DroidOS_PathKeys:   'agency': path=a-w-a-h matched=1/4 unmatched=3 penalty=12.00
01-03 17:10:23.747   795  6469 D DroidOS_PathKeys:   'activity': path=a-w-a-h matched=1/4 unmatched=3 penalty=12.00
01-03 17:10:23.747   795  6469 D DroidOS_PathKeys:   'apply': path=a-w-a-h matched=1/4 unmatched=3 penalty=12.00
01-03 17:10:23.748   795  6469 D DroidOS_PathKeys:   'ability': path=a-w-a-h matched=1/4 unmatched=3 penalty=12.00
01-03 17:10:23.748   795  6469 D DroidOS_PathKeys:   'army': path=a-w-a-h matched=1/4 unmatched=3 penalty=12.00
01-03 17:10:23.748   795  6469 D DroidOS_PathKeys:   'assembly': path=a-w-a-h matched=1/4 unmatched=3 penalty=12.00
01-03 17:10:23.749   795  6469 D DroidOS_PathKeys:   'accuracy': path=a-w-a-h matched=1/4 unmatched=3 penalty=12.00
01-03 17:10:23.749   795  6469 D DroidOS_PathKeys:   'academy': path=a-w-a-h matched=1/4 unmatched=3 penalty=10.00
01-03 17:10:23.750   795  6469 D DroidOS_PathKeys:   'array': path=a-w-a-h matched=1/4 unmatched=3 penalty=12.00
01-03 17:10:23.750   795  6469 D DroidOS_PathKeys:   'anyway': path=a-w-a-h matched=3/4 unmatched=1 penalty=8.00
01-03 17:10:23.750   795  6469 D DroidOS_PathKeys:   'accessory': path=a-w-a-h matched=1/4 unmatched=3 penalty=12.00
01-03 17:10:23.751   795  6469 D DroidOS_PathKeys:   'anthony': path=a-w-a-h matched=1/4 unmatched=3 penalty=12.00
01-03 17:10:23.751   795  6469 D DroidOS_PathKeys:   'andy': path=a-w-a-h matched=1/4 unmatched=3 penalty=12.00
01-03 17:10:23.751   795  6469 D DroidOS_PathKeys:   'ah': path=a-w-a-h matched=1/4 unmatched=3 penalty=10.00
01-03 17:10:23.751   795  6469 D DroidOS_PathKeys:   'amy': path=a-w-a-h matched=1/4 unmatched=3 penalty=12.00
01-03 17:10:23.752   795  6469 D DroidOS_PathKeys:   'astronomy': path=a-w-a-h matched=1/4 unmatched=3 penalty=12.00
01-03 17:10:23.752   795  6469 D DroidOS_PathKeys:   'anybody': path=a-w-a-h matched=1/4 unmatched=3 penalty=12.00
01-03 17:10:23.752   795  6469 D DroidOS_PathKeys:   'arch': path=a-w-a-h matched=1/4 unmatched=3 penalty=12.00
01-03 17:10:23.752   795  6469 D DroidOS_PathKeys:   'advocacy': path=a-w-a-h matched=1/4 unmatched=3 penalty=12.00
01-03 17:10:23.753   795  6469 D DroidOS_PathKeys:   'attach': path=a-w-a-h matched=1/4 unmatched=3 penalty=12.00
01-03 17:10:23.753   795  6469 D DroidOS_PathKeys:   'angry': path=a-w-a-h matched=1/4 unmatched=3 penalty=12.00
01-03 17:10:23.753   795  6469 D DroidOS_PathKeys:   'ash': path=a-w-a-h matched=1/4 unmatched=3 penalty=12.00
01-03 17:10:23.753   795  6469 D DroidOS_PathKeys:   'ashley': path=a-w-a-h matched=1/4 unmatched=3 penalty=12.00
01-03 17:10:23.754   795  6469 D DroidOS_PathKeys:   'allergy': path=a-w-a-h matched=1/4 unmatched=3 penalty=12.00
01-03 17:10:23.897   795  6472 D DroidOS_PathKeys: Extracted: a→j from 64 pts (Sharp turns only)
01-03 17:10:23.897   795  6472 D DroidOS_Preview: PREVIEW Keys: a→j
01-03 17:10:23.898   795  6472 D DroidOS_PathKeys:   'aj': path=a-j matched=2/2 unmatched=0 penalty=0.00
01-03 17:10:23.899   795  6472 D DroidOS_PathKeys:   'adj': path=a-j matched=2/2 unmatched=0 penalty=4.00
01-03 17:10:24.057   795  6473 D DroidOS_PathKeys: Extracted: a→k from 64 pts (Sharp turns only)
01-03 17:10:24.057   795  6473 D DroidOS_Preview: PREVIEW Keys: a→k
01-03 17:10:24.058   795  6473 D DroidOS_PathKeys:   'ask': path=a-k matched=2/2 unmatched=0 penalty=4.00
01-03 17:10:24.059   795  6473 D DroidOS_PathKeys:   'attack': path=a-k matched=2/2 unmatched=0 penalty=4.50
01-03 17:10:24.059   795  6473 D DroidOS_PathKeys:   'ak': path=a-k matched=2/2 unmatched=0 penalty=0.00
01-03 17:10:24.059   795  6473 D DroidOS_PathKeys:   'artwork': path=a-k matched=2/2 unmatched=0 penalty=4.50
01-03 17:10:24.060   795  6473 D DroidOS_PathKeys:   'asterisk': path=a-k matched=2/2 unmatched=0 penalty=4.50
01-03 17:10:24.060   795  6473 D DroidOS_PathKeys:   'ark': path=a-k matched=2/2 unmatched=0 penalty=4.00
01-03 17:10:24.060   795  6473 D DroidOS_PathKeys:   'ack': path=a-k matched=2/2 unmatched=0 penalty=4.00
01-03 17:10:24.060   795  6473 D DroidOS_PathKeys:   'autodesk': path=a-k matched=2/2 unmatched=0 penalty=4.50
01-03 17:10:24.061   795  6473 D DroidOS_PathKeys:   'atk': path=a-k matched=2/2 unmatched=0 penalty=4.00
01-03 17:10:24.061   795  6473 D DroidOS_PathKeys:   'asnblock': path=a-k matched=2/2 unmatched=0 penalty=4.50
01-03 17:10:24.061   795  6473 D DroidOS_PathKeys:   'apk': path=a-k matched=2/2 unmatched=0 penalty=4.00
01-03 17:10:24.215   795  6475 D DroidOS_PathKeys: Extracted: a→k from 64 pts (Sharp turns only)
01-03 17:10:24.215   795  6475 D DroidOS_Preview: PREVIEW Keys: a→k
01-03 17:10:24.217   795  6475 D DroidOS_PathKeys:   'ask': path=a-k matched=2/2 unmatched=0 penalty=4.00
01-03 17:10:24.217   795  6475 D DroidOS_PathKeys:   'attack': path=a-k matched=2/2 unmatched=0 penalty=4.50
01-03 17:10:24.218   795  6475 D DroidOS_PathKeys:   'ak': path=a-k matched=2/2 unmatched=0 penalty=0.00
01-03 17:10:24.218   795  6475 D DroidOS_PathKeys:   'artwork': path=a-k matched=2/2 unmatched=0 penalty=4.50
01-03 17:10:24.219   795  6475 D DroidOS_PathKeys:   'asterisk': path=a-k matched=2/2 unmatched=0 penalty=4.50
01-03 17:10:24.221   795  6475 D DroidOS_PathKeys:   'ark': path=a-k matched=2/2 unmatched=0 penalty=4.00
01-03 17:10:24.221   795  6475 D DroidOS_PathKeys:   'ack': path=a-k matched=2/2 unmatched=0 penalty=4.00
01-03 17:10:24.222   795  6475 D DroidOS_PathKeys:   'autodesk': path=a-k matched=2/2 unmatched=0 penalty=4.50
01-03 17:10:24.222   795  6475 D DroidOS_PathKeys:   'atk': path=a-k matched=2/2 unmatched=0 penalty=4.00
01-03 17:10:24.223   795  6475 D DroidOS_PathKeys:   'asnblock': path=a-k matched=2/2 unmatched=0 penalty=4.50
01-03 17:10:24.223   795  6475 D DroidOS_PathKeys:   'apk': path=a-k matched=2/2 unmatched=0 penalty=4.00
01-03 17:10:24.374   795  6477 D DroidOS_PathKeys: Extracted: a→k→j from 64 pts (Sharp turns only)
01-03 17:10:24.374   795  6477 D DroidOS_Preview: PREVIEW Keys: a→k→j
01-03 17:10:24.376   795  6477 D DroidOS_PathKeys:   'aj': path=a-k-j matched=1/3 unmatched=2 penalty=8.00
01-03 17:10:24.378   795  6477 D DroidOS_PathKeys:   'adj': path=a-k-j matched=1/3 unmatched=2 penalty=8.00
01-03 17:10:24.529   795  6478 D DroidOS_PathKeys: Extracted: a→k→t from 64 pts (Sharp turns only)
01-03 17:10:24.529   795  6478 D DroidOS_Preview: PREVIEW Keys: a→k→t
01-03 17:10:24.539   795  6478 D DroidOS_PathKeys:   'about': path=a-k-t matched=1/3 unmatched=2 penalty=10.00
01-03 17:10:24.539   795  6478 D DroidOS_PathKeys:   'any': path=a-k-t matched=1/3 unmatched=2 penalty=10.00
01-03 17:10:24.539   795  6478 D DroidOS_PathKeys:   'account': path=a-k-t matched=1/3 unmatched=2 penalty=10.00
01-03 17:10:24.540   795  6478 D DroidOS_PathKeys:   'against': path=a-k-t matched=1/3 unmatched=2 penalty=10.00
01-03 17:10:24.540   795  6478 D DroidOS_PathKeys:   'act': path=a-k-t matched=1/3 unmatched=2 penalty=8.00
01-03 17:10:24.541   795  6478 D DroidOS_PathKeys:   'august': path=a-k-t matched=1/3 unmatched=2 penalty=10.00
01-03 17:10:24.541   795  6478 D DroidOS_PathKeys:   'away': path=a-k-t matched=1/3 unmatched=2 penalty=10.00
01-03 17:10:24.541   795  6478 D DroidOS_PathKeys:   'agreement': path=a-k-t matched=1/3 unmatched=2 penalty=10.50
01-03 17:10:24.542   795  6478 D DroidOS_PathKeys:   'already': path=a-k-t matched=1/3 unmatched=2 penalty=10.00
01-03 17:10:24.542   795  6478 D DroidOS_PathKeys:   'adult': path=a-k-t matched=1/3 unmatched=2 penalty=10.00
01-03 17:10:24.542   795  6478 D DroidOS_PathKeys:   'amount': path=a-k-t matched=1/3 unmatched=2 penalty=10.00
01-03 17:10:24.543   795  6478 D DroidOS_PathKeys:   'agency': path=a-k-t matched=1/3 unmatched=2 penalty=10.00
01-03 17:10:24.543   795  6478 D DroidOS_PathKeys:   'activity': path=a-k-t matched=1/3 unmatched=2 penalty=8.50
01-03 17:10:24.544   795  6478 D DroidOS_PathKeys:   'apply': path=a-k-t matched=1/3 unmatched=2 penalty=10.00
01-03 17:10:24.544   795  6478 D DroidOS_PathKeys:   'actually': path=a-k-t matched=1/3 unmatched=2 penalty=8.50
01-03 17:10:24.545   795  6478 D DroidOS_PathKeys:   'airport': path=a-k-t matched=1/3 unmatched=2 penalty=10.00
01-03 17:10:24.545   795  6478 D DroidOS_PathKeys:   'artist': path=a-k-t matched=1/3 unmatched=2 penalty=8.00
01-03 17:10:24.546   795  6478 D DroidOS_PathKeys:   'almost': path=a-k-t matched=1/3 unmatched=2 penalty=10.00
01-03 17:10:24.546   795  6478 D DroidOS_PathKeys:   'assessment': path=a-k-t matched=1/3 unmatched=2 penalty=10.50
01-03 17:10:24.546   795  6478 D DroidOS_PathKeys:   'authority': path=a-k-t matched=1/3 unmatched=2 penalty=8.50
01-03 17:10:24.547   795  6478 D DroidOS_PathKeys:   'agent': path=a-k-t matched=1/3 unmatched=2 penalty=10.00
01-03 17:10:24.547   795  6478 D DroidOS_PathKeys:   'abstract': path=a-k-t matched=1/3 unmatched=2 penalty=10.50
01-03 17:10:24.547   795  6478 D DroidOS_PathKeys:   'ability': path=a-k-t matched=1/3 unmatched=2 penalty=10.00
01-03 17:10:24.548   795  6478 D DroidOS_PathKeys:   'army': path=a-k-t matched=1/3 unmatched=2 penalty=10.00
01-03 17:10:24.548   795  6478 D DroidOS_PathKeys:   'accept': path=a-k-t matched=1/3 unmatched=2 penalty=10.00
01-03 17:10:24.548   795  6478 D DroidOS_PathKeys:   'argument': path=a-k-t matched=1/3 unmatched=2 penalty=10.50
01-03 17:10:24.549   795  6478 D DroidOS_PathKeys:   'attorney': path=a-k-t matched=1/3 unmatched=2 penalty=8.50
01-03 17:10:24.549   795  6478 D DroidOS_PathKeys:   'assistant': path=a-k-t matched=1/3 unmatched=2 penalty=10.50
01-03 17:10:24.549   795  6478 D DroidOS_PathKeys:   'advertisement': path=a-k-t matched=1/3 unmatched=2 penalty=10.50
01-03 17:10:24.549   795  6478 D DroidOS_PathKeys:   'assembly': path=a-k-t matched=1/3 unmatched=2 penalty=10.50
01-03 17:10:24.550   795  6478 D DroidOS_PathKeys:   'alert': path=a-k-t matched=1/3 unmatched=2 penalty=10.00
01-03 17:10:24.550   795  6478 D DroidOS_PathKeys:   'apartment': path=a-k-t matched=1/3 unmatched=2 penalty=10.50
01-03 17:10:24.550   795  6478 D DroidOS_PathKeys:   'assist': path=a-k-t matched=1/3 unmatched=2 penalty=10.00
01-03 17:10:24.551   795  6478 D DroidOS_PathKeys:   'accuracy': path=a-k-t matched=1/3 unmatched=2 penalty=10.50
01-03 17:10:24.551   795  6478 D DroidOS_PathKeys:   'academy': path=a-k-t matched=1/3 unmatched=2 penalty=10.00
01-03 17:10:24.551   795  6478 D DroidOS_PathKeys:   'attempt': path=a-k-t matched=1/3 unmatched=2 penalty=8.00
01-03 17:10:24.551   795  6478 D DroidOS_PathKeys:   'array': path=a-k-t matched=1/3 unmatched=2 penalty=10.00
01-03 17:10:24.552   795  6478 D DroidOS_PathKeys:   'aircraft': path=a-k-t matched=1/3 unmatched=2 penalty=10.50
01-03 17:10:24.552   795  6478 D DroidOS_PathKeys:   'affect': path=a-k-t matched=1/3 unmatched=2 penalty=10.00
01-03 17:10:24.552   795  6478 D DroidOS_PathKeys:   'anyway': path=a-k-t matched=1/3 unmatched=2 penalty=10.00
01-03 17:10:24.552   795  6478 D DroidOS_PathKeys:   'advisory': path=a-k-t matched=1/3 unmatched=2 penalty=10.50
01-03 17:10:24.553   795  6478 D DroidOS_PathKeys:   'ancient': path=a-k-t matched=1/3 unmatched=2 penalty=10.00
01-03 17:10:24.553   795  6478 D DroidOS_PathKeys:   'absolutely': path=a-k-t matched=1/3 unmatched=2 penalty=10.50
01-03 17:10:24.554   795  6478 D DroidOS_PathKeys:   'audit': path=a-k-t matched=1/3 unmatched=2 penalty=10.00
01-03 17:10:24.688   795  6479 D DroidOS_PathKeys: Extracted: a→k→r from 64 pts (Sharp turns only)
01-03 17:10:24.688   795  6479 D DroidOS_Preview: PREVIEW Keys: a→k→r
01-03 17:10:24.692   795  6479 D DroidOS_PathKeys:   'after': path=a-k-r matched=1/3 unmatched=2 penalty=10.00
01-03 17:10:24.693   795  6479 D DroidOS_PathKeys:   'another': path=a-k-r matched=1/3 unmatched=2 penalty=10.00
01-03 17:10:24.694   795  6479 D DroidOS_PathKeys:   'author': path=a-k-r matched=1/3 unmatched=2 penalty=10.00
01-03 17:10:24.694   795  6479 D DroidOS_PathKeys:   'air': path=a-k-r matched=1/3 unmatched=2 penalty=8.00
01-03 17:10:24.694   795  6479 D DroidOS_PathKeys:   'apr': path=a-k-r matched=1/3 unmatched=2 penalty=8.00
01-03 17:10:24.694   795  6479 D DroidOS_PathKeys:   'answer': path=a-k-r matched=1/3 unmatched=2 penalty=10.00
01-03 17:10:24.695   795  6479 D DroidOS_PathKeys:   'appear': path=a-k-r matched=1/3 unmatched=2 penalty=10.00
01-03 17:10:24.695   795  6479 D DroidOS_PathKeys:   'amateur': path=a-k-r matched=1/3 unmatched=2 penalty=10.00
01-03 17:10:24.695   795  6479 D DroidOS_PathKeys:   'administrator': path=a-k-r matched=1/3 unmatched=2 penalty=10.50
01-03 17:10:24.696   795  6479 D DroidOS_PathKeys:   'advisor': path=a-k-r matched=1/3 unmatched=2 penalty=10.00
01-03 17:10:24.696   795  6479 D DroidOS_PathKeys:   'adapter': path=a-k-r matched=1/3 unmatched=2 penalty=10.00
01-03 17:10:24.696   795  6479 D DroidOS_PathKeys:   'avatar': path=a-k-r matched=1/3 unmatched=2 penalty=10.00
01-03 17:10:24.697   795  6479 D DroidOS_PathKeys:   'alexander': path=a-k-r matched=1/3 unmatched=2 penalty=10.50
01-03 17:10:24.697   795  6479 D DroidOS_PathKeys:   'actor': path=a-k-r matched=1/3 unmatched=2 penalty=10.00
01-03 17:10:24.698   795  6479 D DroidOS_PathKeys:   'arthur': path=a-k-r matched=1/3 unmatched=2 penalty=10.00
01-03 17:10:24.698   795  6479 D DroidOS_PathKeys:   'amber': path=a-k-r matched=1/3 unmatched=2 penalty=10.00
01-03 17:10:24.699   795  6479 D DroidOS_PathKeys:   'advertiser': path=a-k-r matched=1/3 unmatched=2 penalty=10.50
01-03 17:10:24.699   795  6479 D DroidOS_PathKeys:   'anchor': path=a-k-r matched=1/3 unmatched=2 penalty=10.00
01-03 17:10:24.699   795  6479 D DroidOS_PathKeys:   'acer': path=a-k-r matched=1/3 unmatched=2 penalty=10.00
01-03 17:10:24.700   795  6479 D DroidOS_PathKeys:   'anger': path=a-k-r matched=1/3 unmatched=2 penalty=10.00
01-03 17:10:24.700   795  6479 D DroidOS_PathKeys:   'alter': path=a-k-r matched=1/3 unmatched=2 penalty=10.00
01-03 17:10:24.700   795  6479 D DroidOS_PathKeys:   'amplifier': path=a-k-r matched=1/3 unmatched=2 penalty=10.50
01-03 17:10:24.701   795  6479 D DroidOS_PathKeys:   'ambassador': path=a-k-r matched=1/3 unmatched=2 penalty=10.50
01-03 17:10:24.701   795  6479 D DroidOS_PathKeys:   'adaptor': path=a-k-r matched=1/3 unmatched=2 penalty=10.00
01-03 17:10:24.702   795  6479 D DroidOS_PathKeys:   'armor': path=a-k-r matched=1/3 unmatched=2 penalty=10.00
01-03 17:10:24.703   795  6479 D DroidOS_PathKeys:   'affair': path=a-k-r matched=1/3 unmatched=2 penalty=10.00
01-03 17:10:24.703   795  6479 D DroidOS_PathKeys:   'auditor': path=a-k-r matched=1/3 unmatched=2 penalty=10.00
01-03 17:10:24.704   795  6479 D DroidOS_PathKeys:   'arbor': path=a-k-r matched=1/3 unmatched=2 penalty=10.00
01-03 17:10:24.704   795  6479 D DroidOS_PathKeys:   'adviser': path=a-k-r matched=1/3 unmatched=2 penalty=10.00
01-03 17:10:24.704   795  6479 D DroidOS_PathKeys:   'alzheimer': path=a-k-r matched=1/3 unmatched=2 penalty=10.50
01-03 17:10:24.705   795  6479 D DroidOS_PathKeys:   'altogether': path=a-k-r matched=1/3 unmatched=2 penalty=10.50
01-03 17:10:24.705   795  6479 D DroidOS_PathKeys:   'analyzer': path=a-k-r matched=1/3 unmatched=2 penalty=10.50
01-03 17:10:24.705   795  6479 D DroidOS_PathKeys:   'administer': path=a-k-r matched=1/3 unmatched=2 penalty=10.50
01-03 17:10:24.706   795  6479 D DroidOS_PathKeys:   'accelerator': path=a-k-r matched=1/3 unmatched=2 penalty=10.50
01-03 17:10:24.706   795  6479 D DroidOS_PathKeys:   'armour': path=a-k-r matched=1/3 unmatched=2 penalty=10.00
01-03 17:10:24.706   795  6479 D DroidOS_PathKeys:   'archer': path=a-k-r matched=1/3 unmatched=2 penalty=10.00
01-03 17:10:24.707   795  6479 D DroidOS_PathKeys:   'altar': path=a-k-r matched=1/3 unmatched=2 penalty=10.00
01-03 17:10:24.707   795  6479 D DroidOS_PathKeys:   'amatuer': path=a-k-r matched=1/3 unmatched=2 penalty=10.00
01-03 17:10:24.707   795  6479 D DroidOS_PathKeys:   'alr': path=a-k-r matched=1/3 unmatched=2 penalty=8.00
01-03 17:10:24.708   795  6479 D DroidOS_PathKeys:   'amer': path=a-k-r matched=1/3 unmatched=2 penalty=10.00
01-03 17:10:24.708   795  6479 D DroidOS_PathKeys:   'anterior': path=a-k-r matched=1/3 unmatched=2 penalty=10.50
01-03 17:10:24.708   795  6479 D DroidOS_PathKeys:   'angular': path=a-k-r matched=1/3 unmatched=2 penalty=10.00
01-03 17:10:24.708   795  6479 D DroidOS_PathKeys:   'aggregator': path=a-k-r matched=1/3 unmatched=2 penalty=10.50
01-03 17:10:24.709   795  6479 D DroidOS_PathKeys:   'avr': path=a-k-r matched=1/3 unmatched=2 penalty=8.00
01-03 17:10:24.709   795  6479 D DroidOS_PathKeys:   'andover': path=a-k-r matched=1/3 unmatched=2 penalty=10.00
01-03 17:10:24.709   795  6479 D DroidOS_PathKeys:   'amor': path=a-k-r matched=1/3 unmatched=2 penalty=10.00
01-03 17:10:24.709   795  6479 D DroidOS_PathKeys:   'ancestor': path=a-k-r matched=1/3 unmatched=2 penalty=10.50
01-03 17:10:24.710   795  6479 D DroidOS_PathKeys:   'appraiser': path=a-k-r matched=1/3 unmatched=2 penalty=10.50
01-03 17:10:24.849   795  6480 D DroidOS_PathKeys: Extracted: a→s→k→e from 64 pts (Sharp turns only)
01-03 17:10:24.850   795  6480 D DroidOS_Preview: PREVIEW Keys: a→s→k→e
01-03 17:10:24.857   795  6480 D DroidOS_PathKeys:   'available': path=a-s-k-e matched=1/4 unmatched=3 penalty=12.00
01-03 17:10:24.858   795  6480 D DroidOS_PathKeys:   'article': path=a-s-k-e matched=1/4 unmatched=3 penalty=12.00
01-03 17:10:24.859   795  6480 D DroidOS_PathKeys:   'above': path=a-s-k-e matched=1/4 unmatched=3 penalty=12.00
01-03 17:10:24.859   795  6480 D DroidOS_PathKeys:   'age': path=a-s-k-e matched=1/4 unmatched=3 penalty=12.00
01-03 17:10:24.859   795  6480 D DroidOS_PathKeys:   'archive': path=a-s-k-e matched=1/4 unmatched=3 penalty=12.00
01-03 17:10:24.859   795  6480 D DroidOS_PathKeys:   'able': path=a-s-k-e matched=1/4 unmatched=3 penalty=12.00
01-03 17:10:24.859   795  6480 D DroidOS_PathKeys:   'average': path=a-s-k-e matched=1/4 unmatched=3 penalty=12.00
01-03 17:10:24.859   795  6480 D DroidOS_PathKeys:   'active': path=a-s-k-e matched=1/4 unmatched=3 penalty=12.00
01-03 17:10:24.860   795  6480 D DroidOS_PathKeys:   'advertise': path=a-s-k-e matched=2/4 unmatched=2 penalty=10.00
01-03 17:10:24.860   795  6480 D DroidOS_PathKeys:   'anyone': path=a-s-k-e matched=1/4 unmatched=3 penalty=12.00
01-03 17:10:24.860   795  6480 D DroidOS_PathKeys:   'advice': path=a-s-k-e matched=1/4 unmatched=3 penalty=12.00
01-03 17:10:24.860   795  6480 D DroidOS_PathKeys:   'appropriate': path=a-s-k-e matched=1/4 unmatched=3 penalty=12.50
01-03 17:10:24.860   795  6480 D DroidOS_PathKeys:   'alternative': path=a-s-k-e matched=1/4 unmatched=3 penalty=12.50
01-03 17:10:24.860   795  6480 D DroidOS_PathKeys:   'assistance': path=a-s-k-e matched=2/4 unmatched=2 penalty=6.00
01-03 17:10:24.860   795  6480 D DroidOS_PathKeys:   'apple': path=a-s-k-e matched=1/4 unmatched=3 penalty=12.00
01-03 17:10:24.860   795  6480 D DroidOS_PathKeys:   'agree': path=a-s-k-e matched=1/4 unmatched=3 penalty=12.00
01-03 17:10:24.860   795  6480 D DroidOS_PathKeys:   'advance': path=a-s-k-e matched=1/4 unmatched=3 penalty=12.00
01-03 17:10:24.860   795  6480 D DroidOS_PathKeys:   'automotive': path=a-s-k-e matched=1/4 unmatched=3 penalty=12.00
01-03 17:10:24.860   795  6480 D DroidOS_PathKeys:   'architecture': path=a-s-k-e matched=1/4 unmatched=3 penalty=12.50
01-03 17:10:24.861   795  6480 D DroidOS_PathKeys:   'alone': path=a-s-k-e matched=1/4 unmatched=3 penalty=12.00
01-03 17:10:24.861   795  6480 D DroidOS_PathKeys:   'administrative': path=a-s-k-e matched=2/4 unmatched=2 penalty=10.50
01-03 17:10:24.861   795  6480 D DroidOS_PathKeys:   'affiliate': path=a-s-k-e matched=1/4 unmatched=3 penalty=12.00
01-03 17:10:24.861   795  6480 D DroidOS_PathKeys:   'acceptance': path=a-s-k-e matched=1/4 unmatched=3 penalty=12.00
01-03 17:10:24.861   795  6480 D DroidOS_PathKeys:   'abuse': path=a-s-k-e matched=2/4 unmatched=2 penalty=10.00
01-03 17:10:24.861   795  6480 D DroidOS_PathKeys:   'avenue': path=a-s-k-e matched=1/4 unmatched=3 penalty=12.00
01-03 17:10:24.861   795  6480 D DroidOS_PathKeys:   'adventure': path=a-s-k-e matched=1/4 unmatched=3 penalty=12.00
01-03 17:10:24.861   795  6480 D DroidOS_PathKeys:   'ave': path=a-s-k-e matched=1/4 unmatched=3 penalty=12.00
01-03 17:10:24.861   795  6480 D DroidOS_PathKeys:   'applicable': path=a-s-k-e matched=1/4 unmatched=3 penalty=12.00
01-03 17:10:24.862   795  6480 D DroidOS_PathKeys:   'advantage': path=a-s-k-e matched=1/4 unmatched=3 penalty=12.00
01-03 17:10:24.862   795  6480 D DroidOS_PathKeys:   'associate': path=a-s-k-e matched=2/4 unmatched=2 penalty=6.00
01-03 17:10:24.862   795  6480 D DroidOS_PathKeys:   'anime': path=a-s-k-e matched=1/4 unmatched=3 penalty=12.00
01-03 17:10:24.862   795  6480 D DroidOS_PathKeys:   'agriculture': path=a-s-k-e matched=1/4 unmatched=3 penalty=12.50
01-03 17:10:24.862   795  6480 D DroidOS_PathKeys:   'adobe': path=a-s-k-e matched=1/4 unmatched=3 penalty=12.00
01-03 17:10:24.862   795  6480 D DroidOS_PathKeys:   'achieve': path=a-s-k-e matched=1/4 unmatched=3 penalty=12.00
01-03 17:10:24.862   795  6480 D DroidOS_PathKeys:   'aware': path=a-s-k-e matched=1/4 unmatched=3 penalty=12.00
01-03 17:10:24.862   795  6480 D DroidOS_PathKeys:   'accordance': path=a-s-k-e matched=1/4 unmatched=3 penalty=12.00
01-03 17:10:24.862   795  6480 D DroidOS_PathKeys:   'accurate': path=a-s-k-e matched=1/4 unmatched=3 penalty=12.00
01-03 17:10:24.862   795  6480 D DroidOS_PathKeys:   'audience': path=a-s-k-e matched=1/4 unmatched=3 penalty=12.00
01-03 17:10:24.862   795  6480 D DroidOS_PathKeys:   'anywhere': path=a-s-k-e matched=1/4 unmatched=3 penalty=12.00
01-03 17:10:24.863   795  6480 D DroidOS_PathKeys:   'assume': path=a-s-k-e matched=2/4 unmatched=2 penalty=6.00
01-03 17:10:24.863   795  6480 D DroidOS_PathKeys:   'alliance': path=a-s-k-e matched=1/4 unmatched=3 penalty=12.00
01-03 17:10:24.863   795  6480 D DroidOS_PathKeys:   'affordable': path=a-s-k-e matched=1/4 unmatched=3 penalty=12.00
01-03 17:10:24.863   795  6480 D DroidOS_PathKeys:   'accessible': path=a-s-k-e matched=2/4 unmatched=2 penalty=10.00
01-03 17:10:24.863   795  6480 D DroidOS_PathKeys:   'airline': path=a-s-k-e matched=1/4 unmatched=3 penalty=12.00
01-03 17:10:24.863   795  6480 D DroidOS_PathKeys:   'anne': path=a-s-k-e matched=1/4 unmatched=3 penalty=12.00
01-03 17:10:24.863   795  6480 D DroidOS_PathKeys:   'antique': path=a-s-k-e matched=1/4 unmatched=3 penalty=12.00
01-03 17:10:24.863   795  6480 D DroidOS_PathKeys:   'angle': path=a-s-k-e matched=1/4 unmatched=3 penalty=12.00
01-03 17:10:24.863   795  6480 D DroidOS_PathKeys:   'appearance': path=a-s-k-e matched=1/4 unmatched=3 penalty=12.00
01-03 17:10:24.863   795  6480 D DroidOS_PathKeys:   'apache': path=a-s-k-e matched=1/4 unmatched=3 penalty=12.00
01-03 17:10:25.010   795  6482 D DroidOS_PathKeys: Extracted: a→k→e from 64 pts (Sharp turns only)
01-03 17:10:25.010   795  6482 D DroidOS_Preview: PREVIEW Keys: a→k→e
01-03 17:10:25.015   795  6483 D DroidOS_PathKeys: Extracted: a→j→e from 64 pts (Sharp turns only)
01-03 17:10:25.017   795  6483 D DroidOS_PathKeys: Total candidates: 201
01-03 17:10:25.018   795  6482 D DroidOS_PathKeys:   'available': path=a-k-e matched=1/3 unmatched=2 penalty=10.50
01-03 17:10:25.018   795  6482 D DroidOS_PathKeys:   'article': path=a-k-e matched=1/3 unmatched=2 penalty=10.00
01-03 17:10:25.019   795  6482 D DroidOS_PathKeys:   'above': path=a-k-e matched=1/3 unmatched=2 penalty=10.00
01-03 17:10:25.019   795  6482 D DroidOS_PathKeys:   'age': path=a-k-e matched=1/3 unmatched=2 penalty=8.00
01-03 17:10:25.019   795  6482 D DroidOS_PathKeys:   'archive': path=a-k-e matched=1/3 unmatched=2 penalty=10.00
01-03 17:10:25.019   795  6482 D DroidOS_PathKeys:   'able': path=a-k-e matched=1/3 unmatched=2 penalty=10.00
01-03 17:10:25.020   795  6482 D DroidOS_PathKeys:   'average': path=a-k-e matched=1/3 unmatched=2 penalty=8.00
01-03 17:10:25.020   795  6482 D DroidOS_PathKeys:   'active': path=a-k-e matched=1/3 unmatched=2 penalty=10.00
01-03 17:10:25.020   795  6482 D DroidOS_PathKeys:   'advertise': path=a-k-e matched=1/3 unmatched=2 penalty=10.50
01-03 17:10:25.021   795  6482 D DroidOS_PathKeys:   'anyone': path=a-k-e matched=1/3 unmatched=2 penalty=10.00
01-03 17:10:25.021   795  6482 D DroidOS_PathKeys:   'advice': path=a-k-e matched=1/3 unmatched=2 penalty=10.00
01-03 17:10:25.021   795  6482 D DroidOS_PathKeys:   'appropriate': path=a-k-e matched=1/3 unmatched=2 penalty=10.50
01-03 17:10:25.022   795  6482 D DroidOS_PathKeys:   'alternative': path=a-k-e matched=1/3 unmatched=2 penalty=10.50
01-03 17:10:25.022   795  6482 D DroidOS_PathKeys:   'assistance': path=a-k-e matched=1/3 unmatched=2 penalty=10.50
01-03 17:10:25.022   795  6482 D DroidOS_PathKeys:   'apple': path=a-k-e matched=1/3 unmatched=2 penalty=10.00
01-03 17:10:25.022   795  6482 D DroidOS_PathKeys:   'agree': path=a-k-e matched=1/3 unmatched=2 penalty=10.00
01-03 17:10:25.023   795  6482 D DroidOS_PathKeys:   'advance': path=a-k-e matched=1/3 unmatched=2 penalty=10.00
01-03 17:10:25.023   795  6482 D DroidOS_PathKeys:   'automotive': path=a-k-e matched=1/3 unmatched=2 penalty=10.50
01-03 17:10:25.024   795  6482 D DroidOS_PathKeys:   'architecture': path=a-k-e matched=1/3 unmatched=2 penalty=10.50
01-03 17:10:25.024   795  6482 D DroidOS_PathKeys:   'alone': path=a-k-e matched=1/3 unmatched=2 penalty=10.00
01-03 17:10:25.024   795  6483 D DroidOS_PathKeys:   'available': path=a-j-e matched=1/3 unmatched=2 penalty=10.50
01-03 17:10:25.024   795  6482 D DroidOS_PathKeys:   'administrative': path=a-k-e matched=1/3 unmatched=2 penalty=10.50
01-03 17:10:25.024   795  6483 D DroidOS_PathKeys:   'article': path=a-j-e matched=1/3 unmatched=2 penalty=10.00
01-03 17:10:25.024   795  6482 D DroidOS_PathKeys:   'affiliate': path=a-k-e matched=1/3 unmatched=2 penalty=10.50
01-03 17:10:25.025   795  6483 D DroidOS_PathKeys:   'above': path=a-j-e matched=1/3 unmatched=2 penalty=10.00
01-03 17:10:25.025   795  6483 D DroidOS_PathKeys:   'age': path=a-j-e matched=1/3 unmatched=2 penalty=8.00
01-03 17:10:25.026   795  6483 D DroidOS_PathKeys:   'archive': path=a-j-e matched=1/3 unmatched=2 penalty=10.00
01-03 17:10:25.026   795  6483 D DroidOS_PathKeys:   'able': path=a-j-e matched=1/3 unmatched=2 penalty=10.00
01-03 17:10:25.027   795  6483 D DroidOS_PathKeys:   'average': path=a-j-e matched=1/3 unmatched=2 penalty=8.00
01-03 17:10:25.027   795  6483 D DroidOS_PathKeys:   'active': path=a-j-e matched=1/3 unmatched=2 penalty=10.00
01-03 17:10:25.028   795  6483 D DroidOS_PathKeys:   'advertise': path=a-j-e matched=1/3 unmatched=2 penalty=10.50
01-03 17:10:25.028   795  6482 D DroidOS_PathKeys:   'acceptance': path=a-k-e matched=1/3 unmatched=2 penalty=10.50
01-03 17:10:25.028   795  6483 D DroidOS_PathKeys:   'anyone': path=a-j-e matched=1/3 unmatched=2 penalty=10.00
01-03 17:10:25.028   795  6482 D DroidOS_PathKeys:   'abuse': path=a-k-e matched=1/3 unmatched=2 penalty=10.00
01-03 17:10:25.029   795  6483 D DroidOS_PathKeys:   'advice': path=a-j-e matched=1/3 unmatched=2 penalty=10.00
01-03 17:10:25.029   795  6482 D DroidOS_PathKeys:   'avenue': path=a-k-e matched=1/3 unmatched=2 penalty=8.00
01-03 17:10:25.029   795  6482 D DroidOS_PathKeys:   'adventure': path=a-k-e matched=1/3 unmatched=2 penalty=10.50
01-03 17:10:25.029   795  6482 D DroidOS_PathKeys:   'ave': path=a-k-e matched=1/3 unmatched=2 penalty=8.00
01-03 17:10:25.029   795  6482 D DroidOS_PathKeys:   'applicable': path=a-k-e matched=1/3 unmatched=2 penalty=10.50
01-03 17:10:25.029   795  6483 D DroidOS_PathKeys:   'appropriate': path=a-j-e matched=1/3 unmatched=2 penalty=10.50
01-03 17:10:25.029   795  6482 D DroidOS_PathKeys:   'advantage': path=a-k-e matched=1/3 unmatched=2 penalty=10.50
01-03 17:10:25.029   795  6482 D DroidOS_PathKeys:   'associate': path=a-k-e matched=1/3 unmatched=2 penalty=10.50
01-03 17:10:25.029   795  6482 D DroidOS_PathKeys:   'anime': path=a-k-e matched=1/3 unmatched=2 penalty=10.00
01-03 17:10:25.029   795  6482 D DroidOS_PathKeys:   'agriculture': path=a-k-e matched=1/3 unmatched=2 penalty=10.50
01-03 17:10:25.029   795  6482 D DroidOS_PathKeys:   'adobe': path=a-k-e matched=1/3 unmatched=2 penalty=10.00
01-03 17:10:25.029   795  6483 D DroidOS_PathKeys:   'alternative': path=a-j-e matched=1/3 unmatched=2 penalty=10.50
01-03 17:10:25.029   795  6482 D DroidOS_PathKeys:   'achieve': path=a-k-e matched=1/3 unmatched=2 penalty=10.00
01-03 17:10:25.030   795  6482 D DroidOS_PathKeys:   'aware': path=a-k-e matched=1/3 unmatched=2 penalty=10.00
01-03 17:10:25.030   795  6483 D DroidOS_PathKeys:   'assistance': path=a-j-e matched=1/3 unmatched=2 penalty=10.50
01-03 17:10:25.030   795  6482 D DroidOS_PathKeys:   'accordance': path=a-k-e matched=1/3 unmatched=2 penalty=10.50
01-03 17:10:25.030   795  6483 D DroidOS_PathKeys:   'apple': path=a-j-e matched=1/3 unmatched=2 penalty=10.00
01-03 17:10:25.030   795  6482 D DroidOS_PathKeys:   'accurate': path=a-k-e matched=1/3 unmatched=2 penalty=10.50
01-03 17:10:25.030   795  6482 D DroidOS_PathKeys:   'audience': path=a-k-e matched=1/3 unmatched=2 penalty=10.50
01-03 17:10:25.030   795  6483 D DroidOS_PathKeys:   'agree': path=a-j-e matched=1/3 unmatched=2 penalty=10.00
01-03 17:10:25.030   795  6482 D DroidOS_PathKeys:   'anywhere': path=a-k-e matched=1/3 unmatched=2 penalty=10.50
01-03 17:10:25.030   795  6483 D DroidOS_PathKeys:   'advance': path=a-j-e matched=1/3 unmatched=2 penalty=10.00
01-03 17:10:25.031   795  6482 D DroidOS_PathKeys:   'assume': path=a-k-e matched=1/3 unmatched=2 penalty=10.00
01-03 17:10:25.031   795  6483 D DroidOS_PathKeys:   'automotive': path=a-j-e matched=1/3 unmatched=2 penalty=10.50
01-03 17:10:25.031   795  6482 D DroidOS_PathKeys:   'alliance': path=a-k-e matched=1/3 unmatched=2 penalty=10.50
01-03 17:10:25.031   795  6483 D DroidOS_PathKeys:   'architecture': path=a-j-e matched=1/3 unmatched=2 penalty=10.50
01-03 17:10:25.031   795  6482 D DroidOS_PathKeys:   'affordable': path=a-k-e matched=1/3 unmatched=2 penalty=10.50
01-03 17:10:25.031   795  6483 D DroidOS_PathKeys:   'alone': path=a-j-e matched=1/3 unmatched=2 penalty=10.00
01-03 17:10:25.031   795  6482 D DroidOS_PathKeys:   'accessible': path=a-k-e matched=1/3 unmatched=2 penalty=10.50
01-03 17:10:25.031   795  6482 D DroidOS_PathKeys:   'airline': path=a-k-e matched=1/3 unmatched=2 penalty=10.00
01-03 17:10:25.031   795  6483 D DroidOS_PathKeys:   'administrative': path=a-j-e matched=1/3 unmatched=2 penalty=10.50
01-03 17:10:25.031   795  6482 D DroidOS_PathKeys:   'anne': path=a-k-e matched=1/3 unmatched=2 penalty=10.00
01-03 17:10:25.031   795  6482 D DroidOS_PathKeys:   'antique': path=a-k-e matched=1/3 unmatched=2 penalty=10.00
01-03 17:10:25.031   795  6483 D DroidOS_PathKeys:   'affiliate': path=a-j-e matched=1/3 unmatched=2 penalty=10.50
01-03 17:10:25.031   795  6482 D DroidOS_PathKeys:   'angle': path=a-k-e matched=1/3 unmatched=2 penalty=10.00
01-03 17:10:25.031   795  6483 D DroidOS_PathKeys:   'acceptance': path=a-j-e matched=1/3 unmatched=2 penalty=10.50
01-03 17:10:25.031   795  6482 D DroidOS_PathKeys:   'appearance': path=a-k-e matched=1/3 unmatched=2 penalty=10.50
01-03 17:10:25.032   795  6483 D DroidOS_PathKeys:   'abuse': path=a-j-e matched=1/3 unmatched=2 penalty=10.00
01-03 17:10:25.032   795  6482 D DroidOS_PathKeys:   'apache': path=a-k-e matched=1/3 unmatched=2 penalty=10.00
