03-04 21:01:40.619 21018 24118 D DroidOS_MW: [getObservedVisible] display=0 rawTaskComponents(2)=[34501|com.cylonid.nativealpha/com.cylonid.nativealpha.MainActivity, 34434|com.termux/com.termux.app.TermuxActivity]
03-04 21:01:40.619 21018 24118 D DroidOS_MW: [getObservedVisible] display=0 rawWindowComponents(6)=[ThumbsUpHandler_R, ThumbsUpHandler_L, NavigationBar0, com.cylonid.nativealpha/com.cylonid.nativealpha.MainActivity, com.termux/com.termux.app.TermuxActivity, com.android.systemui.wallpapers.ImageWallpaper]
03-04 21:01:40.622 21018 24118 D DroidOS_MW: [getObservedVisible] PARSED key=com.cylonid.nativealpha/com.cylonid.nativealpha.MainActivity pkg=com.cylonid.nativealpha cls=com.cylonid.nativealpha.MainActivity tid=34501 taskScoped=false
03-04 21:01:40.622 21018 24118 D DroidOS_MW: [getObservedVisible] PARSED key=com.termux/com.termux.app.TermuxActivity pkg=com.termux cls=com.termux.app.TermuxActivity tid=34434 taskScoped=false
03-04 21:01:40.622 21018 24118 D DroidOS_MW: [getObservedVisible] PARSED key=ThumbsUpHandler_R/ pkg=ThumbsUpHandler_R cls=null tid=null taskScoped=false
03-04 21:01:40.622 21018 24118 D DroidOS_MW: [getObservedVisible] PARSED key=ThumbsUpHandler_L/ pkg=ThumbsUpHandler_L cls=null tid=null taskScoped=false
03-04 21:01:40.622 21018 24118 D DroidOS_MW: [getObservedVisible] PARSED key=NavigationBar0/ pkg=NavigationBar0 cls=null tid=null taskScoped=false
03-04 21:01:40.622 21018 24118 D DroidOS_MW: [getObservedVisible] PARSED key=com.android.systemui.wallpapers.ImageWallpaper/ pkg=com.android.systemui.wallpapers.ImageWallpaper cls=null tid=null taskScoped=false
03-04 21:01:40.623 21018 24118 D DroidOS_MW: [matchObserved] appPkg=com.cylonid.nativealpha appClass=com.cylonid.nativealpha.WebViewActivity appTid=34503 vs obsPkg=com.cylonid.nativealpha obsCls=com.cylonid.nativealpha.MainActivity obsTid=34501 taskScoped=false obsTaskScoped=false
03-04 21:01:40.623 21018 24118 D DroidOS_MW: [matchObserved] RESULT=false for appPkg=com.cylonid.nativealpha appClass=com.cylonid.nativealpha.WebViewActivity vs obsPkg=com.cylonid.nativealpha obsCls=com.cylonid.nativealpha.MainActivity
03-04 21:01:40.914 21193 22561 D DroidOS_MW: [getVisibleTaskComponents] display=0 ALL task lines (13):
03-04 21:01:40.914 21193 22561 D DroidOS_MW:   taskId=34501: com.cylonid.nativealpha/com.cylonid.nativealpha.MainActivity bounds=[0,932][540,1764] userId=0 visible=true topActivity=ComponentInfo{com.cylonid.nativealpha/com.cylonid.nativealpha.MainActivity}
03-04 21:01:40.914 21193 22561 D DroidOS_MW:   taskId=34434: com.termux/com.termux.app.TermuxActivity bounds=[0,116][540,948] userId=0 visible=true topActivity=ComponentInfo{com.termux/com.termux.app.TermuxActivity}
03-04 21:01:40.914 21193 22561 D DroidOS_MW:   taskId=33588: com.sec.android.app.launcher/com.sec.android.app.launcher.activities.LauncherActivity bounds=[0,0][1080,2520] userId=0 visible=true topActivity=ComponentInfo{com.sec.android.app.launcher/com.sec.android.app.launcher.activities.LauncherActivity}
03-04 21:01:40.914 21193 22561 D DroidOS_MW:   taskId=33752: com.sec.android.app.launcher/com.android.quickstep.RecentsActivity bounds=[0,0][1080,2520] userId=0 visible=false topActivity=ComponentInfo{com.sec.android.app.launcher/com.android.quickstep.RecentsActivity}
03-04 21:01:40.914 21193 22561 D DroidOS_MW:   taskId=33284: unknown bounds=[0,0][1080,1300] userId=0 visible=false
03-04 21:01:40.914 21193 22561 D DroidOS_MW:   taskId=33285: unknown bounds=[0,1313][1080,2520] userId=0 visible=false
03-04 21:01:40.914 21193 22561 D DroidOS_MW:   taskId=33286: unknown bounds=[0,0][1080,2520] userId=0 visible=false
03-04 21:01:40.914 21193 22561 D DroidOS_MW:   taskId=33287: unknown bounds=[0,0][1080,2520] userId=0 visible=false
03-04 21:01:40.914 21193 22561 D DroidOS_MW:   taskId=33289: unknown bounds=[0,0][1080,2520] userId=0 visible=false
03-04 21:01:40.914 21193 22561 D DroidOS_MW:   taskId=33288: unknown bounds=[0,0][1080,2520] userId=0 visible=false
03-04 21:01:40.914 21193 22561 D DroidOS_MW:   taskId=34338: com.google.android.apps.messaging/com.google.android.apps.messaging.ui.ConversationListActivity bounds=[621,116][964,2536] userId=0 visible=false
03-04 21:01:40.914 21193 22561 D DroidOS_MW:   taskId=34221: com.google.android.apps.googlevoice/com.google.android.apps.googlevoice.SplashActivity bounds=[270,116][810,2536] userId=0 visible=false
03-04 21:01:40.914 21193 22561 D DroidOS_MW:   taskId=34503: com.cylonid.nativealpha/com.cylonid.nativealpha.WebViewActivity bounds=[0,932][540,1764] userId=0 visible=false
03-04 21:01:40.914 21193 22561 D DroidOS_MW: [getVisibleTaskComponents] display=0 VISIBLE results=[34501|com.cylonid.nativealpha/com.cylonid.nativealpha.MainActivity, 34434|com.termux/com.termux.app.TermuxActivity]
03-04 21:01:41.233 21193 22561 D DroidOS_MW: [getVisibleComponents] display=0 VISIBLE windows(6)=[ThumbsUpHandler_R, ThumbsUpHandler_L, NavigationBar0, com.cylonid.nativealpha/com.cylonid.nativealpha.MainActivity, com.termux/com.termux.app.TermuxActivity, com.android.systemui.wallpapers.ImageWallpaper]
03-04 21:01:41.233 21018 24118 D DroidOS_MW: [getObservedVisible] display=0 rawTaskComponents(2)=[34501|com.cylonid.nativealpha/com.cylonid.nativealpha.MainActivity, 34434|com.termux/com.termux.app.TermuxActivity]
03-04 21:01:41.233 21018 24118 D DroidOS_MW: [getObservedVisible] display=0 rawWindowComponents(6)=[ThumbsUpHandler_R, ThumbsUpHandler_L, NavigationBar0, com.cylonid.nativealpha/com.cylonid.nativealpha.MainActivity, com.termux/com.termux.app.TermuxActivity, com.android.systemui.wallpapers.ImageWallpaper]
03-04 21:01:41.241 21018 24118 D DroidOS_MW: [getObservedVisible] PARSED key=com.cylonid.nativealpha/com.cylonid.nativealpha.MainActivity pkg=com.cylonid.nativealpha cls=com.cylonid.nativealpha.MainActivity tid=34501 taskScoped=false
03-04 21:01:41.241 21018 24118 D DroidOS_MW: [getObservedVisible] PARSED key=com.termux/com.termux.app.TermuxActivity pkg=com.termux cls=com.termux.app.TermuxActivity tid=34434 taskScoped=false
03-04 21:01:41.241 21018 24118 D DroidOS_MW: [getObservedVisible] PARSED key=ThumbsUpHandler_R/ pkg=ThumbsUpHandler_R cls=null tid=null taskScoped=false
03-04 21:01:41.241 21018 24118 D DroidOS_MW: [getObservedVisible] PARSED key=ThumbsUpHandler_L/ pkg=ThumbsUpHandler_L cls=null tid=null taskScoped=false
03-04 21:01:41.241 21018 24118 D DroidOS_MW: [getObservedVisible] PARSED key=NavigationBar0/ pkg=NavigationBar0 cls=null tid=null taskScoped=false
03-04 21:01:41.241 21018 24118 D DroidOS_MW: [getObservedVisible] PARSED key=com.android.systemui.wallpapers.ImageWallpaper/ pkg=com.android.systemui.wallpapers.ImageWallpaper cls=null tid=null taskScoped=false
03-04 21:01:41.241 21018 24118 D DroidOS_MW: [matchObserved] appPkg=com.cylonid.nativealpha appClass=com.cylonid.nativealpha.WebViewActivity appTid=34503 vs obsPkg=com.cylonid.nativealpha obsCls=com.cylonid.nativealpha.MainActivity obsTid=34501 taskScoped=false obsTaskScoped=false
03-04 21:01:41.241 21018 24118 D DroidOS_MW: [matchObserved] RESULT=false for appPkg=com.cylonid.nativealpha appClass=com.cylonid.nativealpha.WebViewActivity vs obsPkg=com.cylonid.nativealpha obsCls=com.cylonid.nativealpha.MainActivity
03-04 21:01:41.544 21193 22561 D DroidOS_MW: [getVisibleTaskComponents] display=0 ALL task lines (13):
03-04 21:01:41.544 21193 22561 D DroidOS_MW:   taskId=34501: com.cylonid.nativealpha/com.cylonid.nativealpha.MainActivity bounds=[0,932][540,1764] userId=0 visible=true topActivity=ComponentInfo{com.cylonid.nativealpha/com.cylonid.nativealpha.MainActivity}
03-04 21:01:41.544 21193 22561 D DroidOS_MW:   taskId=34434: com.termux/com.termux.app.TermuxActivity bounds=[0,116][540,948] userId=0 visible=true topActivity=ComponentInfo{com.termux/com.termux.app.TermuxActivity}
03-04 21:01:41.544 21193 22561 D DroidOS_MW:   taskId=33588: com.sec.android.app.launcher/com.sec.android.app.launcher.activities.LauncherActivity bounds=[0,0][1080,2520] userId=0 visible=true topActivity=ComponentInfo{com.sec.android.app.launcher/com.sec.android.app.launcher.activities.LauncherActivity}
03-04 21:01:41.544 21193 22561 D DroidOS_MW:   taskId=33752: com.sec.android.app.launcher/com.android.quickstep.RecentsActivity bounds=[0,0][1080,2520] userId=0 visible=false topActivity=ComponentInfo{com.sec.android.app.launcher/com.android.quickstep.RecentsActivity}
03-04 21:01:41.544 21193 22561 D DroidOS_MW:   taskId=33284: unknown bounds=[0,0][1080,1300] userId=0 visible=false
03-04 21:01:41.544 21193 22561 D DroidOS_MW:   taskId=33285: unknown bounds=[0,1313][1080,2520] userId=0 visible=false
03-04 21:01:41.544 21193 22561 D DroidOS_MW:   taskId=33286: unknown bounds=[0,0][1080,2520] userId=0 visible=false
03-04 21:01:41.544 21193 22561 D DroidOS_MW:   taskId=33287: unknown bounds=[0,0][1080,2520] userId=0 visible=false
03-04 21:01:41.544 21193 22561 D DroidOS_MW:   taskId=33289: unknown bounds=[0,0][1080,2520] userId=0 visible=false
03-04 21:01:41.544 21193 22561 D DroidOS_MW:   taskId=33288: unknown bounds=[0,0][1080,2520] userId=0 visible=false
03-04 21:01:41.544 21193 22561 D DroidOS_MW:   taskId=34338: com.google.android.apps.messaging/com.google.android.apps.messaging.ui.ConversationListActivity bounds=[621,116][964,2536] userId=0 visible=false
03-04 21:01:41.544 21193 22561 D DroidOS_MW:   taskId=34221: com.google.android.apps.googlevoice/com.google.android.apps.googlevoice.SplashActivity bounds=[270,116][810,2536] userId=0 visible=false
03-04 21:01:41.544 21193 22561 D DroidOS_MW:   taskId=34503: com.cylonid.nativealpha/com.cylonid.nativealpha.WebViewActivity bounds=[0,932][540,1764] userId=0 visible=false
03-04 21:01:41.544 21193 22561 D DroidOS_MW: [getVisibleTaskComponents] display=0 VISIBLE results=[34501|com.cylonid.nativealpha/com.cylonid.nativealpha.MainActivity, 34434|com.termux/com.termux.app.TermuxActivity]
03-04 21:01:41.545 21018 24118 D DroidOS_MW: [getObservedVisible] display=0 rawTaskComponents(2)=[34501|com.cylonid.nativealpha/com.cylonid.nativealpha.MainActivity, 34434|com.termux/com.termux.app.TermuxActivity]
03-04 21:01:41.545 21018 24118 D DroidOS_MW: [getObservedVisible] display=0 rawWindowComponents(6)=[ThumbsUpHandler_R, ThumbsUpHandler_L, NavigationBar0, com.cylonid.nativealpha/com.cylonid.nativealpha.MainActivity, com.termux/com.termux.app.TermuxActivity, com.android.systemui.wallpapers.ImageWallpaper]
03-04 21:01:41.546 21018 24118 D DroidOS_MW: [getObservedVisible] PARSED key=com.cylonid.nativealpha/com.cylonid.nativealpha.MainActivity pkg=com.cylonid.nativealpha cls=com.cylonid.nativealpha.MainActivity tid=34501 taskScoped=false
03-04 21:01:41.546 21018 24118 D DroidOS_MW: [getObservedVisible] PARSED key=com.termux/com.termux.app.TermuxActivity pkg=com.termux cls=com.termux.app.TermuxActivity tid=34434 taskScoped=false
03-04 21:01:41.546 21018 24118 D DroidOS_MW: [getObservedVisible] PARSED key=ThumbsUpHandler_R/ pkg=ThumbsUpHandler_R cls=null tid=null taskScoped=false
03-04 21:01:41.546 21018 24118 D DroidOS_MW: [getObservedVisible] PARSED key=ThumbsUpHandler_L/ pkg=ThumbsUpHandler_L cls=null tid=null taskScoped=false
03-04 21:01:41.546 21018 24118 D DroidOS_MW: [getObservedVisible] PARSED key=NavigationBar0/ pkg=NavigationBar0 cls=null tid=null taskScoped=false
03-04 21:01:41.546 21018 24118 D DroidOS_MW: [getObservedVisible] PARSED key=com.android.systemui.wallpapers.ImageWallpaper/ pkg=com.android.systemui.wallpapers.ImageWallpaper cls=null tid=null taskScoped=false
03-04 21:01:41.546 21018 24118 D DroidOS_MW: [matchObserved] appPkg=com.cylonid.nativealpha appClass=com.cylonid.nativealpha.WebViewActivity appTid=34503 vs obsPkg=com.cylonid.nativealpha obsCls=com.cylonid.nativealpha.MainActivity obsTid=34501 taskScoped=false obsTaskScoped=false
03-04 21:01:41.546 21018 24118 D DroidOS_MW: [matchObserved] RESULT=false for appPkg=com.cylonid.nativealpha appClass=com.cylonid.nativealpha.WebViewActivity vs obsPkg=com.cylonid.nativealpha obsCls=com.cylonid.nativealpha.MainActivity
03-04 21:01:41.612 21193 22561 D DroidOS_MW: [getVisibleTaskComponents] display=0 ALL task lines (13):
03-04 21:01:41.612 21193 22561 D DroidOS_MW:   taskId=34501: com.cylonid.nativealpha/com.cylonid.nativealpha.MainActivity bounds=[0,932][540,1764] userId=0 visible=true topActivity=ComponentInfo{com.cylonid.nativealpha/com.cylonid.nativealpha.MainActivity}
03-04 21:01:41.612 21193 22561 D DroidOS_MW:   taskId=34434: com.termux/com.termux.app.TermuxActivity bounds=[0,116][540,948] userId=0 visible=true topActivity=ComponentInfo{com.termux/com.termux.app.TermuxActivity}
03-04 21:01:41.612 21193 22561 D DroidOS_MW:   taskId=33588: com.sec.android.app.launcher/com.sec.android.app.launcher.activities.LauncherActivity bounds=[0,0][1080,2520] userId=0 visible=true topActivity=ComponentInfo{com.sec.android.app.launcher/com.sec.android.app.launcher.activities.LauncherActivity}
03-04 21:01:41.612 21193 22561 D DroidOS_MW:   taskId=33752: com.sec.android.app.launcher/com.android.quickstep.RecentsActivity bounds=[0,0][1080,2520] userId=0 visible=false topActivity=ComponentInfo{com.sec.android.app.launcher/com.android.quickstep.RecentsActivity}
03-04 21:01:41.612 21193 22561 D DroidOS_MW:   taskId=33284: unknown bounds=[0,0][1080,1300] userId=0 visible=false
03-04 21:01:41.612 21193 22561 D DroidOS_MW:   taskId=33285: unknown bounds=[0,1313][1080,2520] userId=0 visible=false
03-04 21:01:41.612 21193 22561 D DroidOS_MW:   taskId=33286: unknown bounds=[0,0][1080,2520] userId=0 visible=false
03-04 21:01:41.612 21193 22561 D DroidOS_MW:   taskId=33287: unknown bounds=[0,0][1080,2520] userId=0 visible=false
03-04 21:01:41.612 21193 22561 D DroidOS_MW:   taskId=33289: unknown bounds=[0,0][1080,2520] userId=0 visible=false
03-04 21:01:41.612 21193 22561 D DroidOS_MW:   taskId=33288: unknown bounds=[0,0][1080,2520] userId=0 visible=false
03-04 21:01:41.612 21193 22561 D DroidOS_MW:   taskId=34338: com.google.android.apps.messaging/com.google.android.apps.messaging.ui.ConversationListActivity bounds=[621,116][964,2536] userId=0 visible=false
03-04 21:01:41.612 21193 22561 D DroidOS_MW:   taskId=34221: com.google.android.apps.googlevoice/com.google.android.apps.googlevoice.SplashActivity bounds=[270,116][810,2536] userId=0 visible=false
03-04 21:01:41.612 21193 22561 D DroidOS_MW:   taskId=34503: com.cylonid.nativealpha/com.cylonid.nativealpha.WebViewActivity bounds=[0,932][540,1764] userId=0 visible=false
03-04 21:01:41.612 21193 22561 D DroidOS_MW: [getVisibleTaskComponents] display=0 VISIBLE results=[34501|com.cylonid.nativealpha/com.cylonid.nativealpha.MainActivity, 34434|com.termux/com.termux.app.TermuxActivity]
03-04 21:01:41.612 21018 24118 D DroidOS_MW: [getObservedVisible] display=0 rawTaskComponents(2)=[34501|com.cylonid.nativealpha/com.cylonid.nativealpha.MainActivity, 34434|com.termux/com.termux.app.TermuxActivity]
03-04 21:01:41.612 21018 24118 D DroidOS_MW: [getObservedVisible] display=0 rawWindowComponents(6)=[ThumbsUpHandler_R, ThumbsUpHandler_L, NavigationBar0, com.cylonid.nativealpha/com.cylonid.nativealpha.MainActivity, com.termux/com.termux.app.TermuxActivity, com.android.systemui.wallpapers.ImageWallpaper]
03-04 21:01:41.613 21018 24118 D DroidOS_MW: [getObservedVisible] PARSED key=com.cylonid.nativealpha/com.cylonid.nativealpha.MainActivity pkg=com.cylonid.nativealpha cls=com.cylonid.nativealpha.MainActivity tid=34501 taskScoped=false
03-04 21:01:41.613 21018 24118 D DroidOS_MW: [getObservedVisible] PARSED key=com.termux/com.termux.app.TermuxActivity pkg=com.termux cls=com.termux.app.TermuxActivity tid=34434 taskScoped=false
03-04 21:01:41.613 21018 24118 D DroidOS_MW: [getObservedVisible] PARSED key=ThumbsUpHandler_R/ pkg=ThumbsUpHandler_R cls=null tid=null taskScoped=false
03-04 21:01:41.613 21018 24118 D DroidOS_MW: [getObservedVisible] PARSED key=ThumbsUpHandler_L/ pkg=ThumbsUpHandler_L cls=null tid=null taskScoped=false
03-04 21:01:41.613 21018 24118 D DroidOS_MW: [getObservedVisible] PARSED key=NavigationBar0/ pkg=NavigationBar0 cls=null tid=null taskScoped=false
03-04 21:01:41.613 21018 24118 D DroidOS_MW: [getObservedVisible] PARSED key=com.android.systemui.wallpapers.ImageWallpaper/ pkg=com.android.systemui.wallpapers.ImageWallpaper cls=null tid=null taskScoped=false
03-04 21:01:41.614 21018 24118 D DroidOS_MW: [matchObserved] appPkg=com.cylonid.nativealpha appClass=com.cylonid.nativealpha.WebViewActivity appTid=34503 vs obsPkg=com.cylonid.nativealpha obsCls=com.cylonid.nativealpha.MainActivity obsTid=34501 taskScoped=false obsTaskScoped=false
03-04 21:01:41.614 21018 24118 D DroidOS_MW: [matchObserved] RESULT=false for appPkg=com.cylonid.nativealpha appClass=com.cylonid.nativealpha.WebViewActivity vs obsPkg=com.cylonid.nativealpha obsCls=com.cylonid.nativealpha.MainActivity
03-04 21:01:41.893 21193 22561 D DroidOS_MW: [getVisibleTaskComponents] display=0 ALL task lines (13):
03-04 21:01:41.893 21193 22561 D DroidOS_MW:   taskId=34501: com.cylonid.nativealpha/com.cylonid.nativealpha.MainActivity bounds=[0,932][540,1764] userId=0 visible=true topActivity=ComponentInfo{com.cylonid.nativealpha/com.cylonid.nativealpha.MainActivity}
03-04 21:01:41.893 21193 22561 D DroidOS_MW:   taskId=34434: com.termux/com.termux.app.TermuxActivity bounds=[0,116][540,948] userId=0 visible=true topActivity=ComponentInfo{com.termux/com.termux.app.TermuxActivity}
03-04 21:01:41.893 21193 22561 D DroidOS_MW:   taskId=33588: com.sec.android.app.launcher/com.sec.android.app.launcher.activities.LauncherActivity bounds=[0,0][1080,2520] userId=0 visible=true topActivity=ComponentInfo{com.sec.android.app.launcher/com.sec.android.app.launcher.activities.LauncherActivity}
03-04 21:01:41.893 21193 22561 D DroidOS_MW:   taskId=33752: com.sec.android.app.launcher/com.android.quickstep.RecentsActivity bounds=[0,0][1080,2520] userId=0 visible=false topActivity=ComponentInfo{com.sec.android.app.launcher/com.android.quickstep.RecentsActivity}
03-04 21:01:41.893 21193 22561 D DroidOS_MW:   taskId=33284: unknown bounds=[0,0][1080,1300] userId=0 visible=false
03-04 21:01:41.893 21193 22561 D DroidOS_MW:   taskId=33285: unknown bounds=[0,1313][1080,2520] userId=0 visible=false
03-04 21:01:41.893 21193 22561 D DroidOS_MW:   taskId=33286: unknown bounds=[0,0][1080,2520] userId=0 visible=false
03-04 21:01:41.893 21193 22561 D DroidOS_MW:   taskId=33287: unknown bounds=[0,0][1080,2520] userId=0 visible=false
03-04 21:01:41.894 21193 22561 D DroidOS_MW:   taskId=33289: unknown bounds=[0,0][1080,2520] userId=0 visible=false
03-04 21:01:41.894 21193 22561 D DroidOS_MW:   taskId=33288: unknown bounds=[0,0][1080,2520] userId=0 visible=false
03-04 21:01:41.894 21193 22561 D DroidOS_MW:   taskId=34338: com.google.android.apps.messaging/com.google.android.apps.messaging.ui.ConversationListActivity bounds=[621,116][964,2536] userId=0 visible=false
03-04 21:01:41.894 21193 22561 D DroidOS_MW:   taskId=34221: com.google.android.apps.googlevoice/com.google.android.apps.googlevoice.SplashActivity bounds=[270,116][810,2536] userId=0 visible=false
03-04 21:01:41.894 21193 22561 D DroidOS_MW:   taskId=34503: com.cylonid.nativealpha/com.cylonid.nativealpha.WebViewActivity bounds=[0,932][540,1764] userId=0 visible=false
03-04 21:01:41.894 21193 22561 D DroidOS_MW: [getVisibleTaskComponents] display=0 VISIBLE results=[34501|com.cylonid.nativealpha/com.cylonid.nativealpha.MainActivity, 34434|com.termux/com.termux.app.TermuxActivity]
03-04 21:01:42.071 21193 22561 D DroidOS_MW: [getVisibleComponents] display=0 VISIBLE windows(6)=[ThumbsUpHandler_R, ThumbsUpHandler_L, NavigationBar0, com.cylonid.nativealpha/com.cylonid.nativealpha.MainActivity, com.termux/com.termux.app.TermuxActivity, com.android.systemui.wallpapers.ImageWallpaper]
03-04 21:01:42.071 21018 24118 D DroidOS_MW: [getObservedVisible] display=0 rawTaskComponents(2)=[34501|com.cylonid.nativealpha/com.cylonid.nativealpha.MainActivity, 34434|com.termux/com.termux.app.TermuxActivity]
03-04 21:01:42.071 21018 24118 D DroidOS_MW: [getObservedVisible] display=0 rawWindowComponents(6)=[ThumbsUpHandler_R, ThumbsUpHandler_L, NavigationBar0, com.cylonid.nativealpha/com.cylonid.nativealpha.MainActivity, com.termux/com.termux.app.TermuxActivity, com.android.systemui.wallpapers.ImageWallpaper]
03-04 21:01:42.072 21018 24118 D DroidOS_MW: [getObservedVisible] PARSED key=com.cylonid.nativealpha/com.cylonid.nativealpha.MainActivity pkg=com.cylonid.nativealpha cls=com.cylonid.nativealpha.MainActivity tid=34501 taskScoped=false
03-04 21:01:42.072 21018 24118 D DroidOS_MW: [getObservedVisible] PARSED key=com.termux/com.termux.app.TermuxActivity pkg=com.termux cls=com.termux.app.TermuxActivity tid=34434 taskScoped=false
03-04 21:01:42.072 21018 24118 D DroidOS_MW: [getObservedVisible] PARSED key=ThumbsUpHandler_R/ pkg=ThumbsUpHandler_R cls=null tid=null taskScoped=false
03-04 21:01:42.072 21018 24118 D DroidOS_MW: [getObservedVisible] PARSED key=ThumbsUpHandler_L/ pkg=ThumbsUpHandler_L cls=null tid=null taskScoped=false
03-04 21:01:42.072 21018 24118 D DroidOS_MW: [getObservedVisible] PARSED key=NavigationBar0/ pkg=NavigationBar0 cls=null tid=null taskScoped=false
03-04 21:01:42.072 21018 24118 D DroidOS_MW: [getObservedVisible] PARSED key=com.android.systemui.wallpapers.ImageWallpaper/ pkg=com.android.systemui.wallpapers.ImageWallpaper cls=null tid=null taskScoped=false
03-04 21:01:42.072 21018 24118 D DroidOS_MW: [matchObserved] appPkg=com.cylonid.nativealpha appClass=com.cylonid.nativealpha.WebViewActivity appTid=34503 vs obsPkg=com.cylonid.nativealpha obsCls=com.cylonid.nativealpha.MainActivity obsTid=34501 taskScoped=false obsTaskScoped=false
03-04 21:01:42.072 21018 24118 D DroidOS_MW: [matchObserved] RESULT=false for appPkg=com.cylonid.nativealpha appClass=com.cylonid.nativealpha.WebViewActivity vs obsPkg=com.cylonid.nativealpha obsCls=com.cylonid.nativealpha.MainActivity
03-04 21:01:42.142 21193 22561 D DroidOS_MW: [getVisibleTaskComponents] display=0 ALL task lines (13):
03-04 21:01:42.142 21193 22561 D DroidOS_MW:   taskId=34501: com.cylonid.nativealpha/com.cylonid.nativealpha.MainActivity bounds=[0,932][540,1764] userId=0 visible=true topActivity=ComponentInfo{com.cylonid.nativealpha/com.cylonid.nativealpha.MainActivity}
03-04 21:01:42.142 21193 22561 D DroidOS_MW:   taskId=34434: com.termux/com.termux.app.TermuxActivity bounds=[0,116][540,948] userId=0 visible=true topActivity=ComponentInfo{com.termux/com.termux.app.TermuxActivity}
03-04 21:01:42.142 21193 22561 D DroidOS_MW:   taskId=33588: com.sec.android.app.launcher/com.sec.android.app.launcher.activities.LauncherActivity bounds=[0,0][1080,2520] userId=0 visible=true topActivity=ComponentInfo{com.sec.android.app.launcher/com.sec.android.app.launcher.activities.LauncherActivity}
03-04 21:01:42.142 21193 22561 D DroidOS_MW:   taskId=33752: com.sec.android.app.launcher/com.android.quickstep.RecentsActivity bounds=[0,0][1080,2520] userId=0 visible=false topActivity=ComponentInfo{com.sec.android.app.launcher/com.android.quickstep.RecentsActivity}
03-04 21:01:42.142 21193 22561 D DroidOS_MW:   taskId=33284: unknown bounds=[0,0][1080,1300] userId=0 visible=false
03-04 21:01:42.142 21193 22561 D DroidOS_MW:   taskId=33285: unknown bounds=[0,1313][1080,2520] userId=0 visible=false
03-04 21:01:42.142 21193 22561 D DroidOS_MW:   taskId=33286: unknown bounds=[0,0][1080,2520] userId=0 visible=false
03-04 21:01:42.142 21193 22561 D DroidOS_MW:   taskId=33287: unknown bounds=[0,0][1080,2520] userId=0 visible=false
03-04 21:01:42.142 21193 22561 D DroidOS_MW:   taskId=33289: unknown bounds=[0,0][1080,2520] userId=0 visible=false
03-04 21:01:42.142 21193 22561 D DroidOS_MW:   taskId=33288: unknown bounds=[0,0][1080,2520] userId=0 visible=false
03-04 21:01:42.142 21193 22561 D DroidOS_MW:   taskId=34338: com.google.android.apps.messaging/com.google.android.apps.messaging.ui.ConversationListActivity bounds=[621,116][964,2536] userId=0 visible=false
03-04 21:01:42.142 21193 22561 D DroidOS_MW:   taskId=34221: com.google.android.apps.googlevoice/com.google.android.apps.googlevoice.SplashActivity bounds=[270,116][810,2536] userId=0 visible=false
03-04 21:01:42.142 21193 22561 D DroidOS_MW:   taskId=34503: com.cylonid.nativealpha/com.cylonid.nativealpha.WebViewActivity bounds=[0,932][540,1764] userId=0 visible=false
03-04 21:01:42.142 21193 22561 D DroidOS_MW: [getVisibleTaskComponents] display=0 VISIBLE results=[34501|com.cylonid.nativealpha/com.cylonid.nativealpha.MainActivity, 34434|com.termux/com.termux.app.TermuxActivity]
03-04 21:01:42.142 21018 24118 D DroidOS_MW: [getObservedVisible] display=0 rawTaskComponents(2)=[34501|com.cylonid.nativealpha/com.cylonid.nativealpha.MainActivity, 34434|com.termux/com.termux.app.TermuxActivity]
03-04 21:01:42.142 21018 24118 D DroidOS_MW: [getObservedVisible] display=0 rawWindowComponents(6)=[ThumbsUpHandler_R, ThumbsUpHandler_L, NavigationBar0, com.cylonid.nativealpha/com.cylonid.nativealpha.MainActivity, com.termux/com.termux.app.TermuxActivity, com.android.systemui.wallpapers.ImageWallpaper]
03-04 21:01:42.144 21018 24118 D DroidOS_MW: [getObservedVisible] PARSED key=com.cylonid.nativealpha/com.cylonid.nativealpha.MainActivity pkg=com.cylonid.nativealpha cls=com.cylonid.nativealpha.MainActivity tid=34501 taskScoped=false
03-04 21:01:42.144 21018 24118 D DroidOS_MW: [getObservedVisible] PARSED key=com.termux/com.termux.app.TermuxActivity pkg=com.termux cls=com.termux.app.TermuxActivity tid=34434 taskScoped=false
03-04 21:01:42.144 21018 24118 D DroidOS_MW: [getObservedVisible] PARSED key=ThumbsUpHandler_R/ pkg=ThumbsUpHandler_R cls=null tid=null taskScoped=false
03-04 21:01:42.144 21018 24118 D DroidOS_MW: [getObservedVisible] PARSED key=ThumbsUpHandler_L/ pkg=ThumbsUpHandler_L cls=null tid=null taskScoped=false
03-04 21:01:42.144 21018 24118 D DroidOS_MW: [getObservedVisible] PARSED key=NavigationBar0/ pkg=NavigationBar0 cls=null tid=null taskScoped=false
03-04 21:01:42.144 21018 24118 D DroidOS_MW: [getObservedVisible] PARSED key=com.android.systemui.wallpapers.ImageWallpaper/ pkg=com.android.systemui.wallpapers.ImageWallpaper cls=null tid=null taskScoped=false
03-04 21:01:42.144 21018 24118 D DroidOS_MW: [matchObserved] appPkg=com.cylonid.nativealpha appClass=com.cylonid.nativealpha.WebViewActivity appTid=34503 vs obsPkg=com.cylonid.nativealpha obsCls=com.cylonid.nativealpha.MainActivity obsTid=34501 taskScoped=false obsTaskScoped=false
03-04 21:01:42.144 21018 24118 D DroidOS_MW: [matchObserved] RESULT=false for appPkg=com.cylonid.nativealpha appClass=com.cylonid.nativealpha.WebViewActivity vs obsPkg=com.cylonid.nativealpha obsCls=com.cylonid.nativealpha.MainActivity
03-04 21:01:42.389 21193 22561 D DroidOS_MW: [getVisibleTaskComponents] display=0 ALL task lines (13):
03-04 21:01:42.389 21193 22561 D DroidOS_MW:   taskId=34501: com.cylonid.nativealpha/com.cylonid.nativealpha.MainActivity bounds=[0,932][540,1764] userId=0 visible=true topActivity=ComponentInfo{com.cylonid.nativealpha/com.cylonid.nativealpha.MainActivity}
03-04 21:01:42.389 21193 22561 D DroidOS_MW:   taskId=34434: com.termux/com.termux.app.TermuxActivity bounds=[0,116][540,948] userId=0 visible=true topActivity=ComponentInfo{com.termux/com.termux.app.TermuxActivity}
03-04 21:01:42.389 21193 22561 D DroidOS_MW:   taskId=33588: com.sec.android.app.launcher/com.sec.android.app.launcher.activities.LauncherActivity bounds=[0,0][1080,2520] userId=0 visible=true topActivity=ComponentInfo{com.sec.android.app.launcher/com.sec.android.app.launcher.activities.LauncherActivity}
03-04 21:01:42.389 21193 22561 D DroidOS_MW:   taskId=33752: com.sec.android.app.launcher/com.android.quickstep.RecentsActivity bounds=[0,0][1080,2520] userId=0 visible=false topActivity=ComponentInfo{com.sec.android.app.launcher/com.android.quickstep.RecentsActivity}
03-04 21:01:42.389 21193 22561 D DroidOS_MW:   taskId=33284: unknown bounds=[0,0][1080,1300] userId=0 visible=false
03-04 21:01:42.390 21193 22561 D DroidOS_MW:   taskId=33285: unknown bounds=[0,1313][1080,2520] userId=0 visible=false
03-04 21:01:42.390 21193 22561 D DroidOS_MW:   taskId=33286: unknown bounds=[0,0][1080,2520] userId=0 visible=false
03-04 21:01:42.390 21193 22561 D DroidOS_MW:   taskId=33287: unknown bounds=[0,0][1080,2520] userId=0 visible=false
03-04 21:01:42.390 21193 22561 D DroidOS_MW:   taskId=33289: unknown bounds=[0,0][1080,2520] userId=0 visible=false
03-04 21:01:42.390 21193 22561 D DroidOS_MW:   taskId=33288: unknown bounds=[0,0][1080,2520] userId=0 visible=false
03-04 21:01:42.390 21193 22561 D DroidOS_MW:   taskId=34338: com.google.android.apps.messaging/com.google.android.apps.messaging.ui.ConversationListActivity bounds=[621,116][964,2536] userId=0 visible=false
03-04 21:01:42.390 21193 22561 D DroidOS_MW:   taskId=34221: com.google.android.apps.googlevoice/com.google.android.apps.googlevoice.SplashActivity bounds=[270,116][810,2536] userId=0 visible=false
03-04 21:01:42.390 21193 22561 D DroidOS_MW:   taskId=34503: com.cylonid.nativealpha/com.cylonid.nativealpha.WebViewActivity bounds=[0,932][540,1764] userId=0 visible=false
03-04 21:01:42.390 21193 22561 D DroidOS_MW: [getVisibleTaskComponents] display=0 VISIBLE results=[34501|com.cylonid.nativealpha/com.cylonid.nativealpha.MainActivity, 34434|com.termux/com.termux.app.TermuxActivity]
03-04 21:01:42.391 21018 24118 D DroidOS_MW: [getObservedVisible] display=0 rawTaskComponents(2)=[34501|com.cylonid.nativealpha/com.cylonid.nativealpha.MainActivity, 34434|com.termux/com.termux.app.TermuxActivity]
03-04 21:01:42.391 21018 24118 D DroidOS_MW: [getObservedVisible] display=0 rawWindowComponents(6)=[ThumbsUpHandler_R, ThumbsUpHandler_L, NavigationBar0, com.cylonid.nativealpha/com.cylonid.nativealpha.MainActivity, com.termux/com.termux.app.TermuxActivity, com.android.systemui.wallpapers.ImageWallpaper]
03-04 21:01:42.392 21018 24118 D DroidOS_MW: [getObservedVisible] PARSED key=com.cylonid.nativealpha/com.cylonid.nativealpha.MainActivity pkg=com.cylonid.nativealpha cls=com.cylonid.nativealpha.MainActivity tid=34501 taskScoped=false
03-04 21:01:42.392 21018 24118 D DroidOS_MW: [getObservedVisible] PARSED key=com.termux/com.termux.app.TermuxActivity pkg=com.termux cls=com.termux.app.TermuxActivity tid=34434 taskScoped=false
03-04 21:01:42.392 21018 24118 D DroidOS_MW: [getObservedVisible] PARSED key=ThumbsUpHandler_R/ pkg=ThumbsUpHandler_R cls=null tid=null taskScoped=false
03-04 21:01:42.392 21018 24118 D DroidOS_MW: [getObservedVisible] PARSED key=ThumbsUpHandler_L/ pkg=ThumbsUpHandler_L cls=null tid=null taskScoped=false
03-04 21:01:42.392 21018 24118 D DroidOS_MW: [getObservedVisible] PARSED key=NavigationBar0/ pkg=NavigationBar0 cls=null tid=null taskScoped=false
03-04 21:01:42.392 21018 24118 D DroidOS_MW: [getObservedVisible] PARSED key=com.android.systemui.wallpapers.ImageWallpaper/ pkg=com.android.systemui.wallpapers.ImageWallpaper cls=null tid=null taskScoped=false
03-04 21:01:42.392 21018 24118 D DroidOS_MW: [matchObserved] appPkg=com.cylonid.nativealpha appClass=com.cylonid.nativealpha.WebViewActivity appTid=34503 vs obsPkg=com.cylonid.nativealpha obsCls=com.cylonid.nativealpha.MainActivity obsTid=34501 taskScoped=false obsTaskScoped=false
03-04 21:01:42.392 21018 24118 D DroidOS_MW: [matchObserved] RESULT=false for appPkg=com.cylonid.nativealpha appClass=com.cylonid.nativealpha.WebViewActivity vs obsPkg=com.cylonid.nativealpha obsCls=com.cylonid.nativealpha.MainActivity
03-04 21:01:42.635 21193 22561 D DroidOS_MW: [getVisibleTaskComponents] display=0 ALL task lines (13):
03-04 21:01:42.635 21193 22561 D DroidOS_MW:   taskId=34501: com.cylonid.nativealpha/com.cylonid.nativealpha.MainActivity bounds=[0,932][540,1764] userId=0 visible=true topActivity=ComponentInfo{com.cylonid.nativealpha/com.cylonid.nativealpha.MainActivity}
03-04 21:01:42.635 21193 22561 D DroidOS_MW:   taskId=34434: com.termux/com.termux.app.TermuxActivity bounds=[0,116][540,948] userId=0 visible=true topActivity=ComponentInfo{com.termux/com.termux.app.TermuxActivity}
03-04 21:01:42.635 21193 22561 D DroidOS_MW:   taskId=33588: com.sec.android.app.launcher/com.sec.android.app.launcher.activities.LauncherActivity bounds=[0,0][1080,2520] userId=0 visible=true topActivity=ComponentInfo{com.sec.android.app.launcher/com.sec.android.app.launcher.activities.LauncherActivity}
03-04 21:01:42.635 21193 22561 D DroidOS_MW:   taskId=33752: com.sec.android.app.launcher/com.android.quickstep.RecentsActivity bounds=[0,0][1080,2520] userId=0 visible=false topActivity=ComponentInfo{com.sec.android.app.launcher/com.android.quickstep.RecentsActivity}
03-04 21:01:42.635 21193 22561 D DroidOS_MW:   taskId=33284: unknown bounds=[0,0][1080,1300] userId=0 visible=false
03-04 21:01:42.636 21193 22561 D DroidOS_MW:   taskId=33285: unknown bounds=[0,1313][1080,2520] userId=0 visible=false
03-04 21:01:42.636 21193 22561 D DroidOS_MW:   taskId=33286: unknown bounds=[0,0][1080,2520] userId=0 visible=false
03-04 21:01:42.636 21193 22561 D DroidOS_MW:   taskId=33287: unknown bounds=[0,0][1080,2520] userId=0 visible=false
03-04 21:01:42.636 21193 22561 D DroidOS_MW:   taskId=33289: unknown bounds=[0,0][1080,2520] userId=0 visible=false
03-04 21:01:42.636 21193 22561 D DroidOS_MW:   taskId=33288: unknown bounds=[0,0][1080,2520] userId=0 visible=false
03-04 21:01:42.636 21193 22561 D DroidOS_MW:   taskId=34338: com.google.android.apps.messaging/com.google.android.apps.messaging.ui.ConversationListActivity bounds=[621,116][964,2536] userId=0 visible=false
03-04 21:01:42.636 21193 22561 D DroidOS_MW:   taskId=34221: com.google.android.apps.googlevoice/com.google.android.apps.googlevoice.SplashActivity bounds=[270,116][810,2536] userId=0 visible=false
03-04 21:01:42.636 21193 22561 D DroidOS_MW:   taskId=34503: com.cylonid.nativealpha/com.cylonid.nativealpha.WebViewActivity bounds=[0,932][540,1764] userId=0 visible=false
03-04 21:01:42.636 21193 22561 D DroidOS_MW: [getVisibleTaskComponents] display=0 VISIBLE results=[34501|com.cylonid.nativealpha/com.cylonid.nativealpha.MainActivity, 34434|com.termux/com.termux.app.TermuxActivity]
03-04 21:01:42.639 21018 24118 D DroidOS_MW: [getObservedVisible] display=0 rawTaskComponents(2)=[34501|com.cylonid.nativealpha/com.cylonid.nativealpha.MainActivity, 34434|com.termux/com.termux.app.TermuxActivity]
03-04 21:01:42.639 21018 24118 D DroidOS_MW: [getObservedVisible] display=0 rawWindowComponents(6)=[ThumbsUpHandler_R, ThumbsUpHandler_L, NavigationBar0, com.cylonid.nativealpha/com.cylonid.nativealpha.MainActivity, com.termux/com.termux.app.TermuxActivity, com.android.systemui.wallpapers.ImageWallpaper]
03-04 21:01:42.640 21018 24118 D DroidOS_MW: [getObservedVisible] PARSED key=com.cylonid.nativealpha/com.cylonid.nativealpha.MainActivity pkg=com.cylonid.nativealpha cls=com.cylonid.nativealpha.MainActivity tid=34501 taskScoped=false
03-04 21:01:42.640 21018 24118 D DroidOS_MW: [getObservedVisible] PARSED key=com.termux/com.termux.app.TermuxActivity pkg=com.termux cls=com.termux.app.TermuxActivity tid=34434 taskScoped=false
03-04 21:01:42.640 21018 24118 D DroidOS_MW: [getObservedVisible] PARSED key=ThumbsUpHandler_R/ pkg=ThumbsUpHandler_R cls=null tid=null taskScoped=false
03-04 21:01:42.640 21018 24118 D DroidOS_MW: [getObservedVisible] PARSED key=ThumbsUpHandler_L/ pkg=ThumbsUpHandler_L cls=null tid=null taskScoped=false
03-04 21:01:42.640 21018 24118 D DroidOS_MW: [getObservedVisible] PARSED key=NavigationBar0/ pkg=NavigationBar0 cls=null tid=null taskScoped=false
03-04 21:01:42.640 21018 24118 D DroidOS_MW: [getObservedVisible] PARSED key=com.android.systemui.wallpapers.ImageWallpaper/ pkg=com.android.systemui.wallpapers.ImageWallpaper cls=null tid=null taskScoped=false
03-04 21:01:42.640 21018 24118 D DroidOS_MW: [matchObserved] appPkg=com.cylonid.nativealpha appClass=com.cylonid.nativealpha.WebViewActivity appTid=34503 vs obsPkg=com.cylonid.nativealpha obsCls=com.cylonid.nativealpha.MainActivity obsTid=34501 taskScoped=false obsTaskScoped=false
03-04 21:01:42.640 21018 24118 D DroidOS_MW: [matchObserved] RESULT=false for appPkg=com.cylonid.nativealpha appClass=com.cylonid.nativealpha.WebViewActivity vs obsPkg=com.cylonid.nativealpha obsCls=com.cylonid.nativealpha.MainActivity
03-04 21:01:42.686 21193 22561 D DroidOS_MW: [getVisibleTaskComponents] display=0 ALL task lines (13):
03-04 21:01:42.686 21193 22561 D DroidOS_MW:   taskId=34501: com.cylonid.nativealpha/com.cylonid.nativealpha.MainActivity bounds=[0,932][540,1764] userId=0 visible=true topActivity=ComponentInfo{com.cylonid.nativealpha/com.cylonid.nativealpha.MainActivity}
03-04 21:01:42.686 21193 22561 D DroidOS_MW:   taskId=34434: com.termux/com.termux.app.TermuxActivity bounds=[0,116][540,948] userId=0 visible=true topActivity=ComponentInfo{com.termux/com.termux.app.TermuxActivity}
03-04 21:01:42.686 21193 22561 D DroidOS_MW:   taskId=33588: com.sec.android.app.launcher/com.sec.android.app.launcher.activities.LauncherActivity bounds=[0,0][1080,2520] userId=0 visible=true topActivity=ComponentInfo{com.sec.android.app.launcher/com.sec.android.app.launcher.activities.LauncherActivity}
03-04 21:01:42.686 21193 22561 D DroidOS_MW:   taskId=33752: com.sec.android.app.launcher/com.android.quickstep.RecentsActivity bounds=[0,0][1080,2520] userId=0 visible=false topActivity=ComponentInfo{com.sec.android.app.launcher/com.android.quickstep.RecentsActivity}
03-04 21:01:42.686 21193 22561 D DroidOS_MW:   taskId=33284: unknown bounds=[0,0][1080,1300] userId=0 visible=false
03-04 21:01:42.686 21193 22561 D DroidOS_MW:   taskId=33285: unknown bounds=[0,1313][1080,2520] userId=0 visible=false
03-04 21:01:42.686 21193 22561 D DroidOS_MW:   taskId=33286: unknown bounds=[0,0][1080,2520] userId=0 visible=false
03-04 21:01:42.686 21193 22561 D DroidOS_MW:   taskId=33287: unknown bounds=[0,0][1080,2520] userId=0 visible=false
03-04 21:01:42.686 21193 22561 D DroidOS_MW:   taskId=33289: unknown bounds=[0,0][1080,2520] userId=0 visible=false
03-04 21:01:42.686 21193 22561 D DroidOS_MW:   taskId=33288: unknown bounds=[0,0][1080,2520] userId=0 visible=false
03-04 21:01:42.686 21193 22561 D DroidOS_MW:   taskId=34338: com.google.android.apps.messaging/com.google.android.apps.messaging.ui.ConversationListActivity bounds=[621,116][964,2536] userId=0 visible=false
03-04 21:01:42.686 21193 22561 D DroidOS_MW:   taskId=34221: com.google.android.apps.googlevoice/com.google.android.apps.googlevoice.SplashActivity bounds=[270,116][810,2536] userId=0 visible=false
03-04 21:01:42.686 21193 22561 D DroidOS_MW:   taskId=34503: com.cylonid.nativealpha/com.cylonid.nativealpha.WebViewActivity bounds=[0,932][540,1764] userId=0 visible=false
03-04 21:01:42.686 21193 22561 D DroidOS_MW: [getVisibleTaskComponents] display=0 VISIBLE results=[34501|com.cylonid.nativealpha/com.cylonid.nativealpha.MainActivity, 34434|com.termux/com.termux.app.TermuxActivity]
03-04 21:01:42.687 21018 24118 D DroidOS_MW: [getObservedVisible] display=0 rawTaskComponents(2)=[34501|com.cylonid.nativealpha/com.cylonid.nativealpha.MainActivity, 34434|com.termux/com.termux.app.TermuxActivity]
03-04 21:01:42.687 21018 24118 D DroidOS_MW: [getObservedVisible] display=0 rawWindowComponents(6)=[ThumbsUpHandler_R, ThumbsUpHandler_L, NavigationBar0, com.cylonid.nativealpha/com.cylonid.nativealpha.MainActivity, com.termux/com.termux.app.TermuxActivity, com.android.systemui.wallpapers.ImageWallpaper]
03-04 21:01:42.688 21018 24118 D DroidOS_MW: [getObservedVisible] PARSED key=com.cylonid.nativealpha/com.cylonid.nativealpha.MainActivity pkg=com.cylonid.nativealpha cls=com.cylonid.nativealpha.MainActivity tid=34501 taskScoped=false
03-04 21:01:42.688 21018 24118 D DroidOS_MW: [getObservedVisible] PARSED key=com.termux/com.termux.app.TermuxActivity pkg=com.termux cls=com.termux.app.TermuxActivity tid=34434 taskScoped=false
03-04 21:01:42.688 21018 24118 D DroidOS_MW: [getObservedVisible] PARSED key=ThumbsUpHandler_R/ pkg=ThumbsUpHandler_R cls=null tid=null taskScoped=false
03-04 21:01:42.688 21018 24118 D DroidOS_MW: [getObservedVisible] PARSED key=ThumbsUpHandler_L/ pkg=ThumbsUpHandler_L cls=null tid=null taskScoped=false
03-04 21:01:42.688 21018 24118 D DroidOS_MW: [getObservedVisible] PARSED key=NavigationBar0/ pkg=NavigationBar0 cls=null tid=null taskScoped=false
03-04 21:01:42.688 21018 24118 D DroidOS_MW: [getObservedVisible] PARSED key=com.android.systemui.wallpapers.ImageWallpaper/ pkg=com.android.systemui.wallpapers.ImageWallpaper cls=null tid=null taskScoped=false
03-04 21:01:42.688 21018 24118 D DroidOS_MW: [matchObserved] appPkg=com.cylonid.nativealpha appClass=com.cylonid.nativealpha.WebViewActivity appTid=34503 vs obsPkg=com.cylonid.nativealpha obsCls=com.cylonid.nativealpha.MainActivity obsTid=34501 taskScoped=false obsTaskScoped=false
03-04 21:01:42.688 21018 24118 D DroidOS_MW: [matchObserved] RESULT=false for appPkg=com.cylonid.nativealpha appClass=com.cylonid.nativealpha.WebViewActivity vs obsPkg=com.cylonid.nativealpha obsCls=com.cylonid.nativealpha.MainActivity
03-04 21:01:42.754 21193 22561 D DroidOS_MW: [getVisibleTaskComponents] display=0 ALL task lines (13):
03-04 21:01:42.754 21193 22561 D DroidOS_MW:   taskId=34501: com.cylonid.nativealpha/com.cylonid.nativealpha.MainActivity bounds=[0,932][540,1764] userId=0 visible=true topActivity=ComponentInfo{com.cylonid.nativealpha/com.cylonid.nativealpha.MainActivity}
03-04 21:01:42.754 21193 22561 D DroidOS_MW:   taskId=34434: com.termux/com.termux.app.TermuxActivity bounds=[0,116][540,948] userId=0 visible=true topActivity=ComponentInfo{com.termux/com.termux.app.TermuxActivity}
03-04 21:01:42.754 21193 22561 D DroidOS_MW:   taskId=33588: com.sec.android.app.launcher/com.sec.android.app.launcher.activities.LauncherActivity bounds=[0,0][1080,2520] userId=0 visible=true topActivity=ComponentInfo{com.sec.android.app.launcher/com.sec.android.app.launcher.activities.LauncherActivity}
03-04 21:01:42.754 21193 22561 D DroidOS_MW:   taskId=33752: com.sec.android.app.launcher/com.android.quickstep.RecentsActivity bounds=[0,0][1080,2520] userId=0 visible=false topActivity=ComponentInfo{com.sec.android.app.launcher/com.android.quickstep.RecentsActivity}
03-04 21:01:42.754 21193 22561 D DroidOS_MW:   taskId=33284: unknown bounds=[0,0][1080,1300] userId=0 visible=false
03-04 21:01:42.754 21193 22561 D DroidOS_MW:   taskId=33285: unknown bounds=[0,1313][1080,2520] userId=0 visible=false
03-04 21:01:42.754 21193 22561 D DroidOS_MW:   taskId=33286: unknown bounds=[0,0][1080,2520] userId=0 visible=false
03-04 21:01:42.754 21193 22561 D DroidOS_MW:   taskId=33287: unknown bounds=[0,0][1080,2520] userId=0 visible=false
03-04 21:01:42.754 21193 22561 D DroidOS_MW:   taskId=33289: unknown bounds=[0,0][1080,2520] userId=0 visible=false
03-04 21:01:42.754 21193 22561 D DroidOS_MW:   taskId=33288: unknown bounds=[0,0][1080,2520] userId=0 visible=false
03-04 21:01:42.754 21193 22561 D DroidOS_MW:   taskId=34338: com.google.android.apps.messaging/com.google.android.apps.messaging.ui.ConversationListActivity bounds=[621,116][964,2536] userId=0 visible=false
03-04 21:01:42.754 21193 22561 D DroidOS_MW:   taskId=34221: com.google.android.apps.googlevoice/com.google.android.apps.googlevoice.SplashActivity bounds=[270,116][810,2536] userId=0 visible=false
03-04 21:01:42.754 21193 22561 D DroidOS_MW:   taskId=34503: com.cylonid.nativealpha/com.cylonid.nativealpha.WebViewActivity bounds=[0,932][540,1764] userId=0 visible=false
03-04 21:01:42.754 21193 22561 D DroidOS_MW: [getVisibleTaskComponents] display=0 VISIBLE results=[34501|com.cylonid.nativealpha/com.cylonid.nativealpha.MainActivity, 34434|com.termux/com.termux.app.TermuxActivity]
03-04 21:01:42.954 21193 22561 D DroidOS_MW: [getVisibleComponents] display=0 VISIBLE windows(6)=[ThumbsUpHandler_R, ThumbsUpHandler_L, NavigationBar0, com.cylonid.nativealpha/com.cylonid.nativealpha.MainActivity, com.termux/com.termux.app.TermuxActivity, com.android.systemui.wallpapers.ImageWallpaper]
03-04 21:01:42.954 21018 24118 D DroidOS_MW: [getObservedVisible] display=0 rawTaskComponents(2)=[34501|com.cylonid.nativealpha/com.cylonid.nativealpha.MainActivity, 34434|com.termux/com.termux.app.TermuxActivity]
03-04 21:01:42.954 21018 24118 D DroidOS_MW: [getObservedVisible] display=0 rawWindowComponents(6)=[ThumbsUpHandler_R, ThumbsUpHandler_L, NavigationBar0, com.cylonid.nativealpha/com.cylonid.nativealpha.MainActivity, com.termux/com.termux.app.TermuxActivity, com.android.systemui.wallpapers.ImageWallpaper]
03-04 21:01:42.955 21018 24118 D DroidOS_MW: [getObservedVisible] PARSED key=com.cylonid.nativealpha/com.cylonid.nativealpha.MainActivity pkg=com.cylonid.nativealpha cls=com.cylonid.nativealpha.MainActivity tid=34501 taskScoped=false
03-04 21:01:42.955 21018 24118 D DroidOS_MW: [getObservedVisible] PARSED key=com.termux/com.termux.app.TermuxActivity pkg=com.termux cls=com.termux.app.TermuxActivity tid=34434 taskScoped=false
03-04 21:01:42.955 21018 24118 D DroidOS_MW: [getObservedVisible] PARSED key=ThumbsUpHandler_R/ pkg=ThumbsUpHandler_R cls=null tid=null taskScoped=false
03-04 21:01:42.955 21018 24118 D DroidOS_MW: [getObservedVisible] PARSED key=ThumbsUpHandler_L/ pkg=ThumbsUpHandler_L cls=null tid=null taskScoped=false
03-04 21:01:42.955 21018 24118 D DroidOS_MW: [getObservedVisible] PARSED key=NavigationBar0/ pkg=NavigationBar0 cls=null tid=null taskScoped=false
03-04 21:01:42.955 21018 24118 D DroidOS_MW: [getObservedVisible] PARSED key=com.android.systemui.wallpapers.ImageWallpaper/ pkg=com.android.systemui.wallpapers.ImageWallpaper cls=null tid=null taskScoped=false
03-04 21:01:42.955 21018 24118 D DroidOS_MW: [matchObserved] appPkg=com.cylonid.nativealpha appClass=com.cylonid.nativealpha.WebViewActivity appTid=34503 vs obsPkg=com.cylonid.nativealpha obsCls=com.cylonid.nativealpha.MainActivity obsTid=34501 taskScoped=false obsTaskScoped=false
03-04 21:01:42.956 21018 24118 D DroidOS_MW: [matchObserved] RESULT=false for appPkg=com.cylonid.nativealpha appClass=com.cylonid.nativealpha.WebViewActivity vs obsPkg=com.cylonid.nativealpha obsCls=com.cylonid.nativealpha.MainActivity
03-04 21:01:43.356 21193 22561 D DroidOS_MW: [getVisibleTaskComponents] display=0 ALL task lines (13):
03-04 21:01:43.356 21193 22561 D DroidOS_MW:   taskId=34501: com.cylonid.nativealpha/com.cylonid.nativealpha.MainActivity bounds=[0,932][540,1764] userId=0 visible=true topActivity=ComponentInfo{com.cylonid.nativealpha/com.cylonid.nativealpha.MainActivity}
03-04 21:01:43.356 21193 22561 D DroidOS_MW:   taskId=34434: com.termux/com.termux.app.TermuxActivity bounds=[0,116][540,948] userId=0 visible=true topActivity=ComponentInfo{com.termux/com.termux.app.TermuxActivity}
03-04 21:01:43.356 21193 22561 D DroidOS_MW:   taskId=33588: com.sec.android.app.launcher/com.sec.android.app.launcher.activities.LauncherActivity bounds=[0,0][1080,2520] userId=0 visible=true topActivity=ComponentInfo{com.sec.android.app.launcher/com.sec.android.app.launcher.activities.LauncherActivity}
03-04 21:01:43.356 21193 22561 D DroidOS_MW:   taskId=33752: com.sec.android.app.launcher/com.android.quickstep.RecentsActivity bounds=[0,0][1080,2520] userId=0 visible=false topActivity=ComponentInfo{com.sec.android.app.launcher/com.android.quickstep.RecentsActivity}
03-04 21:01:43.356 21193 22561 D DroidOS_MW:   taskId=33284: unknown bounds=[0,0][1080,1300] userId=0 visible=false
03-04 21:01:43.356 21193 22561 D DroidOS_MW:   taskId=33285: unknown bounds=[0,1313][1080,2520] userId=0 visible=false
03-04 21:01:43.356 21193 22561 D DroidOS_MW:   taskId=33286: unknown bounds=[0,0][1080,2520] userId=0 visible=false
03-04 21:01:43.356 21193 22561 D DroidOS_MW:   taskId=33287: unknown bounds=[0,0][1080,2520] userId=0 visible=false
03-04 21:01:43.356 21193 22561 D DroidOS_MW:   taskId=33289: unknown bounds=[0,0][1080,2520] userId=0 visible=false
03-04 21:01:43.356 21193 22561 D DroidOS_MW:   taskId=33288: unknown bounds=[0,0][1080,2520] userId=0 visible=false
03-04 21:01:43.356 21193 22561 D DroidOS_MW:   taskId=34338: com.google.android.apps.messaging/com.google.android.apps.messaging.ui.ConversationListActivity bounds=[621,116][964,2536] userId=0 visible=false
03-04 21:01:43.356 21193 22561 D DroidOS_MW:   taskId=34221: com.google.android.apps.googlevoice/com.google.android.apps.googlevoice.SplashActivity bounds=[270,116][810,2536] userId=0 visible=false
03-04 21:01:43.356 21193 22561 D DroidOS_MW:   taskId=34503: com.cylonid.nativealpha/com.cylonid.nativealpha.WebViewActivity bounds=[0,932][540,1764] userId=0 visible=false
03-04 21:01:43.357 21193 22561 D DroidOS_MW: [getVisibleTaskComponents] display=0 VISIBLE results=[34501|com.cylonid.nativealpha/com.cylonid.nativealpha.MainActivity, 34434|com.termux/com.termux.app.TermuxActivity]
03-04 21:01:43.358 21018 24118 D DroidOS_MW: [getObservedVisible] display=0 rawTaskComponents(2)=[34501|com.cylonid.nativealpha/com.cylonid.nativealpha.MainActivity, 34434|com.termux/com.termux.app.TermuxActivity]
03-04 21:01:43.358 21018 24118 D DroidOS_MW: [getObservedVisible] display=0 rawWindowComponents(6)=[ThumbsUpHandler_R, ThumbsUpHandler_L, NavigationBar0, com.cylonid.nativealpha/com.cylonid.nativealpha.MainActivity, com.termux/com.termux.app.TermuxActivity, com.android.systemui.wallpapers.ImageWallpaper]
03-04 21:01:43.362 21018 24118 D DroidOS_MW: [getObservedVisible] PARSED key=com.cylonid.nativealpha/com.cylonid.nativealpha.MainActivity pkg=com.cylonid.nativealpha cls=com.cylonid.nativealpha.MainActivity tid=34501 taskScoped=false
03-04 21:01:43.362 21018 24118 D DroidOS_MW: [getObservedVisible] PARSED key=com.termux/com.termux.app.TermuxActivity pkg=com.termux cls=com.termux.app.TermuxActivity tid=34434 taskScoped=false
03-04 21:01:43.362 21018 24118 D DroidOS_MW: [getObservedVisible] PARSED key=ThumbsUpHandler_R/ pkg=ThumbsUpHandler_R cls=null tid=null taskScoped=false
03-04 21:01:43.362 21018 24118 D DroidOS_MW: [getObservedVisible] PARSED key=ThumbsUpHandler_L/ pkg=ThumbsUpHandler_L cls=null tid=null taskScoped=false
