12-22 20:59:09.958  1423  2886 D WindowManager: makeSurface duration=0 name=ThumbsUpHandler_R$_6554
12-22 20:59:09.959  1423  1555 I ActivityManager: Changes in 10373 16 to 11, 0 to 128
12-22 20:59:09.959  1423  2886 I WindowManager: Relayout hash=7aff3c3, pid=6554, syncId=-1: mAttrs={(0,0)(41x2520) gr=TOP RIGHT CENTER sim={state=hidden adjust=pan} layoutInDisplayCutoutMode=shortEdges ty=2601 fmt=TRANSLUCENT alpha=0.0
12-22 20:59:09.959  1423  2886 I WindowManager:   fl=5800528
12-22 20:59:09.959  1423  2886 I WindowManager:   pfl=10000050
12-22 20:59:09.959  1423  2886 I WindowManager:   vsysui=500
12-22 20:59:09.959  1423  2886 I WindowManager:   bhv=2
12-22 20:59:09.959  1423  2886 I WindowManager:   fitTypes=207
12-22 20:59:09.959  1423  2886 I WindowManager:   fitSides=0
12-22 20:59:09.959  1423  2886 I WindowManager:   frameRateBoostOnTouch=true
12-22 20:59:09.959  1423  2886 I WindowManager:   dvrrWindowFrameRateHint=true naviIconColor=0
12-22 20:59:09.959  1423  2886 I WindowManager:   sfl=20000}
12-22 20:59:09.960  1423  1754 I InputMethodManagerService: startInputOrWindowGainedFocusInternalLocked: Rejecting unbind in case of no editor in cover screen.
12-22 20:59:09.961  1423  1754 I InputMethodManagerService: startInputUncheckedLocked: Rejecting unbind/bind in case of no editor in cover screen.
12-22 20:59:09.963  1423  4812 D WindowManager: finishDrawingWindow: Window{9f6c9d1 u0 ThumbsUpHandler_L} mDrawState=DRAW_PENDING seqId=0
12-22 20:59:09.965  1423  2267 I WindowManager: Relayout Window{b6fe3cf u0 com.katsuyamaki.DroidOSTrackpadKeyboard}: viewVisibility=8 req=681x551 ty=2032 d1
12-22 20:59:09.967  1423  2265 D WindowManager: finishDrawingWindow: Window{e82ffe7 u0 com.katsuyamaki.DroidOSTrackpadKeyboard} mDrawState=DRAW_PENDING seqId=0
12-22 20:59:09.968  1423  2267 I WindowManager: Relayout hash=b6fe3cf, pid=28700, syncId=-1: mAttrs={(683,640)(681x551) gr=TOP LEFT CENTER sim={adjust=pan} layoutInDisplayCutoutMode=shortEdges ty=ACCESSIBILITY_OVERLAY fmt=TRANSLUCENT
12-22 20:59:09.968  1423  2267 I WindowManager:   fl=1040228
12-22 20:59:09.968  1423  2267 I WindowManager:   pfl=40000000
12-22 20:59:09.968  1423  2267 I WindowManager:   bhv=1
12-22 20:59:09.968  1423  2267 I WindowManager:   fitTypes=207
12-22 20:59:09.968  1423  2267 I WindowManager:   frameRateBoostOnTouch=true
12-22 20:59:09.968  1423  2267 I WindowManager:   dvrrWindowFrameRateHint=true naviIconColor=0}
12-22 20:59:09.969  1423  4812 D WindowManager: finishDrawingWindow: Window{7aff3c3 u0 ThumbsUpHandler_R} mDrawState=DRAW_PENDING seqId=14
12-22 20:59:09.969  1423  1555 I ActivityManager: Changes in 10362 16 to 11, 0 to 128
12-22 20:59:09.969  1423  2230 I WindowManager: Relayout Window{5112d51 u0 com.katsuyamaki.DroidOSTrackpadKeyboard}: viewVisibility=0 req=93x93 ty=2032 d1
12-22 20:59:09.970  1423  2230 D WindowManager: makeSurface duration=0 name=$_28700
12-22 20:59:09.970  1423  2230 I WindowManager: Relayout hash=5112d51, pid=28700, syncId=-1: mAttrs={(95,1058)(93x93) gr=TOP START CENTER sim={adjust=pan} layoutInDisplayCutoutMode=shortEdges ty=ACCESSIBILITY_OVERLAY fmt=TRANSLUCENT
12-22 20:59:09.970  1423  2230 I WindowManager:   fl=1000308
12-22 20:59:09.970  1423  2230 I WindowManager:   bhv=1
12-22 20:59:09.970  1423  2230 I WindowManager:   fitTypes=206
12-22 20:59:09.970  1423  2230 I WindowManager:   frameRateBoostOnTouch=true
12-22 20:59:09.970  1423  2230 I WindowManager:   dvrrWindowFrameRateHint=true naviIconColor=0}
12-22 20:59:09.973  1423  4808 I ActivityManager: Changes in 10373 11 to 16, 128 to 0
12-22 20:59:09.976  1423  4808 I ActivityManager: Changes in 10362 11 to 16, 128 to 0
12-22 20:59:09.981  1423  1555 I ActivityManager: Changes in 10113 10 to 10, 0 to 128
12-22 20:59:09.986  1423  1700 I ActivityManager: Changes in 10329 8 to 8, 128 to 0
12-22 20:59:09.986  1423  1700 D WindowManager: finishDrawingWindow: Window{5112d51 u0 com.katsuyamaki.DroidOSTrackpadKeyboard} mDrawState=DRAW_PENDING seqId=0
12-22 20:59:09.986  1423  2227 I WindowManager: Relayout Window{2fbb98e u0 com.katsuyamaki.DroidOSTrackpadKeyboard}: viewVisibility=0 req=50x50 ty=2032 d1
12-22 20:59:09.987  1423  1555 I ActivityManager: Changes in 10100 19 to 11, 0 to 128
12-22 20:59:09.987  1423  2227 D WindowManager: makeSurface duration=0 name=$_28700
12-22 20:59:09.988  1423  2227 I WindowManager: Relayout hash=2fbb98e, pid=28700, syncId=-1: mAttrs={(711,750)(wrapxwrap) gr=TOP LEFT CENTER sim={adjust=pan} layoutInDisplayCutoutMode=shortEdges ty=ACCESSIBILITY_OVERLAY fmt=TRANSLUCENT
12-22 20:59:09.988  1423  2227 I WindowManager:   fl=1000318
12-22 20:59:09.988  1423  2227 I WindowManager:   bhv=1
12-22 20:59:09.988  1423  2227 I WindowManager:   fitTypes=206
12-22 20:59:09.988  1423  2227 I WindowManager:   frameRateBoostOnTouch=true
12-22 20:59:09.988  1423  2227 I WindowManager:   dvrrWindowFrameRateHint=true naviIconColor=0}
12-22 20:59:09.988  1423  4808 I ActivityManager: Changes in 10113 10 to 10, 128 to 0
12-22 20:59:09.993  1423  4811 D WindowManager: finishDrawingWindow: Window{2fbb98e u0 com.katsuyamaki.DroidOSTrackpadKeyboard} mDrawState=DRAW_PENDING seqId=0
12-22 20:59:09.995  1423  4808 I ActivityManager: Changes in 10100 11 to 19, 128 to 0
12-22 20:59:10.001  1423  2886 W WindowManager: Failed looking up window session=Session{9d5656e 28700:u0a10515} callers=com.android.server.wm.WindowManagerService.windowForClientLocked:1 com.android.server.wm.Session.setOnBackInvokedCallbackInfo:15 android.view.IWindowSession$Stub.onTransact:1390 
12-22 20:59:10.001  1423  2886 I WindowManager: setOnBackInvokedCallback(): No window state for package:com.katsuyamaki.DroidOSTrackpadKeyboard
12-22 20:59:10.001  1423  2886 W WindowManager: Failed looking up window session=Session{9d5656e 28700:u0a10515} callers=com.android.server.wm.WindowManagerService.windowForClientLocked:1 com.android.server.wm.Session.setOnBackInvokedCallbackInfo:15 android.view.IWindowSession$Stub.onTransact:1390 
12-22 20:59:10.001  1423  2886 I WindowManager: setOnBackInvokedCallback(): No window state for package:com.katsuyamaki.DroidOSTrackpadKeyboard
12-22 20:59:10.002  1423  4807 I WindowManager: Relayout Window{41abd5c u0 com.sec.android.app.launcher/com.samsung.app.honeyspace.edge.edgepanel.app.CocktailBarService}: viewVisibility=0 req=67x342 ty=2226 d0
12-22 20:59:10.002  1423  4807 D WindowManager: makeSurface duration=0 name=com.sec.android.app.launcher/com.samsung.app.honeyspace.edge.edgepanel.app.CocktailBarService$_2712
12-22 20:59:10.003  1423  4807 I WindowManager: Relayout hash=41abd5c, pid=2712, syncId=-1: mAttrs={(0,628)(67x342) gr=TOP RIGHT CENTER sim={adjust=nothing} layoutInDisplayCutoutMode=always ty=2226 fmt=TRANSPARENT
12-22 20:59:10.003  1423  4807 I WindowManager:   fl=81800108
12-22 20:59:10.003  1423  4807 I WindowManager:   pfl=10000070
12-22 20:59:10.003  1423  4807 I WindowManager:   apr=10
12-22 20:59:10.003  1423  4807 I WindowManager:   bhv=1
12-22 20:59:10.003  1423  4807 I WindowManager:   frameRateBoostOnTouch=true
12-22 20:59:10.003  1423  4807 I WindowManager:   dvrrWindowFrameRateHint=true
12-22 20:59:10.003  1423  4807 I WindowManager:  dimAmount=0.0 dimDuration=0 naviIconColor=0
12-22 20:59:10.003  1423  4807 I WindowManager:   sfl=420000}
12-22 20:59:10.010  1423  2230 D WindowManager: finishDrawingWindow: Window{41abd5c u0 com.sec.android.app.launcher/com.samsung.app.honeyspace.edge.edgepanel.app.CocktailBarService} mDrawState=DRAW_PENDING seqId=57
12-22 20:59:10.019  1423  2230 D WindowManager: finishDrawingWindow: Window{5112d51 u0 com.katsuyamaki.DroidOSTrackpadKeyboard} mDrawState=HAS_DRAWN seqId=0
12-22 20:59:10.020  1423  4807 D WindowManager: finishDrawingWindow: Window{2fbb98e u0 com.katsuyamaki.DroidOSTrackpadKeyboard} mDrawState=HAS_DRAWN seqId=0
12-22 20:59:10.262  1423  2230 I WindowManager: Relayout Window{f748235 u0 InputMethod}: viewVisibility=8 req=1080x2404 ty=2011 d0
12-22 20:59:10.263  1423  2230 E WindowManager: win=Window{f748235 u0 InputMethod} destroySurfaces: appStopped=true cleanupOnResume=false win.mWindowRemovalAllowed=false win.mRemoveOnExit=false win.mViewVisibility=8 caller=com.android.server.wm.WindowManagerService.tryStartExitingAnimation:134 com.android.server.wm.WindowManagerService.relayoutWindow:1147 com.android.server.wm.Session.relayout:27 android.view.IWindowSession$Stub.onTransact:829 com.android.server.wm.Session.onTransact:1 android.os.Binder.execTransactInternal:1462 android.os.Binder.execTransact:1401 
12-22 20:59:10.279  1423  2230 I WindowManager: Relayout hash=f748235, pid=4255, syncId=-1: mAttrs={(0,0)(fillxfill) gr=BOTTOM CENTER_VERTICAL sim={adjust=pan} ty=INPUT_METHOD fmt=TRANSPARENT wanim=0x1030056 preferredMinDisplayRefreshRate=60.0 receive insets ignoring z-order
12-22 20:59:10.279  1423  2230 I WindowManager:   fl=81800108
12-22 20:59:10.279  1423  2230 I WindowManager:   pfl=14000000
12-22 20:59:10.279  1423  2230 I WindowManager:   bhv=1
12-22 20:59:10.279  1423  2230 I WindowManager:   fitTypes=3
12-22 20:59:10.279  1423  2230 I WindowManager:   fitSides=7
12-22 20:59:10.279  1423  2230 I WindowManager:   fitIgnoreVis
12-22 20:59:10.279  1423  2230 I WindowManager:   dvrrWindowFrameRateHint=true
12-22 20:59:10.279  1423  2230 I WindowManager:  dimAmount=0.18 dimDuration=150 naviIconColor=0}
12-22 20:59:10.288  1423  2227 D WindowManager: setInsetsWindow Window{f748235 u0 InputMethod}, contentInsets=Rect(0, 1904 - 0, 0) -> Rect(0, 2329 - 0, 0), visibleInsets=Rect(0, 1904 - 0, 0) -> Rect(0, 2329 - 0, 0), touchableRegion=SkRegion((0,1904,1080,2404)) -> SkRegion(), touchableInsets 3 -> 3
12-22 20:59:10.292  1423  2227 I WindowManager: Relayout Window{5a7dcc6 u0 com.android.systemui.wallpapers.ImageWallpaper}: viewVisibility=0 req=2486x2520 ty=2013 d0
12-22 20:59:10.294  1423  2227 I WindowManager: Relayout hash=5a7dcc6, pid=2022, syncId=-1: mAttrs={(0,0)(2486x2520) gr=TOP START CENTER layoutInDisplayCutoutMode=always ty=WALLPAPER fmt=RGBX_8888 wanim=0x1030328
12-22 20:59:10.294  1423  2227 I WindowManager:   fl=14318
12-22 20:59:10.294  1423  2227 I WindowManager:   pfl=14
12-22 20:59:10.294  1423  2227 I WindowManager:   bhv=1
12-22 20:59:10.294  1423  2227 I WindowManager:   frameRateBoostOnTouch=true
12-22 20:59:10.294  1423  2227 I WindowManager:   dvrrWindowFrameRateHint=true naviIconColor=0
12-22 20:59:10.294  1423  2227 I WindowManager:   sfl=8}
12-22 20:59:10.396  1423  2230 D WindowManager: finishDrawingWindow: Window{b5eb294 u0 NotificationShade} mDrawState=HAS_DRAWN seqId=0
12-22 20:59:11.025  1423  1423 D InputDispatcher: Inject motion (0/0): action=0x0, time=33710627084000, f=0x0, d=1 dsdx=1.500000 dtdx=-0.000000
12-22 20:59:11.027  1423  1695 I InputDispatcher: Delivering touch to (28700): action: 0x0, f=0x0, d=1, '5112d51', t=1 +(-95,-1094)*(1.50)
12-22 20:59:11.076  1423  1547 D WindowManager: DeferredDisplayUpdater: partially applying DisplayInfo(948 x 1048) immediately
12-22 20:59:11.088  1423  1423 D InputDispatcher: Inject motion (0/0): action=0x1, time=33710692369000, f=0x0, d=1 dsdx=1.500000 dtdx=-0.000000
12-22 20:59:11.088  1423  1695 I InputDispatcher: Delivering touch to (28700): action: 0x1, f=0x0, d=1, '5112d51', t=1 +(-95,-1094)*(1.50)
12-22 20:59:11.095 28700 28700 I WindowManager: WindowManagerGlobal#removeView, ty=2032, view=android.widget.FrameLayout{cfc4abe VFE...C.. ........ 0,0-93,93}, caller=android.view.WindowManagerGlobal.removeView:654 android.view.WindowManagerImpl.removeView:211 com.example.coverscreentester.OverlayService.enforceZOrder:1588 
12-22 20:59:11.097 28700 28700 I WindowManager: WindowManagerGlobal#addView, ty=2032, view=android.widget.FrameLayout{cfc4abe VFE...C.. ........ 0,0-93,93}, caller=android.view.WindowManagerImpl.addView:158 com.example.coverscreentester.OverlayService.enforceZOrder:1588 com.example.coverscreentester.OverlayService.setupBubble$lambda$24$lambda$23:897 
12-22 20:59:11.100 28700 28700 D ViewRootImpl: desktopMode is false
12-22 20:59:11.101 28700 28700 I ViewRootImpl: dVRR is disabled
12-22 20:59:11.107 28700 28700 I WindowManager: WindowManagerGlobal#removeView, ty=2032, view=android.widget.FrameLayout{ae54ca V.E...... ........ 0,0-50,50}, caller=android.view.WindowManagerGlobal.removeView:654 android.view.WindowManagerImpl.removeView:211 com.example.coverscreentester.OverlayService.enforceZOrder:1589 
12-22 20:59:11.112 28700 28700 I WindowManager: WindowManagerGlobal#addView, ty=2032, view=android.widget.FrameLayout{ae54ca V.E...... ........ 0,0-50,50}, caller=android.view.WindowManagerImpl.addView:158 com.example.coverscreentester.OverlayService.enforceZOrder:1589 com.example.coverscreentester.OverlayService.setupBubble$lambda$24$lambda$23:897 
12-22 20:59:11.115 28700 28700 D ViewRootImpl: desktopMode is false
12-22 20:59:11.115 28700 28700 I ViewRootImpl: dVRR is disabled
12-22 20:59:11.121  1423  1547 D WindowManager: DeferredDisplayUpdater: partially applying DisplayInfo(948 x 1048) immediately
12-22 20:59:11.122  1423  2230 I WindowManager: Relayout Window{7a9e9d4 u0 com.katsuyamaki.DroidOSTrackpadKeyboard}: viewVisibility=0 req=93x93 ty=2032 d1
12-22 20:59:11.123  1423  2230 D WindowManager: makeSurface duration=0 name=$_28700
12-22 20:59:11.124  1423  2230 I WindowManager: Relayout hash=7a9e9d4, pid=28700, syncId=-1: mAttrs={(95,1058)(93x93) gr=TOP START CENTER sim={adjust=pan} layoutInDisplayCutoutMode=shortEdges ty=ACCESSIBILITY_OVERLAY fmt=TRANSLUCENT
12-22 20:59:11.124  1423  2230 I WindowManager:   fl=1000308
12-22 20:59:11.124  1423  2230 I WindowManager:   bhv=1
12-22 20:59:11.124  1423  2230 I WindowManager:   fitTypes=206
12-22 20:59:11.124  1423  2230 I WindowManager:   frameRateBoostOnTouch=true
12-22 20:59:11.124  1423  2230 I WindowManager:   dvrrWindowFrameRateHint=true naviIconColor=0}
12-22 20:59:11.131  1423  4807 D WindowManager: finishDrawingWindow: Window{7a9e9d4 u0 com.katsuyamaki.DroidOSTrackpadKeyboard} mDrawState=DRAW_PENDING seqId=0
12-22 20:59:11.131  1423  2227 I WindowManager: Relayout Window{a5c2f3b u0 com.katsuyamaki.DroidOSTrackpadKeyboard}: viewVisibility=0 req=50x50 ty=2032 d1
12-22 20:59:11.131  1423  2227 D WindowManager: makeSurface duration=1 name=$_28700
12-22 20:59:11.132  1423  2227 I WindowManager: Relayout hash=a5c2f3b, pid=28700, syncId=-1: mAttrs={(711,750)(wrapxwrap) gr=TOP LEFT CENTER sim={adjust=pan} layoutInDisplayCutoutMode=shortEdges ty=ACCESSIBILITY_OVERLAY fmt=TRANSLUCENT
12-22 20:59:11.132  1423  2227 I WindowManager:   fl=1000318
12-22 20:59:11.132  1423  2227 I WindowManager:   bhv=1
12-22 20:59:11.132  1423  2227 I WindowManager:   fitTypes=206
12-22 20:59:11.132  1423  2227 I WindowManager:   frameRateBoostOnTouch=true
12-22 20:59:11.132  1423  2227 I WindowManager:   dvrrWindowFrameRateHint=true naviIconColor=0}
12-22 20:59:11.144  1423  1700 D WindowManager: finishDrawingWindow: Window{a5c2f3b u0 com.katsuyamaki.DroidOSTrackpadKeyboard} mDrawState=DRAW_PENDING seqId=0
12-22 20:59:11.152  1423  1700 D WindowManager: finishDrawingWindow: Window{a5c2f3b u0 com.katsuyamaki.DroidOSTrackpadKeyboard} mDrawState=HAS_DRAWN seqId=0
12-22 20:59:11.701  1423  1423 D InputDispatcher: Inject motion (0/0): action=0x0, time=33711294047000, f=0x0, d=1 dsdx=1.500000 dtdx=-0.000000
12-22 20:59:11.703  1423  1695 I InputDispatcher: Delivering touch to (28700): action: 0x0, f=0x0, d=1, '7a9e9d4', t=1 +(-95,-1094)*(1.50)
12-22 20:59:11.741  1423  1547 D WindowManager: DeferredDisplayUpdater: partially applying DisplayInfo(948 x 1048) immediately
12-22 20:59:11.744  1423  1423 D InputDispatcher: Inject motion (0/0): action=0x1, time=33711342421000, f=0x0, d=1 dsdx=1.500000 dtdx=-0.000000
12-22 20:59:11.744  1423  1695 I InputDispatcher: Delivering touch to (28700): action: 0x1, f=0x0, d=1, '7a9e9d4', t=1 +(-95,-1094)*(1.50)
12-22 20:59:11.754  1423  4807 I WindowManager: Relayout Window{b6fe3cf u0 com.katsuyamaki.DroidOSTrackpadKeyboard}: viewVisibility=0 req=681x551 ty=2032 d1
12-22 20:59:11.755  1423  4807 D WindowManager: makeSurface duration=1 name=$_28700
12-22 20:59:11.756  1423  4807 I WindowManager: Relayout hash=b6fe3cf, pid=28700, syncId=-1: mAttrs={(683,640)(681x551) gr=TOP LEFT CENTER sim={adjust=pan} layoutInDisplayCutoutMode=shortEdges ty=ACCESSIBILITY_OVERLAY fmt=TRANSLUCENT
12-22 20:59:11.756  1423  4807 I WindowManager:   fl=1040228
12-22 20:59:11.756  1423  4807 I WindowManager:   pfl=40000000
12-22 20:59:11.756  1423  4807 I WindowManager:   bhv=1
12-22 20:59:11.756  1423  4807 I WindowManager:   fitTypes=207
12-22 20:59:11.756  1423  4807 I WindowManager:   frameRateBoostOnTouch=true
12-22 20:59:11.756  1423  4807 I WindowManager:   dvrrWindowFrameRateHint=true naviIconColor=0}
12-22 20:59:11.768 28700 28700 I WindowManager: WindowManagerGlobal#removeView, ty=2032, view=android.widget.FrameLayout{cfc4abe VFE...C.. ........ 0,0-93,93}, caller=android.view.WindowManagerGlobal.removeView:654 android.view.WindowManagerImpl.removeView:211 com.example.coverscreentester.OverlayService.enforceZOrder:1588 
12-22 20:59:11.768  1423  4807 D WindowManager: finishDrawingWindow: Window{b6fe3cf u0 com.katsuyamaki.DroidOSTrackpadKeyboard} mDrawState=DRAW_PENDING seqId=0
12-22 20:59:11.769 28700 28700 I WindowManager: WindowManagerGlobal#addView, ty=2032, view=android.widget.FrameLayout{cfc4abe VFE...C.. ........ 0,0-93,93}, caller=android.view.WindowManagerImpl.addView:158 com.example.coverscreentester.OverlayService.enforceZOrder:1588 com.example.coverscreentester.OverlayService.setupBubble$lambda$24$lambda$23:897 
12-22 20:59:11.774  1423  4807 W WindowManager: Failed looking up window session=Session{9d5656e 28700:u0a10515} callers=com.android.server.wm.WindowManagerService.windowForClientLocked:1 com.android.server.wm.Session.setOnBackInvokedCallbackInfo:15 android.view.IWindowSession$Stub.onTransact:1390 
12-22 20:59:11.774  1423  4807 I WindowManager: setOnBackInvokedCallback(): No window state for package:com.katsuyamaki.DroidOSTrackpadKeyboard
12-22 20:59:11.775 28700 28700 D ViewRootImpl: desktopMode is false
12-22 20:59:11.775 28700 28700 I ViewRootImpl: dVRR is disabled
12-22 20:59:11.782 28700 28700 I WindowManager: WindowManagerGlobal#removeView, ty=2032, view=android.widget.FrameLayout{ae54ca V.E...... ........ 0,0-50,50}, caller=android.view.WindowManagerGlobal.removeView:654 android.view.WindowManagerImpl.removeView:211 com.example.coverscreentester.OverlayService.enforceZOrder:1589 
12-22 20:59:11.783 28700 28700 I WindowManager: WindowManagerGlobal#addView, ty=2032, view=android.widget.FrameLayout{ae54ca V.E...... ........ 0,0-50,50}, caller=android.view.WindowManagerImpl.addView:158 com.example.coverscreentester.OverlayService.enforceZOrder:1589 com.example.coverscreentester.OverlayService.setupBubble$lambda$24$lambda$23:897 
12-22 20:59:11.788 28700 28700 D ViewRootImpl: desktopMode is false
12-22 20:59:11.788 28700 28700 I ViewRootImpl: dVRR is disabled
12-22 20:59:11.798  1423  2189 I WindowManager: Relayout Window{b6fe3cf u0 com.katsuyamaki.DroidOSTrackpadKeyboard}: viewVisibility=0 req=681x551 ty=2032 d1
12-22 20:59:11.799  1423  1547 D WindowManager: DeferredDisplayUpdater: partially applying DisplayInfo(948 x 1048) immediately
12-22 20:59:11.799  1423  2189 I WindowManager: Relayout hash=b6fe3cf, pid=28700, syncId=-1: mAttrs={(683,640)(681x551) gr=TOP LEFT CENTER sim={adjust=pan} layoutInDisplayCutoutMode=shortEdges ty=ACCESSIBILITY_OVERLAY fmt=TRANSLUCENT
12-22 20:59:11.799  1423  2189 I WindowManager:   fl=1040228
12-22 20:59:11.799  1423  2189 I WindowManager:   pfl=40000000
12-22 20:59:11.799  1423  2189 I WindowManager:   bhv=1
12-22 20:59:11.799  1423  2189 I WindowManager:   fitTypes=207
12-22 20:59:11.799  1423  2189 I WindowManager:   frameRateBoostOnTouch=true
12-22 20:59:11.799  1423  2189 I WindowManager:   dvrrWindowFrameRateHint=true naviIconColor=0}
12-22 20:59:11.801  1423  2886 I WindowManager: Relayout Window{f54e17a u0 com.katsuyamaki.DroidOSTrackpadKeyboard}: viewVisibility=0 req=93x93 ty=2032 d1
12-22 20:59:11.801  1423  2886 D WindowManager: makeSurface duration=0 name=$_28700
12-22 20:59:11.802  1423  2886 I WindowManager: Relayout hash=f54e17a, pid=28700, syncId=-1: mAttrs={(95,1058)(93x93) gr=TOP START CENTER sim={adjust=pan} layoutInDisplayCutoutMode=shortEdges ty=ACCESSIBILITY_OVERLAY fmt=TRANSLUCENT
12-22 20:59:11.802  1423  2886 I WindowManager:   fl=1000308
12-22 20:59:11.802  1423  2886 I WindowManager:   bhv=1
12-22 20:59:11.802  1423  2886 I WindowManager:   fitTypes=206
12-22 20:59:11.802  1423  2886 I WindowManager:   frameRateBoostOnTouch=true
12-22 20:59:11.802  1423  2886 I WindowManager:   dvrrWindowFrameRateHint=true naviIconColor=0}
12-22 20:59:11.807  1423  4811 D WindowManager: finishDrawingWindow: Window{f54e17a u0 com.katsuyamaki.DroidOSTrackpadKeyboard} mDrawState=DRAW_PENDING seqId=0
12-22 20:59:11.807  1423  2189 I WindowManager: Relayout Window{411d59 u0 com.katsuyamaki.DroidOSTrackpadKeyboard}: viewVisibility=0 req=50x50 ty=2032 d1
12-22 20:59:11.807  1423  2189 D WindowManager: makeSurface duration=1 name=$_28700
12-22 20:59:11.809  1423  2189 I WindowManager: Relayout hash=411d59, pid=28700, syncId=-1: mAttrs={(711,750)(wrapxwrap) gr=TOP LEFT CENTER sim={adjust=pan} layoutInDisplayCutoutMode=shortEdges ty=ACCESSIBILITY_OVERLAY fmt=TRANSLUCENT
12-22 20:59:11.809  1423  2189 I WindowManager:   fl=1000318
12-22 20:59:11.809  1423  2189 I WindowManager:   bhv=1
12-22 20:59:11.809  1423  2189 I WindowManager:   fitTypes=206
12-22 20:59:11.809  1423  2189 I WindowManager:   frameRateBoostOnTouch=true
12-22 20:59:11.809  1423  2189 I WindowManager:   dvrrWindowFrameRateHint=true naviIconColor=0}
12-22 20:59:11.814  1423  2189 D WindowManager: finishDrawingWindow: Window{411d59 u0 com.katsuyamaki.DroidOSTrackpadKeyboard} mDrawState=DRAW_PENDING seqId=0
12-22 20:59:11.818  1423  4812 D WindowManager: finishDrawingWindow: Window{411d59 u0 com.katsuyamaki.DroidOSTrackpadKeyboard} mDrawState=HAS_DRAWN seqId=0
12-22 20:59:12.576  1423  1423 D InputDispatcher: Inject motion (0/0): action=0x0, time=33712175402000, f=0x0, d=1 dsdx=1.500000 dtdx=-0.000000
12-22 20:59:12.577  1423  1695 I InputDispatcher: Delivering touch to (28700): action: 0x0, f=0x0, d=1, 'b6fe3cf', t=1 +(-682,-676)*(1.50)
12-22 20:59:12.629 28700 28700 I WindowManager: WindowManagerGlobal#addView, ty=2032, view=android.widget.FrameLayout{4228daa V.E...... ......I. 0,0-0,0}, caller=android.view.WindowManagerImpl.addView:158 com.example.coverscreentester.TrackpadMenuManager.show:49 com.example.coverscreentester.TrackpadMenuManager.toggle:75 
12-22 20:59:12.629 28700 28700 D ViewRootImpl: desktopMode is false
12-22 20:59:12.629 28700 28700 I ViewRootImpl: dVRR is disabled
12-22 20:59:12.633  1423  4811 D WindowManager: Changing focus from Window{9a3d1c6 u0 com.android.systemui/com.android.systemui.subscreen.SubHomeActivity} to Window{a0ecd0b u0 com.katsuyamaki.DroidOSTrackpadKeyboard} displayId=1 Callers=com.android.server.wm.WindowManagerService.addWindowInner:565 com.android.server.wm.WindowManagerService.addWindow:1842 com.android.server.wm.Session.addToDisplayAsUser:24 android.view.IWindowSession$Stub.onTransact:757 
12-22 20:59:12.633  1423  4811 D WindowManager: updateSystemBarAttributes: displayId=1, focusedCanBeNavColorWin=false, win=Window{a0ecd0b u0 com.katsuyamaki.DroidOSTrackpadKeyboard}, navColorWin=Window{9a3d1c6 u0 com.android.systemui/com.android.systemui.subscreen.SubHomeActivity}, caller=com.android.server.wm.WindowManagerService.updateFocusedWindowLocked:372 com.android.server.wm.WindowManagerService.addWindowInner:565 com.android.server.wm.WindowManagerService.addWindow:1842 
12-22 20:59:12.633  1423  4811 D WindowManager: updateSystemBarAttributes, bhv=1, apr=0, statusBarAprRegions=[], requestedVisibilities=-9
12-22 20:59:12.638 28700 28700 I WindowManager: WindowManagerGlobal#removeView, ty=2032, view=android.widget.FrameLayout{4228daa V.E...... ......I. 0,0-0,0}, caller=android.view.WindowManagerGlobal.removeView:654 android.view.WindowManagerImpl.removeView:211 com.example.coverscreentester.TrackpadMenuManager.bringToFront:82 
12-22 20:59:12.639 28700 28700 I WindowManager: WindowManagerGlobal#addView, ty=2032, view=android.widget.FrameLayout{4228daa V.E...... ......I. 0,0-0,0}, caller=android.view.WindowManagerImpl.addView:158 com.example.coverscreentester.TrackpadMenuManager.bringToFront:83 com.example.coverscreentester.OverlayService.enforceZOrder:1587 
12-22 20:59:12.641  1423  2886 D WindowManager: Changing focus from Window{a0ecd0b u0 com.katsuyamaki.DroidOSTrackpadKeyboard} to Window{9a3d1c6 u0 com.android.systemui/com.android.systemui.subscreen.SubHomeActivity} displayId=1 Callers=com.android.server.wm.WindowState.removeIfPossible:647 com.android.server.wm.Session.remove:16 android.view.IWindowSession$Stub.onTransact:804 com.android.server.wm.Session.onTransact:1 
12-22 20:59:12.641  1423  2886 D WindowManager: updateSystemBarAttributes: displayId=1, focusedCanBeNavColorWin=false, win=Window{9a3d1c6 u0 com.android.systemui/com.android.systemui.subscreen.SubHomeActivity}, navColorWin=Window{9a3d1c6 u0 com.android.systemui/com.android.systemui.subscreen.SubHomeActivity}, caller=com.android.server.wm.WindowManagerService.updateFocusedWindowLocked:372 com.android.server.wm.WindowState.removeIfPossible:647 com.android.server.wm.Session.remove:16 
12-22 20:59:12.641  1423  2886 D WindowManager: updateSystemBarAttributes, bhv=1, apr=0, statusBarAprRegions=[], requestedVisibilities=-11
12-22 20:59:12.642 28700 28700 D ViewRootImpl: desktopMode is false
12-22 20:59:12.642 28700 28700 I ViewRootImpl: dVRR is disabled
12-22 20:59:12.647  1423  4807 D WindowManager: Changing focus from Window{9a3d1c6 u0 com.android.systemui/com.android.systemui.subscreen.SubHomeActivity} to Window{4443c39 u0 com.katsuyamaki.DroidOSTrackpadKeyboard} displayId=1 Callers=com.android.server.wm.WindowManagerService.addWindowInner:565 com.android.server.wm.WindowManagerService.addWindow:1842 com.android.server.wm.Session.addToDisplayAsUser:24 android.view.IWindowSession$Stub.onTransact:757 
12-22 20:59:12.647  1423  4807 D WindowManager: updateSystemBarAttributes: displayId=1, focusedCanBeNavColorWin=false, win=Window{4443c39 u0 com.katsuyamaki.DroidOSTrackpadKeyboard}, navColorWin=Window{9a3d1c6 u0 com.android.systemui/com.android.systemui.subscreen.SubHomeActivity}, caller=com.android.server.wm.WindowManagerService.updateFocusedWindowLocked:372 com.android.server.wm.WindowManagerService.addWindowInner:565 com.android.server.wm.WindowManagerService.addWindow:1842 
12-22 20:59:12.647  1423  4807 D WindowManager: updateSystemBarAttributes, bhv=1, apr=0, statusBarAprRegions=[], requestedVisibilities=-9
12-22 20:59:12.649 28700 28700 I WindowManager: WindowManagerGlobal#removeView, ty=2032, view=android.widget.FrameLayout{cfc4abe VFE...C.. ........ 0,0-93,93}, caller=android.view.WindowManagerGlobal.removeView:654 android.view.WindowManagerImpl.removeView:211 com.example.coverscreentester.OverlayService.enforceZOrder:1588 
12-22 20:59:12.651 28700 28700 I WindowManager: WindowManagerGlobal#addView, ty=2032, view=android.widget.FrameLayout{cfc4abe VFE...C.. ........ 0,0-93,93}, caller=android.view.WindowManagerImpl.addView:158 com.example.coverscreentester.OverlayService.enforceZOrder:1588 com.example.coverscreentester.TrackpadMenuManager.show:56 
12-22 20:59:12.655 28700 28700 D ViewRootImpl: desktopMode is false
12-22 20:59:12.655 28700 28700 I ViewRootImpl: dVRR is disabled
12-22 20:59:12.660 28700 28700 I WindowManager: WindowManagerGlobal#removeView, ty=2032, view=android.widget.FrameLayout{ae54ca V.E...... ........ 0,0-50,50}, caller=android.view.WindowManagerGlobal.removeView:654 android.view.WindowManagerImpl.removeView:211 com.example.coverscreentester.OverlayService.enforceZOrder:1589 
12-22 20:59:12.662 28700 28700 I WindowManager: WindowManagerGlobal#addView, ty=2032, view=android.widget.FrameLayout{ae54ca V.E...... ........ 0,0-50,50}, caller=android.view.WindowManagerImpl.addView:158 com.example.coverscreentester.OverlayService.enforceZOrder:1589 com.example.coverscreentester.TrackpadMenuManager.show:56 
12-22 20:59:12.664  1423  1423 D InputDispatcher: Inject motion (0/0): action=0x1, time=33712267612000, f=0x0, d=1 dsdx=1.500000 dtdx=-0.000000
12-22 20:59:12.665  1423  1695 I InputDispatcher: Delivering touch to (28700): action: 0x1, f=0x0, d=1, 'b6fe3cf', t=1 +(-682,-676)*(1.50)
12-22 20:59:12.666 28700 28700 D ViewRootImpl: desktopMode is false
12-22 20:59:12.666 28700 28700 I ViewRootImpl: dVRR is disabled
12-22 20:59:12.671  1423  2886 D InputDispatcher: Once focus requested (1): 9a3d1c6 com.android.systemui/com.android.systemui.subscreen.SubHomeActivity
12-22 20:59:12.685  1423  2189 I WindowManager: Relayout Window{4443c39 u0 com.katsuyamaki.DroidOSTrackpadKeyboard}: viewVisibility=0 req=500x625 ty=2032 d1
12-22 20:59:12.686  1423  2189 D WindowManager: makeSurface duration=1 name=$_28700
12-22 20:59:12.687  1423  2189 I WindowManager: Relayout hash=4443c39, pid=28700, syncId=-1: mAttrs={(430,437)(wrapxwrap) gr=TOP START CENTER sim={adjust=resize} ty=ACCESSIBILITY_OVERLAY fmt=TRANSLUCENT
12-22 20:59:12.687  1423  2189 I WindowManager:   fl=1000120
12-22 20:59:12.687  1423  2189 I WindowManager:   bhv=1
12-22 20:59:12.687  1423  2189 I WindowManager:   fitTypes=206
12-22 20:59:12.687  1423  2189 I WindowManager:   frameRateBoostOnTouch=true
12-22 20:59:12.687  1423  2189 I WindowManager:   dvrrWindowFrameRateHint=true naviIconColor=0}
12-22 20:59:12.701  1423  1547 D WindowManager: DeferredDisplayUpdater: partially applying DisplayInfo(948 x 1048) immediately
12-22 20:59:12.711  1423  4807 D InputDispatcher: Once focus requested (1): 4443c39 com.katsuyamaki.DroidOSTrackpadKeyboard
12-22 20:59:12.711  1423  4807 D InputDispatcher: Focus request (1): 4443c39 com.katsuyamaki.DroidOSTrackpadKeyboard but waiting because NO_WINDOW
12-22 20:59:12.711  1423  4807 D InputDispatcher: Focus left window (1): 9a3d1c6 com.android.systemui/com.android.systemui.subscreen.SubHomeActivity
12-22 20:59:12.806  1423  2189 D WindowManager: finishDrawingWindow: Window{4443c39 u0 com.katsuyamaki.DroidOSTrackpadKeyboard} mDrawState=DRAW_PENDING seqId=0
12-22 20:59:12.806  1423  4807 I WindowManager: Relayout Window{c2cc0c4 u0 com.katsuyamaki.DroidOSTrackpadKeyboard}: viewVisibility=0 req=93x93 ty=2032 d1
12-22 20:59:12.807  1423  4807 D WindowManager: makeSurface duration=0 name=$_28700
12-22 20:59:12.809  1423  4807 I WindowManager: Relayout hash=c2cc0c4, pid=28700, syncId=-1: mAttrs={(95,1058)(93x93) gr=TOP START CENTER sim={adjust=pan} layoutInDisplayCutoutMode=shortEdges ty=ACCESSIBILITY_OVERLAY fmt=TRANSLUCENT
12-22 20:59:12.809  1423  4807 I WindowManager:   fl=1000308
12-22 20:59:12.809  1423  4807 I WindowManager:   bhv=1
12-22 20:59:12.809  1423  4807 I WindowManager:   fitTypes=206
12-22 20:59:12.809  1423  4807 I WindowManager:   frameRateBoostOnTouch=true
12-22 20:59:12.809  1423  4807 I WindowManager:   dvrrWindowFrameRateHint=true naviIconColor=0}
12-22 20:59:12.815  1423  1700 D WindowManager: finishDrawingWindow: Window{c2cc0c4 u0 com.katsuyamaki.DroidOSTrackpadKeyboard} mDrawState=DRAW_PENDING seqId=0
12-22 20:59:12.816  1423  2886 I WindowManager: Relayout Window{e9faceb u0 com.katsuyamaki.DroidOSTrackpadKeyboard}: viewVisibility=0 req=50x50 ty=2032 d1
12-22 20:59:12.816  1423  2886 D WindowManager: makeSurface duration=0 name=$_28700
12-22 20:59:12.817  1423  2886 I WindowManager: Relayout hash=e9faceb, pid=28700, syncId=-1: mAttrs={(711,750)(wrapxwrap) gr=TOP LEFT CENTER sim={adjust=pan} layoutInDisplayCutoutMode=shortEdges ty=ACCESSIBILITY_OVERLAY fmt=TRANSLUCENT
12-22 20:59:12.817  1423  2886 I WindowManager:   fl=1000318
12-22 20:59:12.817  1423  2886 I WindowManager:   bhv=1
12-22 20:59:12.817  1423  2886 I WindowManager:   fitTypes=206
12-22 20:59:12.817  1423  2886 I WindowManager:   frameRateBoostOnTouch=true
12-22 20:59:12.817  1423  2886 I WindowManager:   dvrrWindowFrameRateHint=true naviIconColor=0}
12-22 20:59:12.822  1423  2886 D WindowManager: finishDrawingWindow: Window{e9faceb u0 com.katsuyamaki.DroidOSTrackpadKeyboard} mDrawState=DRAW_PENDING seqId=0
12-22 20:59:12.826  1423  2886 D WindowManager: finishDrawingWindow: Window{4443c39 u0 com.katsuyamaki.DroidOSTrackpadKeyboard} mDrawState=HAS_DRAWN seqId=0
12-22 20:59:12.827  1423  2886 D WindowManager: finishDrawingWindow: Window{e9faceb u0 com.katsuyamaki.DroidOSTrackpadKeyboard} mDrawState=HAS_DRAWN seqId=0
12-22 20:59:12.829  1423  4807 D InputDispatcher: Focus entered window (1): 4443c39 com.katsuyamaki.DroidOSTrackpadKeyboard
12-22 20:59:12.836  1423  1754 I InputMethodManagerService: startInputOrWindowGainedFocusInternalLocked: Rejecting unbind in case of no editor in cover screen.
12-22 20:59:12.836  1423  1754 I InputMethodManagerService: startInputUncheckedLocked: Rejecting unbind/bind in case of no editor in cover screen.
12-22 20:59:12.858  1423  2886 I ActivityManager: Changes in 10122 7 to 10, 128 to 0
12-22 20:59:13.452  1423  1423 D InputDispatcher: Inject motion (0/0): action=0x0, time=33713051322000, f=0x0, d=1 dsdx=1.500000 dtdx=-0.000000
12-22 20:59:13.454  1423  1695 I InputDispatcher: Delivering touch to (28700): action: 0x0, f=0x0, d=1, '4443c39', t=1 +(-430,-472)*(1.50)
12-22 20:59:13.538  1423  1423 D InputDispatcher: Inject motion (0/0): action=0x1, time=33713142593000, f=0x0, d=1 dsdx=1.500000 dtdx=-0.000000
12-22 20:59:13.539  1423  1695 I InputDispatcher: Delivering touch to (28700): action: 0x1, f=0x0, d=1, '4443c39', t=1 +(-430,-472)*(1.50)
12-22 20:59:13.608  1423  1695 W InputDispatcher: channel '4443c39 com.katsuyamaki.DroidOSTrackpadKeyboard' ~ Consumer closed input channel or an error occurred.  events=0x9
12-22 20:59:13.609  1423  1695 E InputDispatcher: channel '4443c39 com.katsuyamaki.DroidOSTrackpadKeyboard' ~ Channel is unrecoverably broken and will be disposed!
12-22 20:59:13.609  1423  1695 I WindowManager: WINDOW DIED Window{4443c39 u0 com.katsuyamaki.DroidOSTrackpadKeyboard}
12-22 20:59:13.610  1423  1695 D WindowManager: Changing focus from Window{4443c39 u0 com.katsuyamaki.DroidOSTrackpadKeyboard} to Window{9a3d1c6 u0 com.android.systemui/com.android.systemui.subscreen.SubHomeActivity} displayId=1 Callers=com.android.server.wm.WindowState.removeIfPossible:647 com.android.server.input.InputManagerService.notifyInputChannelBroken:72 <bottom of call stack> <bottom of call stack> 
12-22 20:59:13.610  1423  1695 D WindowManager: updateSystemBarAttributes: displayId=1, focusedCanBeNavColorWin=false, win=Window{9a3d1c6 u0 com.android.systemui/com.android.systemui.subscreen.SubHomeActivity}, navColorWin=Window{9a3d1c6 u0 com.android.systemui/com.android.systemui.subscreen.SubHomeActivity}, caller=com.android.server.wm.WindowManagerService.updateFocusedWindowLocked:372 com.android.server.wm.WindowState.removeIfPossible:647 com.android.server.input.InputManagerService.notifyInputChannelBroken:72 
12-22 20:59:13.610  1423  1695 D WindowManager: updateSystemBarAttributes, bhv=1, apr=0, statusBarAprRegions=[], requestedVisibilities=-11
12-22 20:59:13.611  1423  1695 W InputDispatcher: channel 'b6fe3cf com.katsuyamaki.DroidOSTrackpadKeyboard' ~ Consumer closed input channel or an error occurred.  events=0x9
12-22 20:59:13.611  1423  1695 E InputDispatcher: channel 'b6fe3cf com.katsuyamaki.DroidOSTrackpadKeyboard' ~ Channel is unrecoverably broken and will be disposed!
12-22 20:59:13.611  1423  1695 I WindowManager: WINDOW DIED Window{b6fe3cf u0 com.katsuyamaki.DroidOSTrackpadKeyboard}
12-22 20:59:13.612  1423  1695 W InputDispatcher: channel 'e9faceb com.katsuyamaki.DroidOSTrackpadKeyboard' ~ Consumer closed input channel or an error occurred.  events=0x9
12-22 20:59:13.612  1423  1695 E InputDispatcher: channel 'e9faceb com.katsuyamaki.DroidOSTrackpadKeyboard' ~ Channel is unrecoverably broken and will be disposed!
12-22 20:59:13.612  1423  1695 W InputDispatcher: channel 'c2cc0c4 com.katsuyamaki.DroidOSTrackpadKeyboard' ~ Consumer closed input channel or an error occurred.  events=0x9
12-22 20:59:13.612  1423  1695 E InputDispatcher: channel 'c2cc0c4 com.katsuyamaki.DroidOSTrackpadKeyboard' ~ Channel is unrecoverably broken and will be disposed!
12-22 20:59:13.612  1423  1695 I WindowManager: WINDOW DIED Window{e9faceb u0 com.katsuyamaki.DroidOSTrackpadKeyboard}
12-22 20:59:13.612  1423  1700 D InputDispatcher: Focus left window (1): 4443c39 com.katsuyamaki.DroidOSTrackpadKeyboard
12-22 20:59:13.613  1423  1695 I WindowManager: WINDOW DIED Window{c2cc0c4 u0 com.katsuyamaki.DroidOSTrackpadKeyboard}
12-22 20:59:13.615  1423  2267 I ActivityManager: Process com.katsuyamaki.DroidOSTrackpadKeyboard (pid 28700) has died: vis BFGS(819,1740)
12-22 20:59:13.616  1423  2267 W ActivityManager: Scheduling restart of crashed service com.katsuyamaki.DroidOSTrackpadKeyboard/com.example.coverscreentester.OverlayService in 1000ms for connection
12-22 20:59:13.619  1423  2697 D InputMethodManagerService: onClientRemovedInternalLocked
12-22 20:59:13.621  1423  2227 D InputMethodManagerService: onClientRemovedInternalLocked
12-22 20:59:13.622  1423  2109 W ActivityManager: pid 1423 system sent binder code 1 with flags 1 to frozen apps and got error -32
12-22 20:59:13.626  1423  2270 W WindowManager: Cannot find window which accessibility connection is added to
12-22 20:59:13.626  1423  1636 W WindowManager: Cannot find window which accessibility connection is added to
12-22 20:59:13.627  1423  4812 W WindowManager: Cannot find window which accessibility connection is added to
12-22 20:59:13.628  1423  1549 W ActivityManager: setHasOverlayUi called on unknown pid: 28700
12-22 20:59:13.629  1423  4800 W WindowManager: Cannot find window which accessibility connection is added to
12-22 20:59:13.634  1423  2228 D InputDispatcher: Once focus requested (1): 9a3d1c6 com.android.systemui/com.android.systemui.subscreen.SubHomeActivity
12-22 20:59:13.634  1423  2228 D InputDispatcher: Focus entered window (1): 9a3d1c6 com.android.systemui/com.android.systemui.subscreen.SubHomeActivity
12-22 20:59:13.639  1423  1754 I InputMethodManagerService: startInputOrWindowGainedFocusInternalLocked: Rejecting unbind in case of no editor in cover screen.
12-22 20:59:13.639  1423  1754 I InputMethodManagerService: startInputUncheckedLocked: Rejecting unbind/bind in case of no editor in cover screen.
12-22 20:59:14.417  1423  1554 W ActivityManager: Rescheduling restart of crashed service com.katsuyamaki.DroidOSTrackpadKeyboard/com.example.coverscreentester.OverlayService in 29202ms for mem-pressure-event
12-22 20:59:14.657  1423  1423 D InputDispatcher: Inject motion (0/0): action=0x0, time=33714242798000, f=0x0, d=1 dsdx=1.500000 dtdx=-0.000000
12-22 20:59:14.657  1423  1547 D WindowManager: DeferredDisplayUpdater: partially applying DisplayInfo(948 x 1048) immediately
12-22 20:59:14.658  1423  1695 I InputDispatcher: Delivering touch to (7845): action: 0x4, f=0x0, d=1, '2a89570', t=1 
12-22 20:59:14.658  1423  1695 I InputDispatcher: Delivering touch to (2022): action: 0x4, f=0x0, d=1, 'e983ff1', t=1 
12-22 20:59:14.658  1423  1695 I InputDispatcher: Delivering touch to (2022): action: 0x0, f=0x0, d=1, '9a3d1c6', t=1 +(0,-35)*(1.50)
12-22 20:59:14.689  1423  1700 I WindowManager: Relayout Window{e382cc2 u0 SubLauncherWindow}: viewVisibility=0 req=1422x1500 ty=1000 d1
12-22 20:59:14.690  1423  1700 I WindowManager: Relayout hash=e382cc2, pid=2022, syncId=-1: mAttrs={(0,0)(fillxfill) sim={adjust=resize} layoutInDisplayCutoutMode=always ty=APPLICATION_PANEL fmt=TRANSLUCENT if=INPUT_FEATURE_DISABLE_USER_ACTIVITY
12-22 20:59:14.690  1423  1700 I WindowManager:   fl=81080278
12-22 20:59:14.690  1423  1700 I WindowManager:   vsysui=1600400
12-22 20:59:14.690  1423  1700 I WindowManager:   bhv=1
12-22 20:59:14.690  1423  1700 I WindowManager:   fitTypes=206
12-22 20:59:14.690  1423  1700 I WindowManager:   frameRateBoostOnTouch=true
12-22 20:59:14.690  1423  1700 I WindowManager:   dvrrWindowFrameRateHint=true naviIconColor=0}
12-22 20:59:14.694  1423  1547 D WindowManager: DeferredDisplayUpdater: partially applying DisplayInfo(948 x 1048) immediately
12-22 20:59:14.707  1423  2228 I WindowManager: Relayout Window{e382cc2 u0 SubLauncherWindow}: viewVisibility=0 req=1422x1500 ty=1000 d1
12-22 20:59:14.708  1423  2228 D WindowManager: Changing focus from Window{9a3d1c6 u0 com.android.systemui/com.android.systemui.subscreen.SubHomeActivity} to Window{e382cc2 u0 SubLauncherWindow} displayId=1 Callers=com.android.server.wm.WindowManagerService.relayoutWindow:1359 com.android.server.wm.Session.relayout:27 android.view.IWindowSession$Stub.onTransact:829 com.android.server.wm.Session.onTransact:1 
12-22 20:59:14.708  1423  2228 I WindowManager: Cancelling animation restarting=true, leash=Surface(name=Surface(name=e983ff1 NavigationBar1)/@0x74594fc - animation-leash of insets_animation)/@0xa7dc9da
12-22 20:59:14.708  1423  2228 I WindowManager: Reparenting to original parent: Surface(name=WindowToken{4641b98 type=2019 android.os.BinderProxy@d3c750a})/@0x2ed6785, destroy=false, surface=Surface(name=e983ff1 NavigationBar1)/@0x74594fc
12-22 20:59:14.708  1423  2228 I WindowManager: Reparenting to leash, surface=Surface(name=e983ff1 NavigationBar1)/@0x74594fc, leashParent=Surface(name=WindowToken{4641b98 type=2019 android.os.BinderProxy@d3c750a})/@0x2ed6785
12-22 20:59:14.708  1423  2228 D WindowManager: makeSurface duration=1 leash=Surface(name=Surface(name=e983ff1 NavigationBar1)/@0x74594fc - animation-leash of insets_animation)/@0xaef8cb5
12-22 20:59:14.709  1423  2228 I WindowManager: Relayout hash=e382cc2, pid=2022, syncId=-1: mAttrs={(0,0)(fillxfill) sim={adjust=resize} layoutInDisplayCutoutMode=always ty=APPLICATION_PANEL fmt=TRANSLUCENT if=INPUT_FEATURE_DISABLE_USER_ACTIVITY
12-22 20:59:14.709  1423  2228 I WindowManager:   fl=80080260
12-22 20:59:14.709  1423  2228 I WindowManager:   vsysui=1600400
12-22 20:59:14.709  1423  2228 I WindowManager:   bhv=1
12-22 20:59:14.709  1423  2228 I WindowManager:   fitTypes=206
12-22 20:59:14.709  1423  2228 I WindowManager:   frameRateBoostOnTouch=true
12-22 20:59:14.709  1423  2228 I WindowManager:   dvrrWindowFrameRateHint=true naviIconColor=0}
12-22 20:59:14.713  1423  2228 E ActivityManager: Sending non-protected broadcast com.samsung.android.app.aodservice.ACTION_COVER_HOME_QUICK_PANEL_TOUCH_AREA_CHANGED from system 2022:com.android.systemui/u0a55 pkg com.android.systemui
12-22 20:59:14.713  1423  2228 E ActivityManager: java.lang.Throwable
12-22 20:59:14.713  1423  2228 E ActivityManager: 	at com.android.server.am.BroadcastController.checkBroadcastFromSystem(qb/103888019 03a5a67e5cf815856c8cb02a780996d8495d88e5abfc1f4625d73e5d10674898:252)
12-22 20:59:14.713  1423  2228 E ActivityManager: 	at com.android.server.am.BroadcastController.broadcastIntentLockedTraced(qb/103888019 03a5a67e5cf815856c8cb02a780996d8495d88e5abfc1f4625d73e5d10674898:344)
12-22 20:59:14.713  1423  2228 E ActivityManager: 	at com.android.server.am.BroadcastController.broadcastIntentLocked(qb/103888019 03a5a67e5cf815856c8cb02a780996d8495d88e5abfc1f4625d73e5d10674898:18)
12-22 20:59:14.713  1423  2228 E ActivityManager: 	at com.android.server.am.ActivityManagerService.broadcastIntentWithFeature(qb/103888019 03a5a67e5cf815856c8cb02a780996d8495d88e5abfc1f4625d73e5d10674898:149)
12-22 20:59:14.713  1423  2228 E ActivityManager: 	at android.app.IActivityManager$Stub.onTransact$broadcastIntentWithFeature$(IActivityManager.java:12241)
12-22 20:59:14.713  1423  2228 E ActivityManager: 	at android.app.IActivityManager$Stub.onTransact(IActivityManager.java:3154)
12-22 20:59:14.713  1423  2228 E ActivityManager: 	at com.android.server.am.ActivityManagerService.onTransact(qb/103888019 03a5a67e5cf815856c8cb02a780996d8495d88e5abfc1f4625d73e5d10674898:425)
12-22 20:59:14.713  1423  2228 E ActivityManager: 	at android.os.Binder.execTransactInternal(Binder.java:1462)
12-22 20:59:14.713  1423  2228 E ActivityManager: 	at android.os.Binder.execTransact(Binder.java:1401)
12-22 20:59:14.728  1423  1700 D InputDispatcher: Once focus requested (1): e382cc2 SubLauncherWindow
12-22 20:59:14.728  1423  1700 D InputDispatcher: Focus left window (1): 9a3d1c6 com.android.systemui/com.android.systemui.subscreen.SubHomeActivity
12-22 20:59:14.728  1423  1700 D InputDispatcher: Focus entered window (1): e382cc2 SubLauncherWindow
12-22 20:59:14.743  1423  1754 I InputMethodManagerService: startInputOrWindowGainedFocusInternalLocked: Rejecting unbind in case of no editor in cover screen.
12-22 20:59:14.743  1423  1754 I InputMethodManagerService: startInputUncheckedLocked: Rejecting unbind/bind in case of no editor in cover screen.
12-22 20:59:14.747  1423  1423 D InputDispatcher: Inject motion (0/0): action=0x1, time=33714351020000, f=0x0, d=1 dsdx=1.500000 dtdx=-0.000000
12-22 20:59:14.747  1423  1695 I InputDispatcher: Delivering touch to (2022): action: 0x1, f=0x0, d=1, '9a3d1c6', t=1 +(0,-35)*(1.50)
12-22 20:59:14.815  1423  1636 E ActivityManager: Sending non-protected broadcast com.samsung.android.app.aodservice.ACTION_COVER_HOME_FOCUS_CHANGED from system 2022:com.android.systemui/u0a55 pkg com.android.systemui
12-22 20:59:14.815  1423  1636 E ActivityManager: java.lang.Throwable
12-22 20:59:14.815  1423  1636 E ActivityManager: 	at com.android.server.am.BroadcastController.checkBroadcastFromSystem(qb/103888019 03a5a67e5cf815856c8cb02a780996d8495d88e5abfc1f4625d73e5d10674898:252)
12-22 20:59:14.815  1423  1636 E ActivityManager: 	at com.android.server.am.BroadcastController.broadcastIntentLockedTraced(qb/103888019 03a5a67e5cf815856c8cb02a780996d8495d88e5abfc1f4625d73e5d10674898:344)
12-22 20:59:14.815  1423  1636 E ActivityManager: 	at com.android.server.am.BroadcastController.broadcastIntentLocked(qb/103888019 03a5a67e5cf815856c8cb02a780996d8495d88e5abfc1f4625d73e5d10674898:18)
12-22 20:59:14.815  1423  1636 E ActivityManager: 	at com.android.server.am.ActivityManagerService.broadcastIntentWithFeature(qb/103888019 03a5a67e5cf815856c8cb02a780996d8495d88e5abfc1f4625d73e5d10674898:149)
12-22 20:59:14.815  1423  1636 E ActivityManager: 	at android.app.IActivityManager$Stub.onTransact$broadcastIntentWithFeature$(IActivityManager.java:12241)
12-22 20:59:14.815  1423  1636 E ActivityManager: 	at android.app.IActivityManager$Stub.onTransact(IActivityManager.java:3154)
12-22 20:59:14.815  1423  1636 E ActivityManager: 	at com.android.server.am.ActivityManagerService.onTransact(qb/103888019 03a5a67e5cf815856c8cb02a780996d8495d88e5abfc1f4625d73e5d10674898:425)
12-22 20:59:14.815  1423  1636 E ActivityManager: 	at android.os.Binder.execTransactInternal(Binder.java:1462)
12-22 20:59:14.815  1423  1636 E ActivityManager: 	at android.os.Binder.execTransact(Binder.java:1401)
12-22 20:59:14.815  1423  1700 E ActivityManager: Sending non-protected broadcast com.samsung.android.app.aodservice.ACTION_FLOATING_SHORTCUT_AVAILABLE_CHANGED from system 2022:com.android.systemui/u0a55 pkg com.android.systemui
12-22 20:59:14.815  1423  1700 E ActivityManager: java.lang.Throwable
12-22 20:59:14.815  1423  1700 E ActivityManager: 	at com.android.server.am.BroadcastController.checkBroadcastFromSystem(qb/103888019 03a5a67e5cf815856c8cb02a780996d8495d88e5abfc1f4625d73e5d10674898:252)
12-22 20:59:14.815  1423  1700 E ActivityManager: 	at com.android.server.am.BroadcastController.broadcastIntentLockedTraced(qb/103888019 03a5a67e5cf815856c8cb02a780996d8495d88e5abfc1f4625d73e5d10674898:344)
12-22 20:59:14.815  1423  1700 E ActivityManager: 	at com.android.server.am.BroadcastController.broadcastIntentLocked(qb/103888019 03a5a67e5cf815856c8cb02a780996d8495d88e5abfc1f4625d73e5d10674898:18)
12-22 20:59:14.815  1423  1700 E ActivityManager: 	at com.android.server.am.ActivityManagerService.broadcastIntentWithFeature(qb/103888019 03a5a67e5cf815856c8cb02a780996d8495d88e5abfc1f4625d73e5d10674898:149)
12-22 20:59:14.815  1423  1700 E ActivityManager: 	at android.app.IActivityManager$Stub.onTransact$broadcastIntentWithFeature$(IActivityManager.java:12241)
12-22 20:59:14.815  1423  1700 E ActivityManager: 	at android.app.IActivityManager$Stub.onTransact(IActivityManager.java:3154)
12-22 20:59:14.815  1423  1700 E ActivityManager: 	at com.android.server.am.ActivityManagerService.onTransact(qb/103888019 03a5a67e5cf815856c8cb02a780996d8495d88e5abfc1f4625d73e5d10674898:425)
12-22 20:59:14.815  1423  1700 E ActivityManager: 	at android.os.Binder.execTransactInternal(Binder.java:1462)
12-22 20:59:14.815  1423  1700 E ActivityManager: 	at android.os.Binder.execTransact(Binder.java:1401)
12-22 20:59:14.875  1423  1754 I InputMethodManagerService: startInputUncheckedLocked: Rejecting unbind/bind in case of no editor in cover screen.
12-22 20:59:15.058  1423  1700 D WindowManager: updateSystemBarAttributes: displayId=1, focusedCanBeNavColorWin=false, win=Window{e382cc2 u0 SubLauncherWindow}, navColorWin=Window{9a3d1c6 u0 com.android.systemui/com.android.systemui.subscreen.SubHomeActivity}, caller=com.android.server.wm.InsetsStateController.onRequestedVisibleTypesChanged:86 com.android.server.wm.InsetsPolicy.onRequestedVisibleTypesChanged:3 com.android.server.wm.Session.updateRequestedVisibleTypes:37 
12-22 20:59:15.058  1423  1700 D WindowManager: updateSystemBarAttributes, bhv=1, apr=0, statusBarAprRegions=[], requestedVisibilities=-9
12-22 20:59:15.063  1423  1636 I WindowManager: Relayout Window{e382cc2 u0 SubLauncherWindow}: viewVisibility=0 req=1422x1500 ty=1000 d1
12-22 20:59:15.066  1423  1636 I WindowManager: Relayout hash=e382cc2, pid=2022, syncId=-1: mAttrs={(0,0)(fillxfill) sim={adjust=resize} layoutInDisplayCutoutMode=always ty=APPLICATION_PANEL fmt=TRANSLUCENT if=INPUT_FEATURE_DISABLE_USER_ACTIVITY
12-22 20:59:15.066  1423  1636 I WindowManager:   fl=80080260
12-22 20:59:15.066  1423  1636 I WindowManager:   vsysui=400
12-22 20:59:15.066  1423  1636 I WindowManager:   bhv=1
