12-22 20:59:16.136  1423  2697 D WindowManager: finishDrawingWindow: Window{a0238ff u0 com.katsuyamaki.DroidOSTrackpadKeyboard} mDrawState=DRAW_PENDING seqId=0
12-22 20:59:16.137  1423  2934 I WindowManager: Relayout Window{1967d93 u0 com.katsuyamaki.DroidOSTrackpadKeyboard}: viewVisibility=0 req=50x50 ty=2032 d0
12-22 20:59:16.137  1423  2934 D WindowManager: makeSurface duration=0 name=$_31283
12-22 20:59:16.138  1423  2934 I WindowManager: Relayout hash=1967d93, pid=31283, syncId=-1: mAttrs={(540,1260)(wrapxwrap) gr=TOP LEFT CENTER sim={adjust=pan} layoutInDisplayCutoutMode=shortEdges ty=ACCESSIBILITY_OVERLAY fmt=TRANSLUCENT
12-22 20:59:16.138  1423  2934 I WindowManager:   fl=1000318
12-22 20:59:16.138  1423  2934 I WindowManager:   bhv=1
12-22 20:59:16.138  1423  2934 I WindowManager:   fitTypes=206
12-22 20:59:16.138  1423  2934 I WindowManager:   frameRateBoostOnTouch=true
12-22 20:59:16.138  1423  2934 I WindowManager:   dvrrWindowFrameRateHint=true naviIconColor=0}
12-22 20:59:16.144  1423  2697 D WindowManager: finishDrawingWindow: Window{1967d93 u0 com.katsuyamaki.DroidOSTrackpadKeyboard} mDrawState=DRAW_PENDING seqId=0
12-22 20:59:16.151  1423  2697 D WindowManager: finishDrawingWindow: Window{a0238ff u0 com.katsuyamaki.DroidOSTrackpadKeyboard} mDrawState=HAS_DRAWN seqId=0
12-22 20:59:16.160  1423  2109 D WindowManager: finishDrawingWindow: Window{1967d93 u0 com.katsuyamaki.DroidOSTrackpadKeyboard} mDrawState=HAS_DRAWN seqId=0
12-22 20:59:17.573  1423  1423 D InputDispatcher: Inject motion (0/0): action=0x0, time=33717172543000, f=0x0, d=1 dsdx=1.500000 dtdx=-0.000000
12-22 20:59:17.574  1423  1695 I InputDispatcher: Delivering touch to (7845): action: 0x4, f=0x0, d=1, '2a89570', t=1 
12-22 20:59:17.574  1423  1695 I InputDispatcher: Delivering touch to (2022): action: 0x4, f=0x0, d=1, 'e983ff1', t=1 
12-22 20:59:17.575  1423  1695 I InputDispatcher: Delivering touch to (2022): action: 0x0, f=0x0, d=1, 'e382cc2', t=1 +(0,-35)*(1.50)
12-22 20:59:17.622  1423  1423 D InputDispatcher: Inject motion (0/0): action=0x1, time=33717225275000, f=0x0, d=1 dsdx=1.500000 dtdx=-0.000000
12-22 20:59:17.623  1423  1695 I InputDispatcher: Delivering touch to (2022): action: 0x1, f=0x0, d=1, 'e382cc2', t=1 +(0,-35)*(1.50)
12-22 20:59:17.709  1423  2697 D WindowManager: Transition is created, t=TransitionRecord{fab65f4 id=-1 type=OPEN flags=0x0}, caller=com.android.server.wm.Transition.<init>:182 com.android.server.wm.TransitionController.createAndStartCollecting:106 com.android.server.wm.ActivityStarter.executeRequest:3537 com.android.server.wm.ActivityStarter.execute:1873 com.android.server.wm.ActivityTaskManagerService.startActivityAsUser:87 
12-22 20:59:17.718  2022  2160 D ViewRootImpl: desktopMode is false
12-22 20:59:17.719  2022  2160 I ViewRootImpl: dVRR is disabled
12-22 20:59:17.720  1423  2697 D WindowManager: prepareSync <SYNC_STATE_WAITING_FOR_DRAW>, mPrepareSyncSeqId=0, win=Window{e382cc2 u0 SubLauncherWindow}
12-22 20:59:17.720  1423  2697 D WindowManager: prepareSync <SYNC_STATE_WAITING_FOR_DRAW>, mPrepareSyncSeqId=0, win=Window{9a3d1c6 u0 com.android.systemui/com.android.systemui.subscreen.SubHomeActivity}
12-22 20:59:17.721  1423  2697 I WindowManager: getCoverScreenRotation 0, sensor= 0, isFlat=false, isDual=false
12-22 20:59:17.728  1423  2934 D WindowManager: prepareSync <SYNC_STATE_WAITING_FOR_DRAW>, mPrepareSyncSeqId=0, win=Window{151e3bc u0 Splash Screen com.katsuyamaki.DroidOSTrackpadKeyboard}
12-22 20:59:17.729  1423  1473 I WindowManager: getCoverScreenRotation 0, sensor= 0, isFlat=false, isDual=false
12-22 20:59:17.731  1423  1473 D InputDispatcher: Focused application(1): ActivityRecord{63107357 u0 com.katsuyamaki.DroidOSTrackpadKeyboard/com.example.coverscreentester.MainActivity t19275}
12-22 20:59:17.731  1423  1473 D WindowManager: Changing focus from Window{e382cc2 u0 SubLauncherWindow} to null displayId=1 Callers=com.android.server.wm.ActivityTaskManagerService.setLastResumedActivityUncheckLocked:264 com.android.server.wm.ActivityTaskSupervisor.updateTopResumedActivityIfNeeded:49 com.android.server.wm.TaskFragment.setResumedActivity:30 com.android.server.wm.ActivityRecord.setState:100 
12-22 20:59:17.731  1423  1473 I WindowManager: Cancelling animation restarting=true, leash=Surface(name=Surface(name=e983ff1 NavigationBar1)/@0x74594fc - animation-leash of insets_animation)/@0x2522e3b
12-22 20:59:17.731  1423  1473 I WindowManager: Reparenting to original parent: Surface(name=WindowToken{4641b98 type=2019 android.os.BinderProxy@d3c750a})/@0x2ed6785, destroy=false, surface=Surface(name=e983ff1 NavigationBar1)/@0x74594fc
12-22 20:59:17.731  1423  1473 I WindowManager: Reparenting to leash, surface=Surface(name=e983ff1 NavigationBar1)/@0x74594fc, leashParent=Surface(name=WindowToken{4641b98 type=2019 android.os.BinderProxy@d3c750a})/@0x2ed6785
12-22 20:59:17.731  1423  1473 D WindowManager: makeSurface duration=0 leash=Surface(name=Surface(name=e983ff1 NavigationBar1)/@0x74594fc - animation-leash of insets_animation)/@0xbf43bcb
12-22 20:59:17.737  1423  2697 W ActivityManager: Unable to start service Intent { xflg=0x4 cmp=com.katsuyamaki.DroidOSTrackpadKeyboard/com.example.coverscreentester.TrackpadService (has extras) } U=0: not found
12-22 20:59:17.737  1423  1473 I WindowManager: Relayout Window{151e3bc u0 Splash Screen com.katsuyamaki.DroidOSTrackpadKeyboard}: viewVisibility=0 req=1422x1169 ty=3 d1
12-22 20:59:17.737  1423  1473 D WindowManager: makeSurface duration=0 name=Splash Screen com.katsuyamaki.DroidOSTrackpadKeyboard$_2022
12-22 20:59:17.739  1423  1473 I WindowManager: Relayout hash=151e3bc, pid=2022, syncId=-1: mAttrs={(0,0)(fillxfill) sim={adjust=pan} ty=APPLICATION_STARTING fmt=TRANSLUCENT wanim=0x1030317
12-22 20:59:17.739  1423  1473 I WindowManager:   fl=81030118
12-22 20:59:17.739  1423  1473 I WindowManager:   pfl=10000010
12-22 20:59:17.739  1423  1473 I WindowManager:   bhv=1
12-22 20:59:17.739  1423  1473 I WindowManager:   fitSides=0
12-22 20:59:17.739  1423  1473 I WindowManager:   frameRateBoostOnTouch=true
12-22 20:59:17.739  1423  1473 I WindowManager:   dvrrWindowFrameRateHint=true naviIconColor=0}
12-22 20:59:17.742  1423  4808 D InputDispatcher: Focused application(1): ActivityRecord{260071160 u0 com.android.systemui/.subscreen.SubHomeActivity t9}
12-22 20:59:17.742  1423  4808 D WindowManager: Changing focus from null to Window{e382cc2 u0 SubLauncherWindow} displayId=1 Callers=com.android.server.wm.ActivityTaskManagerService.setLastResumedActivityUncheckLocked:264 com.android.server.wm.ActivityTaskSupervisor.updateTopResumedActivityIfNeeded:49 com.android.server.wm.TaskFragment.setResumedActivity:30 com.android.server.wm.ActivityRecord.setState:100 
12-22 20:59:17.742  1423  4808 I WindowManager: Cancelling animation restarting=true, leash=Surface(name=Surface(name=e983ff1 NavigationBar1)/@0x74594fc - animation-leash of insets_animation)/@0xbf43bcb
12-22 20:59:17.742  1423  4808 I WindowManager: Reparenting to original parent: Surface(name=WindowToken{4641b98 type=2019 android.os.BinderProxy@d3c750a})/@0x2ed6785, destroy=false, surface=Surface(name=e983ff1 NavigationBar1)/@0x74594fc
12-22 20:59:17.742  1423  4808 I WindowManager: Reparenting to leash, surface=Surface(name=e983ff1 NavigationBar1)/@0x74594fc, leashParent=Surface(name=WindowToken{4641b98 type=2019 android.os.BinderProxy@d3c750a})/@0x2ed6785
12-22 20:59:17.742  1423  4808 D WindowManager: makeSurface duration=1 leash=Surface(name=Surface(name=e983ff1 NavigationBar1)/@0x74594fc - animation-leash of insets_animation)/@0xb58ee54
12-22 20:59:17.743  1423  4808 I WindowManager: getCoverScreenRotation 0, sensor= 0, isFlat=false, isDual=false
12-22 20:59:17.745  1423  2109 D WindowManager: finishDrawingWindow: Window{151e3bc u0 Splash Screen com.katsuyamaki.DroidOSTrackpadKeyboard} mDrawState=DRAW_PENDING seqId=0
12-22 20:59:17.745  1423  4808 D InputDispatcher: Once focus requested (1): <null>
12-22 20:59:17.745  1423  4808 D InputDispatcher: Focus request (1): <null> but waiting because NO_WINDOW
12-22 20:59:17.745  1423  4808 D InputDispatcher: Focus left window (1): e382cc2 SubLauncherWindow
12-22 20:59:17.754  1423  4808 D WindowManager: Starting window removed Window{151e3bc u0 Splash Screen com.katsuyamaki.DroidOSTrackpadKeyboard}
12-22 20:59:17.761  1423  4808 W WindowManager: Failed looking up window session=Session{eef2b83 2022:u0a10055} callers=com.android.server.wm.WindowManagerService.windowForClientLocked:1 com.android.server.wm.WindowManagerService.relayoutWindow:84 com.android.server.wm.Session.relayout:27 
12-22 20:59:17.762  1423  4808 D InputDispatcher: Once focus requested (1): e382cc2 SubLauncherWindow
12-22 20:59:17.762  1423  4808 D InputDispatcher: Focus request (1): e382cc2 SubLauncherWindow but waiting because NO_WINDOW
12-22 20:59:17.763  1423  2934 D InputDispatcher: Focus entered window (1): e382cc2 SubLauncherWindow
12-22 20:59:17.763  1423  2109 W WindowManager: Failed looking up window session=Session{eef2b83 2022:u0a10055} callers=com.android.server.wm.WindowManagerService.windowForClientLocked:1 com.android.server.wm.Session.setOnBackInvokedCallbackInfo:15 android.view.IWindowSession$Stub.onTransact:1390 
12-22 20:59:17.763  1423  2109 I WindowManager: setOnBackInvokedCallback(): No window state for package:com.android.systemui
12-22 20:59:17.764  1423  2934 W WindowManager: Cannot find window which accessibility connection is added to
12-22 20:59:17.764  1423  1473 W WindowManager: Failed looking up window session=Session{eef2b83 2022:u0a10055} callers=com.android.server.wm.Session.remove:10 android.view.IWindowSession$Stub.onTransact:804 com.android.server.wm.Session.onTransact:1 
12-22 20:59:17.770  1423  1754 I InputMethodManagerService: startInputUncheckedLocked: Rejecting unbind/bind in case of no editor in cover screen.
12-22 20:59:18.804  1423  1549 D WindowManager: onStateChanged, state=1
12-22 20:59:18.808  1423  1549 D WindowManager: rotationForOrientation, orientationSource=DefaultTaskDisplayArea_d0@131230281
12-22 20:59:18.808  1423  1549 I WindowManager: getCoverScreenRotation 0, sensor= 0, isFlat=false, isDual=false
12-22 20:59:19.045  1423  1549 D WindowManager: onStateChanged, state=2
12-22 20:59:19.056  1423  1549 D WindowManager: Changing focus from Window{e382cc2 u0 SubLauncherWindow} to null displayId=1 Callers=com.android.server.wm.RootWindowContainer.onChildPositionChanged:8 com.android.server.wm.WindowContainer.positionChildAt:69 com.android.server.wm.RootWindowContainer.positionChildAt:8 com.android.server.wm.WindowManagerServiceExt.moveDisplayToTop:37 
12-22 20:59:19.056  1423  1549 I WindowManager: Cancelling animation restarting=true, leash=Surface(name=Surface(name=e983ff1 NavigationBar1)/@0x74594fc - animation-leash of insets_animation)/@0xb58ee54
12-22 20:59:19.056  1423  1549 I WindowManager: Reparenting to original parent: Surface(name=WindowToken{4641b98 type=2019 android.os.BinderProxy@d3c750a})/@0x2ed6785, destroy=false, surface=Surface(name=e983ff1 NavigationBar1)/@0x74594fc
12-22 20:59:19.057  1423  1549 I WindowManager: Reparenting to leash, surface=Surface(name=e983ff1 NavigationBar1)/@0x74594fc, leashParent=Surface(name=WindowToken{4641b98 type=2019 android.os.BinderProxy@d3c750a})/@0x2ed6785
12-22 20:59:19.057  1423  1549 D WindowManager: makeSurface duration=1 leash=Surface(name=Surface(name=e983ff1 NavigationBar1)/@0x74594fc - animation-leash of insets_animation)/@0x4e1158f
12-22 20:59:19.058  1423  1549 D InputDispatcher: Focused display: 1 -> 0
12-22 20:59:19.058  1423  1549 W InputDispatcher: Focused display #0 does not have a focused window.
12-22 20:59:19.058  1423  1549 E InputDispatcher: But another display has a focused window
12-22 20:59:19.058  1423  1549 E InputDispatcher:   FocusedWindows:
12-22 20:59:19.058  1423  1549 E InputDispatcher:     displayId=1, name='e382cc2 SubLauncherWindow'
12-22 20:59:19.060  1423  1549 I WindowManager: getCoverScreenRotation 0, sensor= 0, isFlat=false, isDual=false
12-22 20:59:19.064  2022  2022 I WindowManager: WindowManagerGlobal#removeView, ty=2019, view=com.android.systemui.navigationbar.views.NavigationBarFrame{7824b18 V.E...... ......I. 0,0-1422,66 #7f0a083a app:id/navigation_bar_frame}, caller=android.view.WindowManagerGlobal.removeView:654 android.view.WindowManagerImpl.removeViewImmediate:216 com.android.systemui.navigationbar.views.NavigationBar.destroyView:32 
12-22 20:59:19.064  2022  2022 I WindowManager: WindowManagerGlobal#removeView, ty=2024, view=com.android.systemui.navigationbar.gestural.QuickswitchOrientedNavHandle{2671829 G.E...... ......I. 0,0-0,0 #7f0a0b72 app:id/secondary_home_handle}, caller=android.view.WindowManagerGlobal.removeView:654 android.view.WindowManagerImpl.removeView:211 com.android.systemui.navigationbar.views.NavigationBar.onViewDetached:75 
12-22 20:59:19.066  1423  1604 D WindowManager: Create SleepToken: tag=Display-off, displayId=1
12-22 20:59:19.069  1423  4800 I WindowManager: Cancelling animation restarting=false, leash=Surface(name=Surface(name=e983ff1 NavigationBar1)/@0x74594fc - animation-leash of insets_animation)/@0x4e1158f
12-22 20:59:19.073  2022  2022 I WindowManager: WindowManagerGlobal#removeView, ty=2024, view=com.android.systemui.navigationbar.gestural.SamsungBackPanel{3740d0b G.ED..... ......I. 0,0-164,419}, caller=android.view.WindowManagerGlobal.removeView:654 android.view.WindowManagerImpl.removeView:211 com.android.systemui.navigationbar.gestural.BackPanelController.onDestroy:12 
12-22 20:59:19.077  1423  4800 D InputDispatcher: Once focus requested (1): <null>
12-22 20:59:19.077  1423  4800 D InputDispatcher: Focus request (1): <null> but waiting because NO_WINDOW
12-22 20:59:19.077  1423  4800 D InputDispatcher: Focus left window (1): e382cc2 SubLauncherWindow
12-22 20:59:19.082  1423  1549 I ActivityManager: Changes in 10375 2 to 12, 255 to 0
12-22 20:59:19.092  1423  1604 D WindowManager: Remove SleepToken: tag=Display-off, displayId=0
12-22 20:59:19.092  1423  1604 D WindowManager: Transition is created, t=TransitionRecord{49b523 id=-1 type=WAKE flags=0x0}, caller=com.android.server.wm.Transition.<init>:182 com.android.server.wm.TransitionController.createTransition:17 com.android.server.wm.RootWindowContainer.applySleepTokens:209 com.android.server.wm.ActivityTaskManagerService.updateSleepIfNeededLocked:90 com.android.server.wm.RootWindowContainer.removeSleepToken:131 
12-22 20:59:19.093  1423  1604 D WindowManager: prepareSync <SYNC_STATE_WAITING_FOR_DRAW>, mPrepareSyncSeqId=0, win=Window{f704bfc u0 com.termux/com.termux.app.TermuxActivity}
12-22 20:59:19.099  1423  1604 D WindowManager: prepareSync <SYNC_STATE_WAITING_FOR_DRAW>, mPrepareSyncSeqId=0, win=Window{64185e1 u0 com.sec.android.app.launcher/com.sec.android.app.launcher.activities.LauncherActivity}
12-22 20:59:19.099  1423  1604 D WindowManager: prepareSync <SYNC_STATE_WAITING_FOR_DRAW>, mPrepareSyncSeqId=0, win=Window{e382cc2 u0 SubLauncherWindow}
12-22 20:59:19.099  1423  1604 D WindowManager: prepareSync <SYNC_STATE_WAITING_FOR_DRAW>, mPrepareSyncSeqId=0, win=Window{9a3d1c6 u0 com.android.systemui/com.android.systemui.subscreen.SubHomeActivity}
12-22 20:59:19.100  1423  1604 D WindowManager: rotationForOrientation, orientationSource=ActivityRecord{127106347 u0 com.sec.android.app.launcher/.activities.LauncherActivity t18982}
12-22 20:59:19.104  1423  2109 I WindowManager: Relayout Window{9a3d1c6 u0 com.android.systemui/com.android.systemui.subscreen.SubHomeActivity}: viewVisibility=0 req=1422x1500 ty=1 d1
12-22 20:59:19.104  1423  2109 D WindowManager: updateSystemBarAttributes: displayId=1, focusedCanBeNavColorWin=false, win=Window{9a3d1c6 u0 com.android.systemui/com.android.systemui.subscreen.SubHomeActivity}, navColorWin=null, caller=com.android.server.wm.DisplayPolicy.finishPostLayoutPolicyLw:17 com.android.server.wm.RootWindowContainer.applySurfaceChangesTransaction$1:195 com.android.server.wm.RootWindowContainer.performSurfacePlacementNoTrace:86 
12-22 20:59:19.104  1423  2109 D WindowManager: updateSystemBarAttributes, bhv=1, apr=0, statusBarAprRegions=[], requestedVisibilities=-11
12-22 20:59:19.106  1423  2109 I WindowManager: Relayout hash=9a3d1c6, pid=2022, syncId=-1: mAttrs={(0,0)(fillxfill) sim={adjust=pan forwardNavigation} layoutInDisplayCutoutMode=always ty=BASE_APPLICATION fmt=TRANSPARENT if=INPUT_FEATURE_DISABLE_USER_ACTIVITY userActivityTimeout=30000
12-22 20:59:19.106  1423  2109 I WindowManager:   fl=81910100
12-22 20:59:19.106  1423  2109 I WindowManager:   pfl=10008850
12-22 20:59:19.106  1423  2109 I WindowManager:   vsysui=1600000
12-22 20:59:19.106  1423  2109 I WindowManager:   bhv=1
12-22 20:59:19.106  1423  2109 I WindowManager:   fitSides=0
12-22 20:59:19.106  1423  2109 I WindowManager:   frameRateBoostOnTouch=true
12-22 20:59:19.106  1423  2109 I WindowManager:   dvrrWindowFrameRateHint=true screenDimDuration=0 naviIconColor=0}
12-22 20:59:19.106  1423  1547 D WindowManager: DeferredDisplayUpdater: partially applying DisplayInfo(948 x 1048) immediately
12-22 20:59:19.107 22381 22381 D ViewRootImpl: Skipping stats log for color mode
12-22 20:59:19.113  1423  1855 I ActivityManager: Changes in 10342 4 to 2, 254 to 255
12-22 20:59:19.115  1423  2784 I WindowManager: Relayout Window{e382cc2 u0 SubLauncherWindow}: viewVisibility=0 req=1422x1500 ty=1000 d1
12-22 20:59:19.115  1423  2784 I WindowManager: Relayout hash=e382cc2, pid=2022, syncId=-1: mAttrs={(0,0)(fillxfill) sim={adjust=resize} layoutInDisplayCutoutMode=always ty=APPLICATION_PANEL fmt=TRANSLUCENT if=INPUT_FEATURE_DISABLE_USER_ACTIVITY
12-22 20:59:19.115  1423  2784 I WindowManager:   fl=80080260
12-22 20:59:19.115  1423  2784 I WindowManager:   vsysui=1600400
12-22 20:59:19.115  1423  2784 I WindowManager:   bhv=1
12-22 20:59:19.115  1423  2784 I WindowManager:   fitTypes=206
12-22 20:59:19.115  1423  2784 I WindowManager:   frameRateBoostOnTouch=true
12-22 20:59:19.115  1423  2784 I WindowManager:   dvrrWindowFrameRateHint=true naviIconColor=0}
12-22 20:59:19.118  1423  1855 I ActivityManager: Changes in 10155 5 to 2, 184 to 255
12-22 20:59:19.121  1423  2265 I ActivityManager: Changes in 10395 19 to 3, 0 to 144
12-22 20:59:19.123  1423  1547 D WindowManager: DeferredDisplayUpdater: partially applying DisplayInfo(1080 x 2520) immediately
12-22 20:59:19.127  1423  2109 I WindowManager: Relayout Window{d2cc959 u0 com.android.systemui.wallpapers.ImageWallpaper}: viewVisibility=0 req=-1x-1 ty=2013 d1
12-22 20:59:19.130  1423  1547 I WindowManager: Waiting for transition
12-22 20:59:19.130  1423  1550 I WindowManager: Waiting for transition
12-22 20:59:19.131  1423  2109 I WindowManager: Relayout hash=d2cc959, pid=2022, syncId=-1: mAttrs={(0,0)(fillxfill) gr=TOP START CENTER layoutInDisplayCutoutMode=always ty=WALLPAPER fmt=RGBX_8888 wanim=0x1030328
12-22 20:59:19.131  1423  2109 I WindowManager:   fl=10318
12-22 20:59:19.131  1423  2109 I WindowManager:   pfl=14
12-22 20:59:19.131  1423  2109 I WindowManager:   bhv=1
12-22 20:59:19.131  1423  2109 I WindowManager:   frameRateBoostOnTouch=true
12-22 20:59:19.131  1423  2109 I WindowManager:   dvrrWindowFrameRateHint=true naviIconColor=0}
12-22 20:59:19.145  1423  1549 I ActivityManager: Changes in 10375 12 to 2, 0 to 255
12-22 20:59:19.153  1423  1547 D WindowManager: DeferredDisplayUpdater: partially applying DisplayInfo(1080 x 2520) immediately
12-22 20:59:19.154  1423  1547 I WindowManager: Waiting for transition
12-22 20:59:19.154  1423  1550 I WindowManager: Waiting for transition
12-22 20:59:19.154  1423  1547 D WindowManager: DeferredDisplayUpdater: partially applying DisplayInfo(948 x 1048) immediately
12-22 20:59:19.156  1423  1547 I WindowManager: Waiting for transition
12-22 20:59:19.158  1423  1550 I WindowManager: Waiting for transition
12-22 20:59:19.176  1423  2109 I WindowManager: Relayout Window{64185e1 u0 com.sec.android.app.launcher/com.sec.android.app.launcher.activities.LauncherActivity}: viewVisibility=0 req=1080x2520 ty=1 d0
12-22 20:59:19.176  1423  2109 D WindowManager: makeSurface duration=0 name=com.sec.android.app.launcher/com.sec.android.app.launcher.activities.LauncherActivity$_2712
12-22 20:59:19.177  1423  2109 I WindowManager: Waiting for transition
12-22 20:59:19.177  1423  2109 I WindowManager: Relayout hash=64185e1, pid=2712, syncId=-1: mAttrs={(0,0)(fillxfill) sim={adjust=nothing} layoutInDisplayCutoutMode=always ty=BASE_APPLICATION fmt=TRANSPARENT wanim=0x1030306
12-22 20:59:19.177  1423  2109 I WindowManager:   fl=81910100
12-22 20:59:19.177  1423  2109 I WindowManager:   pfl=10008840
12-22 20:59:19.177  1423  2109 I WindowManager:   bhv=2
12-22 20:59:19.177  1423  2109 I WindowManager:   fitSides=0
12-22 20:59:19.177  1423  2109 I WindowManager:   frameRateBoostOnTouch=true
12-22 20:59:19.177  1423  2109 I WindowManager:   dvrrWindowFrameRateHint=true screenDimDuration=200000 naviIconColor=0}
12-22 20:59:19.177  1423  1474 I WindowManager: Relayout Window{e382cc2 u0 SubLauncherWindow}: viewVisibility=0 req=1422x1500 ty=1000 d1
12-22 20:59:19.178  1423  1474 I WindowManager: Waiting for transition
12-22 20:59:19.178  1423  1474 I WindowManager: Waiting for transition
12-22 20:59:19.179  1423  4812 I WindowManager: Relayout Window{f704bfc u0 com.termux/com.termux.app.TermuxActivity}: viewVisibility=0 req=1080x1260 ty=1 d0
12-22 20:59:19.179  1423  4812 D WindowManager: makeSurface duration=0 name=com.termux/com.termux.app.TermuxActivity$_22381
12-22 20:59:19.179  1423  1474 I WindowManager: Relayout hash=e382cc2, pid=2022, syncId=-1: mAttrs={(0,0)(fillxfill) sim={adjust=resize} layoutInDisplayCutoutMode=always ty=APPLICATION_PANEL fmt=TRANSLUCENT if=INPUT_FEATURE_DISABLE_USER_ACTIVITY
12-22 20:59:19.179  1423  1474 I WindowManager:   fl=81080278
12-22 20:59:19.179  1423  1474 I WindowManager:   vsysui=1600400
12-22 20:59:19.179  1423  1474 I WindowManager:   bhv=1
12-22 20:59:19.179  1423  1474 I WindowManager:   fitTypes=206
12-22 20:59:19.179  1423  1474 I WindowManager:   frameRateBoostOnTouch=true
12-22 20:59:19.179  1423  1474 I WindowManager:   dvrrWindowFrameRateHint=true naviIconColor=0}
12-22 20:59:19.179  1423  4812 I WindowManager: Waiting for transition
12-22 20:59:19.180  1423  4812 D WindowManager: Changing focus from null to Window{f704bfc u0 com.termux/com.termux.app.TermuxActivity} displayId=0 Callers=com.android.server.wm.WindowManagerService.relayoutWindow:1359 com.android.server.wm.Session.relayout:27 android.view.IWindowSession$Stub.onTransact:829 com.android.server.wm.Session.onTransact:1 
12-22 20:59:19.180  1423  4812 I WindowManager: Cancelling animation restarting=true, leash=Surface(name=Surface(name=6146b28 NavigationBar0)/@0x1b76ee0 - animation-leash of insets_animation)/@0x1073eb5
12-22 20:59:19.180  1423  4812 I WindowManager: Reparenting to original parent: Surface(name=WindowToken{abeb61a type=2019 android.os.BinderProxy@2cf173c})/@0x22a599, destroy=false, surface=Surface(name=6146b28 NavigationBar0)/@0x1b76ee0
12-22 20:59:19.180  1423  4812 I WindowManager: Reparenting to leash, surface=Surface(name=6146b28 NavigationBar0)/@0x1b76ee0, leashParent=Surface(name=WindowToken{abeb61a type=2019 android.os.BinderProxy@2cf173c})/@0x22a599
12-22 20:59:19.180  1423  4812 D WindowManager: makeSurface duration=0 leash=Surface(name=Surface(name=6146b28 NavigationBar0)/@0x1b76ee0 - animation-leash of insets_animation)/@0x2068762
12-22 20:59:19.180  1423  4812 I WindowManager: Cancelling animation restarting=false, leash=Surface(name=Surface(name=88c439 StatusBar)/@0x6820c3f - animation-leash of insets_animation)/@0x24f757a
12-22 20:59:19.180  1423  4812 I WindowManager: Reparenting to original parent: Surface(name=WindowToken{9be6400 type=2000 android.os.BinderProxy@ec85d32})/@0xcd4990c, destroy=false, surface=Surface(name=88c439 StatusBar)/@0x6820c3f
12-22 20:59:19.180  1423  4812 D WindowManager: updateSystemBarAttributes: displayId=0, focusedCanBeNavColorWin=false, win=Window{f704bfc u0 com.termux/com.termux.app.TermuxActivity}, navColorWin=null, caller=com.android.server.wm.WindowManagerService.updateFocusedWindowLocked:372 com.android.server.wm.WindowManagerService.relayoutWindow:1359 com.android.server.wm.Session.relayout:27 
12-22 20:59:19.180  1423  4812 D WindowManager: updateSystemBarAttributes, bhv=1, apr=0, statusBarAprRegions=[], requestedVisibilities=-9
12-22 20:59:19.181  1423  4812 I WindowManager: Relayout hash=f704bfc, pid=22381, syncId=-1: mAttrs={(0,0)(fillxfill) sim={adjust=resize} ty=BASE_APPLICATION wanim=0x1030317
12-22 20:59:19.181  1423  4812 I WindowManager:   fl=8d810100
12-22 20:59:19.181  1423  4812 I WindowManager:   pfl=10008040
12-22 20:59:19.181  1423  4812 I WindowManager:   vsysui=700
12-22 20:59:19.181  1423  4812 I WindowManager:   bhv=1
12-22 20:59:19.181  1423  4812 I WindowManager:   fitSides=0
12-22 20:59:19.181  1423  4812 I WindowManager:   frameRateBoostOnTouch=true
12-22 20:59:19.181  1423  4812 I WindowManager:   dvrrWindowFrameRateHint=true naviIconColor=0}
12-22 20:59:19.181  1423  4800 I WindowManager: Relayout Window{2044d8a u0 com.google.android.googlequicksearchbox/com.google.android.apps.search.assistant.surfaces.voice.robin.main.MainActivity}: viewVisibility=8 req=1080x1260 ty=1 d0
12-22 20:59:19.181  1423  4800 I WindowManager: Waiting for transition
12-22 20:59:19.182  1423  4800 I WindowManager: Relayout hash=2044d8a, pid=14008, syncId=-1: mAttrs={(0,0)(fillxfill) sim={adjust=resize forwardNavigation} layoutInDisplayCutoutMode=always ty=BASE_APPLICATION wanim=0x1030317
12-22 20:59:19.182  1423  4800 I WindowManager:   fl=80810100
12-22 20:59:19.182  1423  4800 I WindowManager:   pfl=10008840
12-22 20:59:19.182  1423  4800 I WindowManager:   bhv=1
12-22 20:59:19.182  1423  4800 I WindowManager:   fitSides=0
12-22 20:59:19.182  1423  4800 I WindowManager:   frameRateBoostOnTouch=true
12-22 20:59:19.182  1423  4800 I WindowManager:   dvrrWindowFrameRateHint=true naviIconColor=0}
12-22 20:59:19.188  1423  2220 D WindowManager: finishDrawingWindow: Window{64185e1 u0 com.sec.android.app.launcher/com.sec.android.app.launcher.activities.LauncherActivity} mDrawState=DRAW_PENDING seqId=0
12-22 20:59:19.190  1423  1550 I WindowManager: Waiting for transition
12-22 20:59:19.191  1423  1550 I WindowManager: Waiting for transition
12-22 20:59:19.199  1423  1549 D WindowManager: onStateChanged, state=3
12-22 20:59:19.200  1423  2697 D WindowManager: finishDrawingWindow: Window{f704bfc u0 com.termux/com.termux.app.TermuxActivity} mDrawState=DRAW_PENDING seqId=0
12-22 20:59:19.203  1423  1550 D WindowManager: All windows drawn!
12-22 20:59:19.204  1423  1550 I WindowManager: Reparenting to leash, surface=Surface(name=88c439 StatusBar)/@0x6820c3f, leashParent=Surface(name=WindowToken{9be6400 type=2000 android.os.BinderProxy@ec85d32})/@0xcd4990c
12-22 20:59:19.204  1423  1550 D WindowManager: makeSurface duration=0 leash=Surface(name=Surface(name=88c439 StatusBar)/@0x6820c3f - animation-leash of insets_animation)/@0x5a55ec2
12-22 20:59:19.204  1423  1550 D WindowManager: updateSystemBarAttributes: displayId=0, focusedCanBeNavColorWin=false, win=Window{f704bfc u0 com.termux/com.termux.app.TermuxActivity}, navColorWin=Window{64185e1 u0 com.sec.android.app.launcher/com.sec.android.app.launcher.activities.LauncherActivity}, caller=com.android.server.wm.DisplayPolicy.finishPostLayoutPolicyLw:17 com.android.server.wm.RootWindowContainer.applySurfaceChangesTransaction$1:195 com.android.server.wm.RootWindowContainer.performSurfacePlacementNoTrace:86 
12-22 20:59:19.204  1423  1550 D WindowManager: updateSystemBarAttributes, bhv=1, apr=0, statusBarAprRegions=[AppearanceRegion{ bounds=[0,0][1080,2520]}], requestedVisibilities=-9
12-22 20:59:19.205  1423  1547 D WindowManager: finishScreenTurningOn: mAwake=true, mScreenOnEarly=true, mScreenOnFully=false, mKeyguardDrawComplete=true, mWindowManagerDrawComplete=true
12-22 20:59:19.208  2022  2106 D ViewRootImpl: desktopMode is false
12-22 20:59:19.209  2022  2106 I ViewRootImpl: dVRR is disabled
12-22 20:59:19.209  1423  2697 D InputDispatcher: Once focus requested (0): f704bfc com.termux/com.termux.app.TermuxActivity
12-22 20:59:19.209  1423  2697 D InputDispatcher: Focus request (0): f704bfc com.termux/com.termux.app.TermuxActivity but waiting because NOT_VISIBLE
12-22 20:59:19.221  1423  2109 W WindowManager: Cannot find window which accessibility connection is added to
12-22 20:59:19.232  1423  1474 W WindowManager: Failed looking up window session=Session{eef2b83 2022:u0a10055} callers=com.android.server.wm.Session.remove:10 android.view.IWindowSession$Stub.onTransact:804 com.android.server.wm.Session.onTransact:1 
12-22 20:59:19.233  1423  2220 W WindowManager: Failed looking up window session=Session{eef2b83 2022:u0a10055} callers=com.android.server.wm.Session.remove:10 android.view.IWindowSession$Stub.onTransact:804 com.android.server.wm.Session.onTransact:1 
12-22 20:59:19.239  1423  2934 D InputDispatcher: Focus entered window (0): f704bfc com.termux/com.termux.app.TermuxActivity
12-22 20:59:19.252  1423  2934 E InputDispatcher: Embedded{TaskInputSink of Surface(name=Decor container of Task=19260)/@0xd898151} has feature NO_INPUT_WINDOW, but a non-null token. Clearing
12-22 20:59:19.258  1423  4808 I WindowManager: Relayout Window{5a7dcc6 u0 com.android.systemui.wallpapers.ImageWallpaper}: viewVisibility=0 req=2486x2520 ty=2013 d0
12-22 20:59:19.262  1423  1547 D WindowManager: DeferredDisplayUpdater: partially applying DisplayInfo(1080 x 2520) immediately
12-22 20:59:19.263  1423  4808 I WindowManager: Relayout hash=5a7dcc6, pid=2022, syncId=-1: mAttrs={(0,0)(2486x2520) gr=TOP START CENTER layoutInDisplayCutoutMode=always ty=WALLPAPER fmt=RGBX_8888 wanim=0x1030328
12-22 20:59:19.263  1423  4808 I WindowManager:   fl=14318
12-22 20:59:19.263  1423  4808 I WindowManager:   pfl=14
12-22 20:59:19.263  1423  4808 I WindowManager:   bhv=1
12-22 20:59:19.263  1423  4808 I WindowManager:   frameRateBoostOnTouch=true
12-22 20:59:19.263  1423  4808 I WindowManager:   dvrrWindowFrameRateHint=true naviIconColor=0
12-22 20:59:19.263  1423  4808 I WindowManager:   sfl=8}
12-22 20:59:19.264  1423  1754 D InputMethodManagerService: isImeSwitcherDisabledPackage : false
12-22 20:59:19.264  1423  1754 D InputMethodManagerService: shouldShowImeSwitcherLocked : checking vis : 3
12-22 20:59:19.264  1423  1754 D InputMethodManagerService: checkDisplayOfStartInputAndUpdateKeyboard: displayId=0, mFocusedDisplayId=0
12-22 20:59:19.264  1423  1754 D InputMethodManagerService: ACCESS_CONTROL_ENABLED = false, ACCESS_CONTROL_KEYBOARD_BLOCK = true
12-22 20:59:19.265  1423  1754 I ActivityManager: Changes in 10332 7 to 5, 128 to 255
12-22 20:59:19.266  1423  1754 I InputMethodManagerService: attachNewInputLocked: showCurrentInputInternal, softInputModeState=STATE_UNSPECIFIED|ADJUST_RESIZE
12-22 20:59:19.266  1423  4812 I InputMethodManagerService: isAccessoryKeyboard 0
12-22 20:59:19.267  1423  1855 I InputMethodManagerService: isAccessoryKeyboard 0
12-22 20:59:19.268  1423  2934 D WindowManager: finishDrawingWindow: Window{5a7dcc6 u0 com.android.systemui.wallpapers.ImageWallpaper} mDrawState=HAS_DRAWN seqId=2147483647
12-22 20:59:19.269  1423  4800 D WindowManager: updateSystemBarAttributes: displayId=0, focusedCanBeNavColorWin=false, win=Window{f704bfc u0 com.termux/com.termux.app.TermuxActivity}, navColorWin=Window{64185e1 u0 com.sec.android.app.launcher/com.sec.android.app.launcher.activities.LauncherActivity}, caller=com.android.server.wm.InsetsStateController.onRequestedVisibleTypesChanged:86 com.android.server.wm.WindowManagerService.updateDisplayWindowRequestedVisibleTypes:148 android.view.IWindowManager$Stub.onTransact:3601 
12-22 20:59:19.269  1423  4800 D WindowManager: updateSystemBarAttributes, bhv=1, apr=0, statusBarAprRegions=[AppearanceRegion{ bounds=[0,0][1080,2520]}], requestedVisibilities=-1
12-22 20:59:19.276  1423  2071 I WindowManager: Relayout Window{e382cc2 u0 SubLauncherWindow}: viewVisibility=8 req=1422x1500 ty=1000 d1
12-22 20:59:19.280  1423  2071 I WindowManager: Relayout hash=e382cc2, pid=2022, syncId=-1: mAttrs={(0,0)(fillxfill) sim={adjust=resize} layoutInDisplayCutoutMode=always ty=APPLICATION_PANEL fmt=TRANSLUCENT if=INPUT_FEATURE_DISABLE_USER_ACTIVITY
12-22 20:59:19.280  1423  2071 I WindowManager:   fl=81080278
12-22 20:59:19.280  1423  2071 I WindowManager:   vsysui=1600400
12-22 20:59:19.280  1423  2071 I WindowManager:   bhv=1
12-22 20:59:19.280  1423  2071 I WindowManager:   fitTypes=206
12-22 20:59:19.280  1423  2071 I WindowManager:   frameRateBoostOnTouch=true
12-22 20:59:19.280  1423  2071 I WindowManager:   dvrrWindowFrameRateHint=true naviIconColor=0}
12-22 20:59:19.280  1423  2934 D InputMethodManagerService: isImeSwitcherDisabledPackage : false
12-22 20:59:19.280  1423  2934 D InputMethodManagerService: shouldShowImeSwitcherLocked : checking vis : 3
12-22 20:59:19.281  1423  2934 I InputMethodManagerService: setImeWindowStatus: vis=3, backDisposition=0
12-22 20:59:19.284  1423  1549 D InputMethodManagerService: ACCESS_CONTROL_ENABLED = false, ACCESS_CONTROL_KEYBOARD_BLOCK = true
12-22 20:59:19.285  1423  2071 I WindowManager: Relayout Window{f748235 u0 InputMethod}: viewVisibility=0 req=1080x2404 ty=2011 d0
12-22 20:59:19.285  1423  2071 D WindowManager: makeSurface duration=0 name=InputMethod$_4255
12-22 20:59:19.286  1423  2071 I WindowManager: Relayout hash=f748235, pid=4255, syncId=-1: mAttrs={(0,0)(fillxfill) gr=BOTTOM CENTER_VERTICAL sim={adjust=pan} ty=INPUT_METHOD fmt=TRANSPARENT wanim=0x1030056 preferredMinDisplayRefreshRate=60.0 receive insets ignoring z-order
12-22 20:59:19.286  1423  2071 I WindowManager:   fl=81800108
12-22 20:59:19.286  1423  2071 I WindowManager:   pfl=14000000
12-22 20:59:19.286  1423  2071 I WindowManager:   bhv=1
12-22 20:59:19.286  1423  2071 I WindowManager:   fitTypes=3
12-22 20:59:19.286  1423  2071 I WindowManager:   fitSides=7
12-22 20:59:19.286  1423  2071 I WindowManager:   fitIgnoreVis
12-22 20:59:19.286  1423  2071 I WindowManager:   dvrrWindowFrameRateHint=true
12-22 20:59:19.286  1423  2071 I WindowManager:  dimAmount=0.18 dimDuration=150 naviIconColor=0}
12-22 20:59:19.286  1423  1547 D WindowManager: DeferredDisplayUpdater: partially applying DisplayInfo(1080 x 2520) immediately
12-22 20:59:19.288  1423  2784 I WindowManager: Relayout Window{9a3d1c6 u0 com.android.systemui/com.android.systemui.subscreen.SubHomeActivity}: viewVisibility=8 req=1422x1500 ty=1 d1
12-22 20:59:19.289  1423  2784 I WindowManager: Relayout hash=9a3d1c6, pid=2022, syncId=-1: mAttrs={(0,0)(fillxfill) sim={adjust=pan forwardNavigation} layoutInDisplayCutoutMode=always ty=BASE_APPLICATION fmt=TRANSPARENT if=INPUT_FEATURE_DISABLE_USER_ACTIVITY userActivityTimeout=30000
12-22 20:59:19.289  1423  2784 I WindowManager:   fl=81910100
12-22 20:59:19.289  1423  2784 I WindowManager:   pfl=10008850
12-22 20:59:19.289  1423  2784 I WindowManager:   vsysui=1600000
12-22 20:59:19.289  1423  2784 I WindowManager:   bhv=1
12-22 20:59:19.289  1423  2784 I WindowManager:   fitSides=0
12-22 20:59:19.289  1423  2784 I WindowManager:   frameRateBoostOnTouch=true
12-22 20:59:19.289  1423  2784 I WindowManager:   dvrrWindowFrameRateHint=true screenDimDuration=0 naviIconColor=0}
12-22 20:59:19.290  1423  2934 D WindowManager: setInsetsWindow Window{f748235 u0 InputMethod}, contentInsets=Rect(0, 2329 - 0, 0) -> Rect(0, 1904 - 0, 0), visibleInsets=Rect(0, 2329 - 0, 0) -> Rect(0, 1904 - 0, 0), touchableRegion=SkRegion() -> SkRegion((0,1904,1080,2404)), touchableInsets 3 -> 3
12-22 20:59:19.293  1423  2697 E WindowManager: win=Window{e382cc2 u0 SubLauncherWindow} destroySurfaces: appStopped=true cleanupOnResume=false win.mWindowRemovalAllowed=false win.mRemoveOnExit=false win.mViewVisibility=8 caller=com.android.server.wm.WindowState.destroySurface:24 com.android.server.wm.ActivityRecord.destroySurfaces:25 com.android.server.wm.ActivityRecord.activityStopped:192 com.android.server.wm.ActivityClientController.activityStopped:97 android.app.IActivityClientController$Stub.onTransact:726 com.android.server.wm.ActivityClientController.onTransact:1 android.os.Binder.execTransactInternal:1462 
12-22 20:59:19.294  1423  2697 E WindowManager: win=Window{9a3d1c6 u0 com.android.systemui/com.android.systemui.subscreen.SubHomeActivity} destroySurfaces: appStopped=true cleanupOnResume=false win.mWindowRemovalAllowed=false win.mRemoveOnExit=false win.mViewVisibility=8 caller=com.android.server.wm.ActivityRecord.destroySurfaces:25 com.android.server.wm.ActivityRecord.activityStopped:192 com.android.server.wm.ActivityClientController.activityStopped:97 android.app.IActivityClientController$Stub.onTransact:726 com.android.server.wm.ActivityClientController.onTransact:1 android.os.Binder.execTransactInternal:1462 android.os.Binder.execTransact:1401 
12-22 20:59:19.295  1423  4800 I WindowManager: Relayout Window{5a7dcc6 u0 com.android.systemui.wallpapers.ImageWallpaper}: viewVisibility=0 req=2486x2520 ty=2013 d0
12-22 20:59:19.297  1423  1473 I InputMethodManagerService: isAccessoryKeyboard 0
12-22 20:59:19.298  1423  4794 I InputMethodManagerService: isAccessoryKeyboard 0
12-22 20:59:19.298  1423  4800 I WindowManager: Relayout hash=5a7dcc6, pid=2022, syncId=-1: mAttrs={(0,0)(2486x2520) gr=TOP START CENTER layoutInDisplayCutoutMode=always ty=WALLPAPER fmt=RGBX_8888 wanim=0x1030328
12-22 20:59:19.298  1423  4800 I WindowManager:   fl=14318
12-22 20:59:19.298  1423  4800 I WindowManager:   pfl=14
12-22 20:59:19.298  1423  4800 I WindowManager:   bhv=1
12-22 20:59:19.298  1423  4800 I WindowManager:   frameRateBoostOnTouch=true
12-22 20:59:19.298  1423  4800 I WindowManager:   dvrrWindowFrameRateHint=true naviIconColor=0
12-22 20:59:19.298  1423  4800 I WindowManager:   sfl=8}
12-22 20:59:19.298  1423  2071 D WindowManager: finishDrawingWindow: Window{f748235 u0 InputMethod} mDrawState=DRAW_PENDING seqId=0
12-22 20:59:19.312  1423  2697 I WindowManager: Relayout Window{5a7dcc6 u0 com.android.systemui.wallpapers.ImageWallpaper}: viewVisibility=0 req=2486x2520 ty=2013 d0
12-22 20:59:19.313  1423  2697 I WindowManager: Relayout hash=5a7dcc6, pid=2022, syncId=-1: mAttrs={(0,0)(2486x2520) gr=TOP START CENTER layoutInDisplayCutoutMode=always ty=WALLPAPER fmt=RGBX_8888 wanim=0x1030328
12-22 20:59:19.313  1423  2697 I WindowManager:   fl=14318
12-22 20:59:19.313  1423  2697 I WindowManager:   pfl=14
12-22 20:59:19.313  1423  2697 I WindowManager:   bhv=1
12-22 20:59:19.313  1423  2697 I WindowManager:   frameRateBoostOnTouch=true
12-22 20:59:19.313  1423  2697 I WindowManager:   dvrrWindowFrameRateHint=true naviIconColor=0
12-22 20:59:19.313  1423  2697 I WindowManager:   sfl=8}
12-22 20:59:19.313  1423  4794 I WindowManager: Relayout Window{5a7dcc6 u0 com.android.systemui.wallpapers.ImageWallpaper}: viewVisibility=0 req=2486x2520 ty=2013 d0
12-22 20:59:19.314  1423  1473 D WindowManager: finishDrawingWindow: Window{f748235 u0 InputMethod} mDrawState=HAS_DRAWN seqId=0
12-22 20:59:19.315  1423  4794 I WindowManager: Relayout hash=5a7dcc6, pid=2022, syncId=-1: mAttrs={(0,0)(2486x2520) gr=TOP START CENTER layoutInDisplayCutoutMode=always ty=WALLPAPER fmt=RGBX_8888 wanim=0x1030328
12-22 20:59:19.315  1423  4794 I WindowManager:   fl=14318
12-22 20:59:19.315  1423  4794 I WindowManager:   pfl=14
12-22 20:59:19.315  1423  4794 I WindowManager:   bhv=1
12-22 20:59:19.315  1423  4794 I WindowManager:   frameRateBoostOnTouch=true
12-22 20:59:19.315  1423  4794 I WindowManager:   dvrrWindowFrameRateHint=true naviIconColor=0
12-22 20:59:19.315  1423  4794 I WindowManager:   sfl=8}
12-22 20:59:19.316  1423  1547 D WindowManager: DeferredDisplayUpdater: partially applying DisplayInfo(1080 x 2520) immediately
12-22 20:59:19.347  1423  1473 I WindowManager: Relayout Window{e382cc2 u0 SubLauncherWindow}: viewVisibility=8 req=1422x1500 ty=1000 d1
12-22 20:59:19.348  1423  1473 I WindowManager: Relayout hash=e382cc2, pid=2022, syncId=-1: mAttrs={(0,0)(fillxfill) sim={adjust=pan} layoutInDisplayCutoutMode=always ty=APPLICATION_PANEL fmt=TRANSLUCENT if=INPUT_FEATURE_DISABLE_USER_ACTIVITY
12-22 20:59:19.348  1423  1473 I WindowManager:   fl=81080278
12-22 20:59:19.348  1423  1473 I WindowManager:   vsysui=1600400
12-22 20:59:19.348  1423  1473 I WindowManager:   bhv=1
12-22 20:59:19.348  1423  1473 I WindowManager:   fitTypes=206
12-22 20:59:19.348  1423  1473 I WindowManager:   frameRateBoostOnTouch=true
12-22 20:59:19.348  1423  1473 I WindowManager:   dvrrWindowFrameRateHint=true naviIconColor=0}
12-22 20:59:19.634  1423  1547 D WindowManager: DeferredDisplayUpdater: partially applying DisplayInfo(1080 x 2520) immediately
12-22 20:59:19.638  1423  2220 I ActivityManager: Changes in 10053 15 to 6, 0 to 128
12-22 20:59:19.836  1423  1423 I WindowManager: getCoverScreenRotation 0, sensor= 0, isFlat=false, isDual=false
12-22 20:59:20.145  7845  7845 I WindowManager: WindowManagerGlobal#removeView, ty=2032, view=android.widget.FrameLayout{d4e1542 VFE...C.. ........ 0,0-63,63}, caller=android.view.WindowManagerGlobal.removeView:654 android.view.WindowManagerImpl.removeView:211 com.example.quadrantlauncher.FloatingLauncherService.performDisplayChange:1054 
12-22 20:59:20.176  7845  7845 I WindowManager: WindowManagerGlobal#addView, ty=2032, view=android.widget.FrameLayout{61f4511 VFE...C.. ......I. 0,0-0,0}, caller=android.view.WindowManagerImpl.addView:158 com.example.quadrantlauncher.FloatingLauncherService.setupBubble:607 com.example.quadrantlauncher.FloatingLauncherService.performDisplayChange:1071 
12-22 20:59:20.178  7845  7845 D ViewRootImpl: desktopMode is false
12-22 20:59:20.178  7845  7845 I ViewRootImpl: dVRR is disabled
12-22 20:59:20.217  1423  4794 I WindowManager: Relayout Window{29eb9ea u0 com.katsuyamaki.DroidOSLauncher}: viewVisibility=0 req=63x63 ty=2032 d0
12-22 20:59:20.218  1423  4794 D WindowManager: makeSurface duration=0 name=$_7845
12-22 20:59:20.220  1423  4794 I WindowManager: Relayout hash=29eb9ea, pid=7845, syncId=-1: mAttrs={(50,200)(wrapxwrap) gr=TOP START CENTER sim={adjust=pan} ty=ACCESSIBILITY_OVERLAY fmt=TRANSLUCENT
12-22 20:59:20.220  1423  4794 I WindowManager:   fl=1040308
12-22 20:59:20.220  1423  4794 I WindowManager:   bhv=1
12-22 20:59:20.220  1423  4794 I WindowManager:   fitTypes=206
12-22 20:59:20.220  1423  4794 I WindowManager:   frameRateBoostOnTouch=true
12-22 20:59:20.220  1423  4794 I WindowManager:   dvrrWindowFrameRateHint=true naviIconColor=0}
12-22 20:59:20.255  1423  4794 D WindowManager: finishDrawingWindow: Window{29eb9ea u0 com.katsuyamaki.DroidOSLauncher} mDrawState=DRAW_PENDING seqId=0
12-22 20:59:20.258  1423  4794 E InputDispatcher: Embedded{TaskInputSink of Surface(name=Decor container of Task=19260)/@0xd898151} has feature NO_INPUT_WINDOW, but a non-null token. Clearing
12-22 20:59:20.283  1423  1547 D WindowManager: DeferredDisplayUpdater: partially applying DisplayInfo(1080 x 2520) immediately
12-22 20:59:21.847  1423  1554 I ActivityManager: Changes in 5009 5 to 6, 144 to 128
12-22 20:59:21.859  1423  1554 I ActivityManager: Changes in 10333 6 to 15, 128 to 0
12-22 20:59:22.304  1423  1423 D InputDispatcher: Inject motion (0/0): action=0x0, time=33721904093000, f=0x0, d=0 dsdx=1.000000 dtdx=0.000000
12-22 20:59:22.305  1423  1695 I InputDispatcher: Delivering touch to (7845): action: 0x4, f=0x0, d=0, '29eb9ea', t=1 
12-22 20:59:22.305  1423  1695 I InputDispatcher: Delivering touch to (2022): action: 0x4, f=0x0, d=0, '6146b28', t=1 
12-22 20:59:22.305  1423  1695 I InputDispatcher: Delivering touch to (22381): action: 0x0, f=0x0, d=0, 'f704bfc', t=1 +(0,-116)
12-22 20:59:22.331  1423  2220 E InputDispatcher: Embedded{TaskInputSink of Surface(name=Decor container of Task=19260)/@0xd898151} has feature NO_INPUT_WINDOW, but a non-null token. Clearing
12-22 20:59:22.334  1423  1547 D WindowManager: DeferredDisplayUpdater: partially applying DisplayInfo(1080 x 2520) immediately
12-22 20:59:22.383  1423  1423 D InputDispatcher: Inject motion (0/0): action=0x1, time=33721986802000, f=0x0, d=0 dsdx=1.000000 dtdx=0.000000
12-22 20:59:22.383  1423  1695 I InputDispatcher: Delivering touch to (22381): action: 0x1, f=0x0, d=0, 'f704bfc', t=1 +(0,-116)
12-22 20:59:23.270  1423  1423 D InputDispatcher: Inject motion (0/0): action=0x0, time=33722870090000, f=0x0, d=0 dsdx=1.000000 dtdx=0.000000
12-22 20:59:23.270  1423  1695 I InputDispatcher: Delivering touch to (7845): action: 0x4, f=0x0, d=0, '29eb9ea', t=1 
12-22 20:59:23.270  1423  1695 I InputDispatcher: Delivering touch to (2022): action: 0x4, f=0x0, d=0, '6146b28', t=1 
12-22 20:59:23.270  1423  1695 I InputDispatcher: Delivering touch to (4255): action: 0x0, f=0x0, d=0, 'f748235', t=1 +(0,-116)
